

================================================================
== Vivado HLS Report for 'dense_latency_ap_fixed_ap_fixed_16_6_5_3_0_config11_0_0_0_0_0_0'
================================================================
* Date:           Fri Sep 22 02:21:54 2023

* Version:        2019.2 (Build 2704478 on Wed Nov 06 22:10:23 MST 2019)
* Project:        myproject_prj
* Solution:       solution1
* Product family: virtexuplus
* Target device:  xcu250-figd2104-2L-e


================================================================
== Performance Estimates
================================================================
+ Timing: 
    * Summary: 
    +--------+---------+----------+------------+
    |  Clock |  Target | Estimated| Uncertainty|
    +--------+---------+----------+------------+
    |ap_clk  | 5.00 ns | 3.965 ns |   0.62 ns  |
    +--------+---------+----------+------------+

+ Latency: 
    * Summary: 
    +---------+---------+----------+----------+-----+-----+----------+
    |  Latency (cycles) |  Latency (absolute) |  Interval | Pipeline |
    |   min   |   max   |    min   |    max   | min | max |   Type   |
    +---------+---------+----------+----------+-----+-----+----------+
    |        0|        0|   0 ns   |   0 ns   |    1|    1| function |
    +---------+---------+----------+----------+-----+-----+----------+

    + Detail: 
        * Instance: 
        N/A

        * Loop: 
        N/A



================================================================
== Utilization Estimates
================================================================
* Summary: 
+---------------------+---------+-------+---------+---------+------+
|         Name        | BRAM_18K| DSP48E|    FF   |   LUT   | URAM |
+---------------------+---------+-------+---------+---------+------+
|DSP                  |        -|      -|        -|        -|     -|
|Expression           |        -|     36|        0|      918|     -|
|FIFO                 |        -|      -|        -|        -|     -|
|Instance             |        -|      -|        -|        -|     -|
|Memory               |        -|      -|        -|        -|     -|
|Multiplexer          |        -|      -|        -|        -|     -|
|Register             |        -|      -|        -|        -|     -|
+---------------------+---------+-------+---------+---------+------+
|Total                |        0|     36|        0|      918|     0|
+---------------------+---------+-------+---------+---------+------+
|Available SLR        |     1344|   3072|   864000|   432000|   320|
+---------------------+---------+-------+---------+---------+------+
|Utilization SLR (%)  |        0|      1|        0|    ~0   |     0|
+---------------------+---------+-------+---------+---------+------+
|Available            |     5376|  12288|  3456000|  1728000|  1280|
+---------------------+---------+-------+---------+---------+------+
|Utilization (%)      |        0|   ~0  |        0|    ~0   |     0|
+---------------------+---------+-------+---------+---------+------+

+ Detail: 
    * Instance: 
    N/A

    * DSP48E: 
    N/A

    * Memory: 
    N/A

    * FIFO: 
    N/A

    * Expression: 
    +-------------------------+----------+-------+---+----+------------+------------+
    |      Variable Name      | Operation| DSP48E| FF| LUT| Bitwidth P0| Bitwidth P1|
    +-------------------------+----------+-------+---+----+------------+------------+
    |mul_ln1118_10_fu_310_p2  |     *    |      1|  0|   5|          16|           9|
    |mul_ln1118_11_fu_326_p2  |     *    |      1|  0|   5|          16|          11|
    |mul_ln1118_12_fu_314_p2  |     *    |      1|  0|   5|          16|          11|
    |mul_ln1118_13_fu_343_p2  |     *    |      1|  0|   5|          16|          10|
    |mul_ln1118_14_fu_336_p2  |     *    |      1|  0|   5|          16|          12|
    |mul_ln1118_15_fu_317_p2  |     *    |      1|  0|   5|          16|           9|
    |mul_ln1118_16_fu_333_p2  |     *    |      1|  0|   5|          16|          12|
    |mul_ln1118_17_fu_331_p2  |     *    |      1|  0|   5|          16|          11|
    |mul_ln1118_18_fu_320_p2  |     *    |      1|  0|   5|          16|          10|
    |mul_ln1118_19_fu_316_p2  |     *    |      1|  0|   5|          16|          11|
    |mul_ln1118_20_fu_337_p2  |     *    |      1|  0|   5|          16|          11|
    |mul_ln1118_21_fu_329_p2  |     *    |      1|  0|   5|          16|          10|
    |mul_ln1118_22_fu_324_p2  |     *    |      1|  0|   5|          16|           9|
    |mul_ln1118_23_fu_338_p2  |     *    |      1|  0|   5|          16|          12|
    |mul_ln1118_24_fu_327_p2  |     *    |      1|  0|   5|          16|           8|
    |mul_ln1118_25_fu_335_p2  |     *    |      1|  0|   5|          16|          12|
    |mul_ln1118_26_fu_328_p2  |     *    |      1|  0|   5|          16|           8|
    |mul_ln1118_27_fu_325_p2  |     *    |      1|  0|   5|          16|          11|
    |mul_ln1118_28_fu_342_p2  |     *    |      1|  0|   5|          16|          11|
    |mul_ln1118_29_fu_307_p2  |     *    |      1|  0|   5|          16|          11|
    |mul_ln1118_30_fu_332_p2  |     *    |      1|  0|   5|          16|          12|
    |mul_ln1118_31_fu_315_p2  |     *    |      1|  0|   5|          16|          10|
    |mul_ln1118_32_fu_319_p2  |     *    |      1|  0|   5|          16|          12|
    |mul_ln1118_33_fu_340_p2  |     *    |      1|  0|   5|          16|          11|
    |mul_ln1118_34_fu_313_p2  |     *    |      1|  0|   5|          16|          10|
    |mul_ln1118_35_fu_309_p2  |     *    |      1|  0|   5|          16|          10|
    |mul_ln1118_36_fu_308_p2  |     *    |      1|  0|   5|          16|          11|
    |mul_ln1118_37_fu_306_p2  |     *    |      1|  0|   5|          16|          11|
    |mul_ln1118_38_fu_322_p2  |     *    |      1|  0|   5|          16|          10|
    |mul_ln1118_39_fu_311_p2  |     *    |      1|  0|   5|          16|          11|
    |mul_ln1118_5_fu_318_p2   |     *    |      1|  0|   5|          16|          10|
    |mul_ln1118_6_fu_304_p2   |     *    |      1|  0|   5|          16|          12|
    |mul_ln1118_7_fu_334_p2   |     *    |      1|  0|   5|          16|          12|
    |mul_ln1118_8_fu_305_p2   |     *    |      1|  0|   5|          16|          11|
    |mul_ln1118_9_fu_330_p2   |     *    |      1|  0|   5|          16|          11|
    |mul_ln1118_fu_321_p2     |     *    |      1|  0|   5|          16|          12|
    |acc_1_V_fu_7097_p2       |     +    |      0|  0|  16|          16|          16|
    |acc_2_V_fu_7127_p2       |     +    |      0|  0|  16|          16|          16|
    |acc_3_V_fu_7193_p2       |     +    |      0|  0|  16|          16|          16|
    |acc_4_V_fu_7253_p2       |     +    |      0|  0|  16|          16|          16|
    |add_ln1118_fu_6386_p2    |     +    |      0|  0|  26|          26|          26|
    |add_ln703_10_fu_7079_p2  |     +    |      0|  0|  16|          16|          16|
    |add_ln703_11_fu_7085_p2  |     +    |      0|  0|  16|          16|          10|
    |add_ln703_12_fu_7091_p2  |     +    |      0|  0|  16|          16|          16|
    |add_ln703_14_fu_7103_p2  |     +    |      0|  0|  16|          16|          16|
    |add_ln703_15_fu_7109_p2  |     +    |      0|  0|  16|          16|          16|
    |add_ln703_16_fu_7115_p2  |     +    |      0|  0|  16|          16|           6|
    |add_ln703_17_fu_7121_p2  |     +    |      0|  0|  16|          16|          16|
    |add_ln703_19_fu_7133_p2  |     +    |      0|  0|  16|          16|          16|
    |add_ln703_1_fu_7025_p2   |     +    |      0|  0|  16|          16|          16|
    |add_ln703_20_fu_7139_p2  |     +    |      0|  0|  16|          16|          16|
    |add_ln703_21_fu_7145_p2  |     +    |      0|  0|  16|          16|          16|
    |add_ln703_22_fu_7151_p2  |     +    |      0|  0|  16|          16|          16|
    |add_ln703_23_fu_7157_p2  |     +    |      0|  0|  16|          16|          16|
    |add_ln703_24_fu_7163_p2  |     +    |      0|  0|  16|          16|          16|
    |add_ln703_25_fu_7169_p2  |     +    |      0|  0|  16|          16|          16|
    |add_ln703_26_fu_7175_p2  |     +    |      0|  0|  16|          16|           9|
    |add_ln703_27_fu_7181_p2  |     +    |      0|  0|  16|          16|          16|
    |add_ln703_28_fu_7187_p2  |     +    |      0|  0|  16|          16|          16|
    |add_ln703_2_fu_7031_p2   |     +    |      0|  0|  16|          16|          16|
    |add_ln703_30_fu_7199_p2  |     +    |      0|  0|  16|          16|          16|
    |add_ln703_31_fu_7205_p2  |     +    |      0|  0|  16|          16|          16|
    |add_ln703_32_fu_7211_p2  |     +    |      0|  0|  16|          16|          16|
    |add_ln703_33_fu_7217_p2  |     +    |      0|  0|  16|          16|          16|
    |add_ln703_34_fu_7223_p2  |     +    |      0|  0|  16|          16|          16|
    |add_ln703_35_fu_7229_p2  |     +    |      0|  0|  16|          16|          16|
    |add_ln703_36_fu_7235_p2  |     +    |      0|  0|  16|          16|           9|
    |add_ln703_37_fu_7241_p2  |     +    |      0|  0|  16|          16|          16|
    |add_ln703_38_fu_7247_p2  |     +    |      0|  0|  16|          16|          16|
    |add_ln703_3_fu_7037_p2   |     +    |      0|  0|  16|          16|          16|
    |add_ln703_4_fu_7043_p2   |     +    |      0|  0|  16|          16|          16|
    |add_ln703_5_fu_7049_p2   |     +    |      0|  0|  16|          16|           8|
    |add_ln703_6_fu_7055_p2   |     +    |      0|  0|  16|          16|          16|
    |add_ln703_7_fu_7061_p2   |     +    |      0|  0|  16|          16|          16|
    |add_ln703_8_fu_7067_p2   |     +    |      0|  0|  16|          16|          16|
    |add_ln703_9_fu_7073_p2   |     +    |      0|  0|  16|          16|          16|
    |add_ln703_fu_7019_p2     |     +    |      0|  0|  16|          16|          16|
    |sub_ln1118_1_fu_6611_p2  |     -    |      0|  0|  20|          20|          20|
    |sub_ln1118_2_fu_6709_p2  |     -    |      0|  0|  16|          26|          26|
    |sub_ln1118_3_fu_6886_p2  |     -    |      0|  0|  20|          20|          20|
    |sub_ln1118_fu_6691_p2    |     -    |      0|  0|  16|           1|          26|
    +-------------------------+----------+-------+---+----+------------+------------+
    |Total                    |          |     36|  0| 918|        1309|        1105|
    +-------------------------+----------+-------+---+----+------------+------------+

    * Multiplexer: 
    N/A

    * Register: 
    N/A



================================================================
== Interface
================================================================
* Summary: 
+----------------+-----+-----+------------+-------------------------------------------------------------------+--------------+
|    RTL Ports   | Dir | Bits|  Protocol  |                           Source Object                           |    C Type    |
+----------------+-----+-----+------------+-------------------------------------------------------------------+--------------+
|ap_ready        | out |    1| ap_ctrl_hs | dense_latency<ap_fixed,ap_fixed<16,6,5,3,0>,config11>.0.0.0.0.0.0 | return value |
|ap_return_0     | out |   16| ap_ctrl_hs | dense_latency<ap_fixed,ap_fixed<16,6,5,3,0>,config11>.0.0.0.0.0.0 | return value |
|ap_return_1     | out |   16| ap_ctrl_hs | dense_latency<ap_fixed,ap_fixed<16,6,5,3,0>,config11>.0.0.0.0.0.0 | return value |
|ap_return_2     | out |   16| ap_ctrl_hs | dense_latency<ap_fixed,ap_fixed<16,6,5,3,0>,config11>.0.0.0.0.0.0 | return value |
|ap_return_3     | out |   16| ap_ctrl_hs | dense_latency<ap_fixed,ap_fixed<16,6,5,3,0>,config11>.0.0.0.0.0.0 | return value |
|ap_return_4     | out |   16| ap_ctrl_hs | dense_latency<ap_fixed,ap_fixed<16,6,5,3,0>,config11>.0.0.0.0.0.0 | return value |
|data_1_V_read   |  in |   16|   ap_none  |                           data_1_V_read                           |    scalar    |
|data_5_V_read   |  in |   16|   ap_none  |                           data_5_V_read                           |    scalar    |
|data_6_V_read   |  in |   16|   ap_none  |                           data_6_V_read                           |    scalar    |
|data_7_V_read   |  in |   16|   ap_none  |                           data_7_V_read                           |    scalar    |
|data_10_V_read  |  in |   16|   ap_none  |                           data_10_V_read                          |    scalar    |
|data_12_V_read  |  in |   16|   ap_none  |                           data_12_V_read                          |    scalar    |
|data_13_V_read  |  in |   16|   ap_none  |                           data_13_V_read                          |    scalar    |
|data_14_V_read  |  in |   16|   ap_none  |                           data_14_V_read                          |    scalar    |
|data_15_V_read  |  in |   16|   ap_none  |                           data_15_V_read                          |    scalar    |
|data_16_V_read  |  in |   16|   ap_none  |                           data_16_V_read                          |    scalar    |
|data_17_V_read  |  in |   16|   ap_none  |                           data_17_V_read                          |    scalar    |
|data_18_V_read  |  in |   16|   ap_none  |                           data_18_V_read                          |    scalar    |
|data_19_V_read  |  in |   16|   ap_none  |                           data_19_V_read                          |    scalar    |
|data_21_V_read  |  in |   16|   ap_none  |                           data_21_V_read                          |    scalar    |
|data_23_V_read  |  in |   16|   ap_none  |                           data_23_V_read                          |    scalar    |
|data_24_V_read  |  in |   16|   ap_none  |                           data_24_V_read                          |    scalar    |
|data_25_V_read  |  in |   16|   ap_none  |                           data_25_V_read                          |    scalar    |
|data_26_V_read  |  in |   16|   ap_none  |                           data_26_V_read                          |    scalar    |
|data_29_V_read  |  in |   16|   ap_none  |                           data_29_V_read                          |    scalar    |
|data_30_V_read  |  in |   16|   ap_none  |                           data_30_V_read                          |    scalar    |
|data_31_V_read  |  in |   16|   ap_none  |                           data_31_V_read                          |    scalar    |
+----------------+-----+-----+------------+-------------------------------------------------------------------+--------------+

