

================================================================
== Vivado HLS Report for 'dense_latency_ap_ufixed_ap_fixed_16_6_5_3_0_config11_0_0_0_0_0_0'
================================================================
* Date:           Fri Sep 22 04:21:03 2023

* Version:        2019.2 (Build 2704478 on Wed Nov 06 22:10:23 MST 2019)
* Project:        myproject_prj
* Solution:       solution1
* Product family: virtexuplus
* Target device:  xcu250-figd2104-2L-e


================================================================
== Performance Estimates
================================================================
+ Timing: 
    * Summary: 
    +--------+---------+----------+------------+
    |  Clock |  Target | Estimated| Uncertainty|
    +--------+---------+----------+------------+
    |ap_clk  | 5.00 ns | 2.840 ns |   0.62 ns  |
    +--------+---------+----------+------------+

+ Latency: 
    * Summary: 
    +---------+---------+----------+----------+-----+-----+----------+
    |  Latency (cycles) |  Latency (absolute) |  Interval | Pipeline |
    |   min   |   max   |    min   |    max   | min | max |   Type   |
    +---------+---------+----------+----------+-----+-----+----------+
    |        0|        0|   0 ns   |   0 ns   |    1|    1| function |
    +---------+---------+----------+----------+-----+-----+----------+

    + Detail: 
        * Instance: 
        N/A

        * Loop: 
        N/A



================================================================
== Utilization Estimates
================================================================
* Summary: 
+---------------------+---------+-------+---------+---------+------+
|         Name        | BRAM_18K| DSP48E|    FF   |   LUT   | URAM |
+---------------------+---------+-------+---------+---------+------+
|DSP                  |        -|      -|        -|        -|     -|
|Expression           |        -|      0|        0|      959|     -|
|FIFO                 |        -|      -|        -|        -|     -|
|Instance             |        -|      -|        -|        -|     -|
|Memory               |        -|      -|        -|        -|     -|
|Multiplexer          |        -|      -|        -|        -|     -|
|Register             |        -|      -|        -|        -|     -|
+---------------------+---------+-------+---------+---------+------+
|Total                |        0|      0|        0|      959|     0|
+---------------------+---------+-------+---------+---------+------+
|Available SLR        |     1344|   3072|   864000|   432000|   320|
+---------------------+---------+-------+---------+---------+------+
|Utilization SLR (%)  |        0|      0|        0|    ~0   |     0|
+---------------------+---------+-------+---------+---------+------+
|Available            |     5376|  12288|  3456000|  1728000|  1280|
+---------------------+---------+-------+---------+---------+------+
|Utilization (%)      |        0|      0|        0|    ~0   |     0|
+---------------------+---------+-------+---------+---------+------+

+ Detail: 
    * Instance: 
    N/A

    * DSP48E: 
    N/A

    * Memory: 
    N/A

    * FIFO: 
    N/A

    * Expression: 
    +--------------------------+----------+-------+---+----+------------+------------+
    |       Variable Name      | Operation| DSP48E| FF| LUT| Bitwidth P0| Bitwidth P1|
    +--------------------------+----------+-------+---+----+------------+------------+
    |mul_ln1118_fu_262_p2      |     *    |      0|  0|  23|           6|           6|
    |mul_ln708_fu_290_p2       |     *    |      0|  0|  23|           6|           5|
    |acc_1_V_fu_1889_p2        |     +    |      0|  0|  14|          14|          14|
    |acc_2_V_fu_1959_p2        |     +    |      0|  0|  14|          14|          14|
    |acc_3_V_fu_2039_p2        |     +    |      0|  0|  14|          14|          14|
    |acc_4_V_fu_2149_p2        |     +    |      0|  0|  15|          15|          15|
    |add_ln703_10_fu_1829_p2   |     +    |      0|  0|  13|          13|          13|
    |add_ln703_11_fu_1839_p2   |     +    |      0|  0|  15|          15|          15|
    |add_ln703_12_fu_1849_p2   |     +    |      0|  0|  12|          12|          12|
    |add_ln703_13_fu_1859_p2   |     +    |      0|  0|  13|          13|          13|
    |add_ln703_14_fu_1869_p2   |     +    |      0|  0|  11|          11|           9|
    |add_ln703_15_fu_1879_p2   |     +    |      0|  0|  12|          12|          12|
    |add_ln703_17_fu_1899_p2   |     +    |      0|  0|  12|          12|          12|
    |add_ln703_18_fu_1909_p2   |     +    |      0|  0|  12|          12|          12|
    |add_ln703_19_fu_1919_p2   |     +    |      0|  0|  13|          13|          13|
    |add_ln703_20_fu_1929_p2   |     +    |      0|  0|  11|          11|          11|
    |add_ln703_21_fu_1939_p2   |     +    |      0|  0|  11|          11|          10|
    |add_ln703_22_fu_1949_p2   |     +    |      0|  0|  12|          12|          12|
    |add_ln703_24_fu_1969_p2   |     +    |      0|  0|  12|          12|          12|
    |add_ln703_25_fu_1979_p2   |     +    |      0|  0|  12|          12|          12|
    |add_ln703_26_fu_1989_p2   |     +    |      0|  0|  13|          13|          13|
    |add_ln703_27_fu_1999_p2   |     +    |      0|  0|  11|          11|          11|
    |add_ln703_28_fu_2009_p2   |     +    |      0|  0|  11|          11|           9|
    |add_ln703_29_fu_2019_p2   |     +    |      0|  0|  12|          12|          12|
    |add_ln703_30_fu_2029_p2   |     +    |      0|  0|  13|          13|          13|
    |add_ln703_32_fu_2049_p2   |     +    |      0|  0|  12|          12|          12|
    |add_ln703_33_fu_2059_p2   |     +    |      0|  0|  13|          13|          13|
    |add_ln703_34_fu_2069_p2   |     +    |      0|  0|  12|          12|          12|
    |add_ln703_35_fu_2079_p2   |     +    |      0|  0|  13|          13|          13|
    |add_ln703_36_fu_2089_p2   |     +    |      0|  0|  14|          14|          14|
    |add_ln703_37_fu_2099_p2   |     +    |      0|  0|  11|          11|          11|
    |add_ln703_38_fu_2109_p2   |     +    |      0|  0|  13|          13|          13|
    |add_ln703_39_fu_2119_p2   |     +    |      0|  0|  11|          11|          10|
    |add_ln703_40_fu_2129_p2   |     +    |      0|  0|  12|          12|          12|
    |add_ln703_41_fu_2139_p2   |     +    |      0|  0|  14|          14|          14|
    |add_ln703_4_fu_1769_p2    |     +    |      0|  0|  12|          12|          12|
    |add_ln703_5_fu_1779_p2    |     +    |      0|  0|  13|          13|          13|
    |add_ln703_6_fu_1789_p2    |     +    |      0|  0|  14|          14|          14|
    |add_ln703_7_fu_1799_p2    |     +    |      0|  0|  11|          11|          11|
    |add_ln703_8_fu_1809_p2    |     +    |      0|  0|  11|          11|          11|
    |add_ln703_9_fu_1819_p2    |     +    |      0|  0|  12|          12|          12|
    |add_ln703_fu_1759_p2      |     +    |      0|  0|  12|          12|          11|
    |sub_ln1118_10_fu_1323_p2  |     -    |      0|  0|  12|           1|          12|
    |sub_ln1118_11_fu_1379_p2  |     -    |      0|  0|  12|           1|          12|
    |sub_ln1118_12_fu_1435_p2  |     -    |      0|  0|  12|           1|          12|
    |sub_ln1118_13_fu_1467_p2  |     -    |      0|  0|  12|           1|          12|
    |sub_ln1118_14_fu_1563_p2  |     -    |      0|  0|  12|           1|          12|
    |sub_ln1118_15_fu_1619_p2  |     -    |      0|  0|  12|           1|          12|
    |sub_ln1118_16_fu_1675_p2  |     -    |      0|  0|  12|           1|          12|
    |sub_ln1118_17_fu_1707_p2  |     -    |      0|  0|  12|           1|          12|
    |sub_ln1118_18_fu_1739_p2  |     -    |      0|  0|  12|          12|          12|
    |sub_ln1118_1_fu_764_p2    |     -    |      0|  0|  12|           1|          12|
    |sub_ln1118_2_fu_848_p2    |     -    |      0|  0|  12|           1|          12|
    |sub_ln1118_3_fu_884_p2    |     -    |      0|  0|  12|           1|          12|
    |sub_ln1118_4_fu_960_p2    |     -    |      0|  0|  12|           1|          12|
    |sub_ln1118_5_fu_1016_p2   |     -    |      0|  0|  12|           1|          12|
    |sub_ln1118_6_fu_1080_p2   |     -    |      0|  0|  12|           1|          12|
    |sub_ln1118_7_fu_1149_p2   |     -    |      0|  0|  12|           1|          12|
    |sub_ln1118_8_fu_1215_p2   |     -    |      0|  0|  12|           1|          12|
    |sub_ln1118_9_fu_1247_p2   |     -    |      0|  0|  12|           1|          12|
    |sub_ln1118_fu_728_p2      |     -    |      0|  0|  12|           1|          12|
    |sub_ln708_10_fu_1291_p2   |     -    |      0|  0|  11|          11|          11|
    |sub_ln708_11_fu_1355_p2   |     -    |      0|  0|  11|          11|          11|
    |sub_ln708_12_fu_1411_p2   |     -    |      0|  0|  11|          11|          11|
    |sub_ln708_13_fu_1499_p2   |     -    |      0|  0|  11|          11|          11|
    |sub_ln708_14_fu_1531_p2   |     -    |      0|  0|  11|          11|          11|
    |sub_ln708_15_fu_1595_p2   |     -    |      0|  0|  11|          11|          11|
    |sub_ln708_16_fu_1651_p2   |     -    |      0|  0|  11|          11|          11|
    |sub_ln708_1_fu_696_p2     |     -    |      0|  0|  11|          11|          11|
    |sub_ln708_2_fu_784_p2     |     -    |      0|  0|  11|          11|          11|
    |sub_ln708_3_fu_816_p2     |     -    |      0|  0|  11|          11|          11|
    |sub_ln708_4_fu_904_p2     |     -    |      0|  0|  11|          11|          11|
    |sub_ln708_5_fu_936_p2     |     -    |      0|  0|  11|          11|          11|
    |sub_ln708_6_fu_992_p2     |     -    |      0|  0|  11|          11|          11|
    |sub_ln708_7_fu_1048_p2    |     -    |      0|  0|  11|          11|          11|
    |sub_ln708_8_fu_1112_p2    |     -    |      0|  0|  11|          11|          11|
    |sub_ln708_9_fu_1169_p2    |     -    |      0|  0|  11|          11|          11|
    |sub_ln708_fu_664_p2       |     -    |      0|  0|  11|          11|          11|
    +--------------------------+----------+-------+---+----+------------+------------+
    |Total                     |          |      0|  0| 959|         727|         917|
    +--------------------------+----------+-------+---+----+------------+------------+

    * Multiplexer: 
    N/A

    * Register: 
    N/A



================================================================
== Interface
================================================================
* Summary: 
+----------------+-----+-----+------------+--------------------------------------------------------------------+--------------+
|    RTL Ports   | Dir | Bits|  Protocol  |                            Source Object                           |    C Type    |
+----------------+-----+-----+------------+--------------------------------------------------------------------+--------------+
|ap_ready        | out |    1| ap_ctrl_hs | dense_latency<ap_ufixed,ap_fixed<16,6,5,3,0>,config11>.0.0.0.0.0.0 | return value |
|ap_return_0     | out |   16| ap_ctrl_hs | dense_latency<ap_ufixed,ap_fixed<16,6,5,3,0>,config11>.0.0.0.0.0.0 | return value |
|ap_return_1     | out |   16| ap_ctrl_hs | dense_latency<ap_ufixed,ap_fixed<16,6,5,3,0>,config11>.0.0.0.0.0.0 | return value |
|ap_return_2     | out |   16| ap_ctrl_hs | dense_latency<ap_ufixed,ap_fixed<16,6,5,3,0>,config11>.0.0.0.0.0.0 | return value |
|ap_return_3     | out |   16| ap_ctrl_hs | dense_latency<ap_ufixed,ap_fixed<16,6,5,3,0>,config11>.0.0.0.0.0.0 | return value |
|ap_return_4     | out |   16| ap_ctrl_hs | dense_latency<ap_ufixed,ap_fixed<16,6,5,3,0>,config11>.0.0.0.0.0.0 | return value |
|data_0_V_read   |  in |    6|   ap_none  |                            data_0_V_read                           |    scalar    |
|data_2_V_read   |  in |    6|   ap_none  |                            data_2_V_read                           |    scalar    |
|data_3_V_read   |  in |    6|   ap_none  |                            data_3_V_read                           |    scalar    |
|data_4_V_read   |  in |    6|   ap_none  |                            data_4_V_read                           |    scalar    |
|data_5_V_read   |  in |    6|   ap_none  |                            data_5_V_read                           |    scalar    |
|data_6_V_read   |  in |    6|   ap_none  |                            data_6_V_read                           |    scalar    |
|data_7_V_read   |  in |    6|   ap_none  |                            data_7_V_read                           |    scalar    |
|data_8_V_read   |  in |    6|   ap_none  |                            data_8_V_read                           |    scalar    |
|data_9_V_read   |  in |    6|   ap_none  |                            data_9_V_read                           |    scalar    |
|data_10_V_read  |  in |    6|   ap_none  |                           data_10_V_read                           |    scalar    |
|data_12_V_read  |  in |    6|   ap_none  |                           data_12_V_read                           |    scalar    |
|data_13_V_read  |  in |    6|   ap_none  |                           data_13_V_read                           |    scalar    |
|data_15_V_read  |  in |    6|   ap_none  |                           data_15_V_read                           |    scalar    |
|data_16_V_read  |  in |    6|   ap_none  |                           data_16_V_read                           |    scalar    |
|data_17_V_read  |  in |    6|   ap_none  |                           data_17_V_read                           |    scalar    |
|data_18_V_read  |  in |    6|   ap_none  |                           data_18_V_read                           |    scalar    |
|data_19_V_read  |  in |    6|   ap_none  |                           data_19_V_read                           |    scalar    |
|data_20_V_read  |  in |    6|   ap_none  |                           data_20_V_read                           |    scalar    |
|data_21_V_read  |  in |    6|   ap_none  |                           data_21_V_read                           |    scalar    |
|data_22_V_read  |  in |    6|   ap_none  |                           data_22_V_read                           |    scalar    |
|data_24_V_read  |  in |    6|   ap_none  |                           data_24_V_read                           |    scalar    |
|data_25_V_read  |  in |    6|   ap_none  |                           data_25_V_read                           |    scalar    |
|data_26_V_read  |  in |    6|   ap_none  |                           data_26_V_read                           |    scalar    |
|data_29_V_read  |  in |    6|   ap_none  |                           data_29_V_read                           |    scalar    |
|data_31_V_read  |  in |    6|   ap_none  |                           data_31_V_read                           |    scalar    |
+----------------+-----+-----+------------+--------------------------------------------------------------------+--------------+

