

================================================================
== Vivado HLS Report for 'dense_latency_0_0_0_0_0_0_0_0_0_0_0_0_0_0_0_0_0_0_0_0_0_0_0_0_0_0_0_0_0_0_0_0_0_s'
================================================================
* Date:           Fri Sep 22 02:30:56 2023

* Version:        2019.2 (Build 2704478 on Wed Nov 06 22:10:23 MST 2019)
* Project:        myproject_prj
* Solution:       solution1
* Product family: virtexuplus
* Target device:  xcu250-figd2104-2L-e


================================================================
== Performance Estimates
================================================================
+ Timing: 
    * Summary: 
    +--------+---------+----------+------------+
    |  Clock |  Target | Estimated| Uncertainty|
    +--------+---------+----------+------------+
    |ap_clk  | 5.00 ns | 3.898 ns |   0.62 ns  |
    +--------+---------+----------+------------+

+ Latency: 
    * Summary: 
    +---------+---------+----------+----------+-----+-----+----------+
    |  Latency (cycles) |  Latency (absolute) |  Interval | Pipeline |
    |   min   |   max   |    min   |    max   | min | max |   Type   |
    +---------+---------+----------+----------+-----+-----+----------+
    |        0|        0|   0 ns   |   0 ns   |    1|    1| function |
    +---------+---------+----------+----------+-----+-----+----------+

    + Detail: 
        * Instance: 
        N/A

        * Loop: 
        N/A



================================================================
== Utilization Estimates
================================================================
* Summary: 
+---------------------+---------+-------+---------+---------+------+
|         Name        | BRAM_18K| DSP48E|    FF   |   LUT   | URAM |
+---------------------+---------+-------+---------+---------+------+
|DSP                  |        -|      -|        -|        -|     -|
|Expression           |        -|     23|        0|     7100|     -|
|FIFO                 |        -|      -|        -|        -|     -|
|Instance             |        -|      -|        -|        -|     -|
|Memory               |        -|      -|        -|        -|     -|
|Multiplexer          |        -|      -|        -|        -|     -|
|Register             |        -|      -|        -|        -|     -|
+---------------------+---------+-------+---------+---------+------+
|Total                |        0|     23|        0|     7100|     0|
+---------------------+---------+-------+---------+---------+------+
|Available SLR        |     1344|   3072|   864000|   432000|   320|
+---------------------+---------+-------+---------+---------+------+
|Utilization SLR (%)  |        0|   ~0  |        0|        1|     0|
+---------------------+---------+-------+---------+---------+------+
|Available            |     5376|  12288|  3456000|  1728000|  1280|
+---------------------+---------+-------+---------+---------+------+
|Utilization (%)      |        0|   ~0  |        0|    ~0   |     0|
+---------------------+---------+-------+---------+---------+------+

+ Detail: 
    * Instance: 
    N/A

    * DSP48E: 
    N/A

    * Memory: 
    N/A

    * FIFO: 
    N/A

    * Expression: 
    +----------------------------+----------+-------+---+----+------------+------------+
    |        Variable Name       | Operation| DSP48E| FF| LUT| Bitwidth P0| Bitwidth P1|
    +----------------------------+----------+-------+---+----+------------+------------+
    |mul_ln1118_27_fu_420_p2     |     *    |      1|  0|   5|           5|          16|
    |mul_ln1118_28_fu_532_p2     |     *    |      1|  0|   5|           5|          16|
    |mul_ln1118_29_fu_347_p2     |     *    |      1|  0|   5|           6|          16|
    |mul_ln1118_30_fu_467_p2     |     *    |      1|  0|   5|           5|          16|
    |mul_ln1118_31_fu_427_p2     |     *    |      1|  0|   5|           6|          16|
    |mul_ln1118_32_fu_559_p2     |     *    |      1|  0|   5|           6|          16|
    |mul_ln1118_33_fu_529_p2     |     *    |      1|  0|   5|           5|          16|
    |mul_ln1118_34_fu_516_p2     |     *    |      1|  0|   5|           5|          16|
    |mul_ln1118_35_fu_424_p2     |     *    |      1|  0|   5|           5|          16|
    |mul_ln1118_36_fu_348_p2     |     *    |      1|  0|   5|           5|          16|
    |mul_ln1118_37_fu_391_p2     |     *    |      0|  0|   5|           4|          16|
    |mul_ln1118_38_fu_338_p2     |     *    |      1|  0|   5|           5|          16|
    |mul_ln1118_39_fu_563_p2     |     *    |      1|  0|   5|           5|          16|
    |mul_ln1118_40_fu_470_p2     |     *    |      1|  0|   5|           5|          16|
    |mul_ln1118_41_fu_400_p2     |     *    |      1|  0|   5|           6|          16|
    |mul_ln1118_42_fu_469_p2     |     *    |      0|  0|   5|           4|          16|
    |mul_ln1118_43_fu_446_p2     |     *    |      0|  0|   5|           4|          16|
    |mul_ln1118_44_fu_426_p2     |     *    |      1|  0|   5|           5|          16|
    |mul_ln1118_45_fu_454_p2     |     *    |      0|  0|   5|           4|          16|
    |mul_ln1118_46_fu_393_p2     |     *    |      1|  0|   5|           6|          16|
    |mul_ln1118_47_fu_515_p2     |     *    |      1|  0|   5|           5|          16|
    |mul_ln1118_48_fu_554_p2     |     *    |      1|  0|   5|           6|          16|
    |mul_ln1118_49_fu_441_p2     |     *    |      0|  0|   5|           4|          16|
    |mul_ln1118_50_fu_481_p2     |     *    |      1|  0|   5|           5|          16|
    |mul_ln1118_51_fu_471_p2     |     *    |      0|  0|   5|           4|          16|
    |mul_ln1118_52_fu_459_p2     |     *    |      1|  0|   5|           6|          16|
    |mul_ln1118_53_fu_366_p2     |     *    |      1|  0|   5|           5|          16|
    |mul_ln1118_54_fu_549_p2     |     *    |      1|  0|   5|           5|          16|
    |mul_ln1118_55_fu_450_p2     |     *    |      1|  0|   5|           6|          16|
    |mul_ln1118_fu_535_p2        |     *    |      0|  0|   5|           4|          16|
    |acc_10_V_fu_35200_p2        |     +    |      0|  0|  18|          16|          16|
    |acc_11_V_fu_35234_p2        |     +    |      0|  0|  18|          16|          16|
    |acc_12_V_fu_35268_p2        |     +    |      0|  0|  18|          16|          16|
    |acc_14_V_fu_35308_p2        |     +    |      0|  0|  18|          16|          16|
    |acc_15_V_fu_35340_p2        |     +    |      0|  0|  18|          16|          16|
    |acc_17_V_fu_35362_p2        |     +    |      0|  0|  18|          16|          16|
    |acc_18_V_fu_35368_p2        |     +    |      0|  0|  13|           8|          13|
    |acc_19_V_fu_35378_p2        |     +    |      0|  0|  16|          16|          16|
    |acc_1_V_fu_34956_p2         |     +    |      0|  0|  18|          16|          16|
    |acc_20_V_fu_35394_p2        |     +    |      0|  0|  16|          16|          16|
    |acc_21_V_fu_35428_p2        |     +    |      0|  0|  18|          16|          16|
    |acc_22_V_fu_35464_p2        |     +    |      0|  0|  18|          16|          16|
    |acc_23_V_fu_35498_p2        |     +    |      0|  0|  18|          16|          16|
    |acc_24_V_fu_35532_p2        |     +    |      0|  0|  18|          16|          16|
    |acc_25_V_fu_35566_p2        |     +    |      0|  0|  18|          16|          16|
    |acc_26_V_fu_35594_p2        |     +    |      0|  0|  18|          16|          16|
    |acc_27_V_fu_35612_p2        |     +    |      0|  0|  18|          16|          16|
    |acc_28_V_fu_35636_p2        |     +    |      0|  0|  18|          16|          16|
    |acc_29_V_fu_35648_p2        |     +    |      0|  0|  18|          16|          16|
    |acc_2_V_fu_35004_p2         |     +    |      0|  0|  18|          16|          16|
    |acc_30_V_fu_35664_p2        |     +    |      0|  0|  16|          16|          16|
    |acc_31_V_fu_35702_p2        |     +    |      0|  0|  18|          16|          16|
    |acc_32_V_fu_35732_p2        |     +    |      0|  0|  18|          16|          16|
    |acc_35_V_fu_35744_p2        |     +    |      0|  0|  18|          16|          16|
    |acc_36_V_fu_35784_p2        |     +    |      0|  0|  18|          16|          16|
    |acc_37_V_fu_35802_p2        |     +    |      0|  0|  18|          16|          16|
    |acc_38_V_fu_35858_p2        |     +    |      0|  0|  18|          16|          16|
    |acc_39_V_fu_35892_p2        |     +    |      0|  0|  18|          16|          16|
    |acc_3_V_fu_35026_p2         |     +    |      0|  0|  18|          16|          16|
    |acc_40_V_fu_35936_p2        |     +    |      0|  0|  18|          16|          16|
    |acc_41_V_fu_35964_p2        |     +    |      0|  0|  18|          16|          16|
    |acc_42_V_fu_35994_p2        |     +    |      0|  0|  18|          16|          16|
    |acc_43_V_fu_36016_p2        |     +    |      0|  0|  18|          16|          16|
    |acc_44_V_fu_36028_p2        |     +    |      0|  0|  18|          16|          16|
    |acc_45_V_fu_36086_p2        |     +    |      0|  0|  18|          16|          16|
    |acc_46_V_fu_36116_p2        |     +    |      0|  0|  18|          16|          16|
    |acc_47_V_fu_36134_p2        |     +    |      0|  0|  18|          16|          16|
    |acc_48_V_fu_36158_p2        |     +    |      0|  0|  18|          16|          16|
    |acc_49_V_fu_36164_p2        |     +    |      0|  0|  16|           8|          16|
    |acc_4_V_fu_35032_p2         |     +    |      0|  0|  15|           7|          15|
    |acc_50_V_fu_36188_p2        |     +    |      0|  0|  18|          16|          16|
    |acc_51_V_fu_36224_p2        |     +    |      0|  0|  18|          16|          16|
    |acc_52_V_fu_36256_p2        |     +    |      0|  0|  18|          16|          16|
    |acc_53_V_fu_36280_p2        |     +    |      0|  0|  18|          16|          16|
    |acc_54_V_fu_36304_p2        |     +    |      0|  0|  18|          16|          16|
    |acc_55_V_fu_36326_p2        |     +    |      0|  0|  18|          16|          16|
    |acc_56_V_fu_36354_p2        |     +    |      0|  0|  18|          16|          16|
    |acc_57_V_fu_36388_p2        |     +    |      0|  0|  18|          16|          16|
    |acc_58_V_fu_36400_p2        |     +    |      0|  0|  18|          16|          16|
    |acc_59_V_fu_36434_p2        |     +    |      0|  0|  18|          16|          16|
    |acc_5_V_fu_35064_p2         |     +    |      0|  0|  18|          16|          16|
    |acc_60_V_fu_36458_p2        |     +    |      0|  0|  18|          16|          16|
    |acc_61_V_fu_36486_p2        |     +    |      0|  0|  18|          16|          16|
    |acc_62_V_fu_36504_p2        |     +    |      0|  0|  18|          16|          16|
    |acc_63_V_fu_36528_p2        |     +    |      0|  0|  18|          16|          16|
    |acc_6_V_fu_35104_p2         |     +    |      0|  0|  18|          16|          16|
    |acc_7_V_fu_35132_p2         |     +    |      0|  0|  18|          16|          16|
    |acc_9_V_fu_35170_p2         |     +    |      0|  0|  18|          16|          16|
    |add_ln1118_10_fu_32127_p2   |     +    |      0|  0|  19|          19|          19|
    |add_ln1118_11_fu_32487_p2   |     +    |      0|  0|  19|          19|          19|
    |add_ln1118_12_fu_32784_p2   |     +    |      0|  0|  20|          20|          20|
    |add_ln1118_13_fu_33008_p2   |     +    |      0|  0|  19|          19|          19|
    |add_ln1118_14_fu_33144_p2   |     +    |      0|  0|  20|          20|          20|
    |add_ln1118_15_fu_33509_p2   |     +    |      0|  0|  20|          20|          20|
    |add_ln1118_16_fu_33543_p2   |     +    |      0|  0|  20|          20|          20|
    |add_ln1118_17_fu_34034_p2   |     +    |      0|  0|  19|          19|          19|
    |add_ln1118_18_fu_34128_p2   |     +    |      0|  0|  20|          20|          20|
    |add_ln1118_19_fu_34341_p2   |     +    |      0|  0|  21|          21|          21|
    |add_ln1118_1_fu_30814_p2    |     +    |      0|  0|  21|          21|          21|
    |add_ln1118_20_fu_34431_p2   |     +    |      0|  0|  19|          19|          19|
    |add_ln1118_21_fu_34471_p2   |     +    |      0|  0|  21|          21|          21|
    |add_ln1118_22_fu_34593_p2   |     +    |      0|  0|  20|          20|          20|
    |add_ln1118_23_fu_34810_p2   |     +    |      0|  0|  20|          20|          20|
    |add_ln1118_2_fu_30965_p2    |     +    |      0|  0|  21|          21|          21|
    |add_ln1118_3_fu_30995_p2    |     +    |      0|  0|  20|          20|          20|
    |add_ln1118_4_fu_31025_p2    |     +    |      0|  0|  21|          21|          21|
    |add_ln1118_5_fu_31426_p2    |     +    |      0|  0|  21|          21|          21|
    |add_ln1118_6_fu_31488_p2    |     +    |      0|  0|  20|          20|          20|
    |add_ln1118_7_fu_31518_p2    |     +    |      0|  0|  21|          21|          21|
    |add_ln1118_8_fu_31820_p2    |     +    |      0|  0|  19|          19|          19|
    |add_ln1118_9_fu_32099_p2    |     +    |      0|  0|  21|          21|          21|
    |add_ln1118_fu_30698_p2      |     +    |      0|  0|  21|          21|          21|
    |add_ln703_460_fu_34912_p2   |     +    |      0|  0|  18|          16|          16|
    |add_ln703_461_fu_34918_p2   |     +    |      0|  0|  14|           7|          14|
    |add_ln703_462_fu_34928_p2   |     +    |      0|  0|  16|          16|          16|
    |add_ln703_463_fu_34934_p2   |     +    |      0|  0|  18|          16|          16|
    |add_ln703_464_fu_34940_p2   |     +    |      0|  0|  18|          16|          16|
    |add_ln703_465_fu_34946_p2   |     +    |      0|  0|  14|           9|          14|
    |add_ln703_467_fu_34962_p2   |     +    |      0|  0|  16|          16|          16|
    |add_ln703_468_fu_34968_p2   |     +    |      0|  0|  18|          16|          16|
    |add_ln703_469_fu_34974_p2   |     +    |      0|  0|  13|          13|          13|
    |add_ln703_470_fu_34984_p2   |     +    |      0|  0|  12|          10|          12|
    |add_ln703_471_fu_34994_p2   |     +    |      0|  0|  14|          14|          14|
    |add_ln703_473_fu_35010_p2   |     +    |      0|  0|  15|          15|          15|
    |add_ln703_474_fu_35020_p2   |     +    |      0|  0|  18|          10|          16|
    |add_ln703_477_fu_35042_p2   |     +    |      0|  0|  15|          15|          15|
    |add_ln703_478_fu_35052_p2   |     +    |      0|  0|  16|           8|          16|
    |add_ln703_479_fu_35058_p2   |     +    |      0|  0|  18|          16|          16|
    |add_ln703_481_fu_35070_p2   |     +    |      0|  0|  16|          16|          16|
    |add_ln703_482_fu_35076_p2   |     +    |      0|  0|  18|          16|          16|
    |add_ln703_483_fu_35082_p2   |     +    |      0|  0|  18|          16|          16|
    |add_ln703_484_fu_35088_p2   |     +    |      0|  0|  13|           8|          13|
    |add_ln703_485_fu_35098_p2   |     +    |      0|  0|  18|          16|          16|
    |add_ln703_487_fu_35110_p2   |     +    |      0|  0|  18|          16|          16|
    |add_ln703_488_fu_35116_p2   |     +    |      0|  0|  13|           9|          13|
    |add_ln703_489_fu_35126_p2   |     +    |      0|  0|  16|          16|          16|
    |add_ln703_491_fu_35138_p2   |     +    |      0|  0|  16|          16|          16|
    |add_ln703_492_fu_35144_p2   |     +    |      0|  0|  18|          16|          16|
    |add_ln703_493_fu_35150_p2   |     +    |      0|  0|  12|           9|          12|
    |add_ln703_494_fu_35160_p2   |     +    |      0|  0|  13|          13|          13|
    |add_ln703_496_fu_35176_p2   |     +    |      0|  0|  16|          16|          16|
    |add_ln703_497_fu_35182_p2   |     +    |      0|  0|  18|          16|          16|
    |add_ln703_498_fu_35188_p2   |     +    |      0|  0|  18|           9|          16|
    |add_ln703_499_fu_35194_p2   |     +    |      0|  0|  18|          16|          16|
    |add_ln703_501_fu_35206_p2   |     +    |      0|  0|  16|          16|          16|
    |add_ln703_502_fu_35212_p2   |     +    |      0|  0|  18|          16|          16|
    |add_ln703_503_fu_35218_p2   |     +    |      0|  0|  14|           8|          14|
    |add_ln703_504_fu_35228_p2   |     +    |      0|  0|  16|          16|          16|
    |add_ln703_506_fu_35240_p2   |     +    |      0|  0|  15|          15|          15|
    |add_ln703_507_fu_35250_p2   |     +    |      0|  0|  18|          16|          16|
    |add_ln703_508_fu_35256_p2   |     +    |      0|  0|  18|          10|          16|
    |add_ln703_509_fu_35262_p2   |     +    |      0|  0|  18|          16|          16|
    |add_ln703_511_fu_35274_p2   |     +    |      0|  0|  16|          16|          16|
    |add_ln703_512_fu_35280_p2   |     +    |      0|  0|  18|          16|          16|
    |add_ln703_513_fu_35286_p2   |     +    |      0|  0|  18|          16|          16|
    |add_ln703_514_fu_35292_p2   |     +    |      0|  0|  12|           7|          12|
    |add_ln703_515_fu_35302_p2   |     +    |      0|  0|  18|          16|          16|
    |add_ln703_517_fu_35314_p2   |     +    |      0|  0|  18|          16|          16|
    |add_ln703_518_fu_35320_p2   |     +    |      0|  0|  12|           9|          12|
    |add_ln703_519_fu_35330_p2   |     +    |      0|  0|  13|          13|          13|
    |add_ln703_521_fu_35346_p2   |     +    |      0|  0|  18|          16|          16|
    |add_ln703_522_fu_35352_p2   |     +    |      0|  0|  13|          11|          13|
    |add_ln703_526_fu_35384_p2   |     +    |      0|  0|  14|           7|          14|
    |add_ln703_528_fu_35400_p2   |     +    |      0|  0|  16|          16|          16|
    |add_ln703_529_fu_35406_p2   |     +    |      0|  0|  18|          16|          16|
    |add_ln703_530_fu_35412_p2   |     +    |      0|  0|  15|           9|          15|
    |add_ln703_531_fu_35422_p2   |     +    |      0|  0|  16|          16|          16|
    |add_ln703_533_fu_35434_p2   |     +    |      0|  0|  16|          16|          16|
    |add_ln703_534_fu_35440_p2   |     +    |      0|  0|  18|          16|          16|
    |add_ln703_535_fu_35446_p2   |     +    |      0|  0|  18|          16|          16|
    |add_ln703_536_fu_35452_p2   |     +    |      0|  0|  16|           9|          16|
    |add_ln703_537_fu_35458_p2   |     +    |      0|  0|  18|          16|          16|
    |add_ln703_539_fu_35470_p2   |     +    |      0|  0|  16|          16|          16|
    |add_ln703_540_fu_35476_p2   |     +    |      0|  0|  18|          16|          16|
    |add_ln703_541_fu_35482_p2   |     +    |      0|  0|  15|           7|          15|
    |add_ln703_542_fu_35492_p2   |     +    |      0|  0|  16|          16|          16|
    |add_ln703_544_fu_35504_p2   |     +    |      0|  0|  16|          16|          16|
    |add_ln703_545_fu_35510_p2   |     +    |      0|  0|  18|          16|          16|
    |add_ln703_546_fu_35516_p2   |     +    |      0|  0|  13|           7|          13|
    |add_ln703_547_fu_35526_p2   |     +    |      0|  0|  16|          16|          16|
    |add_ln703_549_fu_35538_p2   |     +    |      0|  0|  16|          16|          16|
    |add_ln703_550_fu_35544_p2   |     +    |      0|  0|  18|          16|          16|
    |add_ln703_551_fu_35550_p2   |     +    |      0|  0|  15|           7|          15|
    |add_ln703_552_fu_35560_p2   |     +    |      0|  0|  16|          16|          16|
    |add_ln703_554_fu_35572_p2   |     +    |      0|  0|  18|          16|          16|
    |add_ln703_555_fu_35578_p2   |     +    |      0|  0|  15|           8|          15|
    |add_ln703_556_fu_35588_p2   |     +    |      0|  0|  16|          16|          16|
    |add_ln703_558_fu_35600_p2   |     +    |      0|  0|  18|          16|          16|
    |add_ln703_559_fu_35606_p2   |     +    |      0|  0|  16|           8|          16|
    |add_ln703_561_fu_35618_p2   |     +    |      0|  0|  18|          16|          16|
    |add_ln703_562_fu_35624_p2   |     +    |      0|  0|  18|           7|          16|
    |add_ln703_563_fu_35630_p2   |     +    |      0|  0|  18|          16|          16|
    |add_ln703_565_fu_35642_p2   |     +    |      0|  0|  18|          10|          16|
    |add_ln703_567_fu_35654_p2   |     +    |      0|  0|  14|          10|          14|
    |add_ln703_569_fu_35670_p2   |     +    |      0|  0|  16|          16|          16|
    |add_ln703_570_fu_35676_p2   |     +    |      0|  0|  18|          16|          16|
    |add_ln703_571_fu_35682_p2   |     +    |      0|  0|  12|           8|          12|
    |add_ln703_572_fu_35692_p2   |     +    |      0|  0|  13|          13|          13|
    |add_ln703_574_fu_35708_p2   |     +    |      0|  0|  16|          16|          16|
    |add_ln703_575_fu_35714_p2   |     +    |      0|  0|  18|          16|          16|
    |add_ln703_576_fu_35720_p2   |     +    |      0|  0|  18|           9|          16|
    |add_ln703_577_fu_35726_p2   |     +    |      0|  0|  18|          16|          16|
    |add_ln703_579_fu_35738_p2   |     +    |      0|  0|  18|           8|          16|
    |add_ln703_581_fu_35750_p2   |     +    |      0|  0|  16|          16|          16|
    |add_ln703_582_fu_35756_p2   |     +    |      0|  0|  18|          16|          16|
    |add_ln703_583_fu_35762_p2   |     +    |      0|  0|  18|          16|          16|
    |add_ln703_584_fu_35768_p2   |     +    |      0|  0|  12|           6|          12|
    |add_ln703_585_fu_35778_p2   |     +    |      0|  0|  18|          16|          16|
    |add_ln703_587_fu_35790_p2   |     +    |      0|  0|  18|          16|          16|
    |add_ln703_588_fu_35796_p2   |     +    |      0|  0|  16|           9|          16|
    |add_ln703_590_fu_35808_p2   |     +    |      0|  0|  16|          16|          16|
    |add_ln703_591_fu_35814_p2   |     +    |      0|  0|  16|          16|          16|
    |add_ln703_592_fu_35820_p2   |     +    |      0|  0|  18|          16|          16|
    |add_ln703_593_fu_35826_p2   |     +    |      0|  0|  18|          16|          16|
    |add_ln703_594_fu_35832_p2   |     +    |      0|  0|  13|           9|          13|
    |add_ln703_595_fu_35842_p2   |     +    |      0|  0|  14|          14|          14|
    |add_ln703_596_fu_35852_p2   |     +    |      0|  0|  18|          16|          16|
    |add_ln703_598_fu_35864_p2   |     +    |      0|  0|  16|          16|          16|
    |add_ln703_599_fu_35870_p2   |     +    |      0|  0|  18|          16|          16|
    |add_ln703_600_fu_35876_p2   |     +    |      0|  0|  15|           8|          15|
    |add_ln703_601_fu_35886_p2   |     +    |      0|  0|  16|          16|          16|
    |add_ln703_603_fu_35898_p2   |     +    |      0|  0|  16|          16|          16|
    |add_ln703_604_fu_35904_p2   |     +    |      0|  0|  18|          16|          16|
    |add_ln703_605_fu_35910_p2   |     +    |      0|  0|  18|          14|          14|
    |add_ln703_606_fu_35916_p2   |     +    |      0|  0|  12|           6|          12|
    |add_ln703_607_fu_35926_p2   |     +    |      0|  0|  18|          14|          14|
    |add_ln703_609_fu_35942_p2   |     +    |      0|  0|  15|          15|          15|
    |add_ln703_610_fu_35952_p2   |     +    |      0|  0|  16|           9|          16|
    |add_ln703_611_fu_35958_p2   |     +    |      0|  0|  18|          16|          16|
    |add_ln703_613_fu_35970_p2   |     +    |      0|  0|  16|          16|          16|
    |add_ln703_614_fu_35976_p2   |     +    |      0|  0|  18|          16|          16|
    |add_ln703_615_fu_35982_p2   |     +    |      0|  0|  18|           8|          16|
    |add_ln703_616_fu_35988_p2   |     +    |      0|  0|  18|          16|          16|
    |add_ln703_618_fu_36000_p2   |     +    |      0|  0|  18|          16|          16|
    |add_ln703_619_fu_36006_p2   |     +    |      0|  0|  15|           8|          15|
    |add_ln703_621_fu_36022_p2   |     +    |      0|  0|  18|          10|          16|
    |add_ln703_623_fu_36034_p2   |     +    |      0|  0|  16|          16|          16|
    |add_ln703_624_fu_36040_p2   |     +    |      0|  0|  18|          16|          16|
    |add_ln703_625_fu_36046_p2   |     +    |      0|  0|  18|          16|          16|
    |add_ln703_626_fu_36052_p2   |     +    |      0|  0|  18|          16|          16|
    |add_ln703_627_fu_36058_p2   |     +    |      0|  0|  15|          15|          15|
    |add_ln703_628_fu_36068_p2   |     +    |      0|  0|  16|           7|          16|
    |add_ln703_629_fu_36074_p2   |     +    |      0|  0|  18|          16|          16|
    |add_ln703_630_fu_36080_p2   |     +    |      0|  0|  18|          16|          16|
    |add_ln703_632_fu_36092_p2   |     +    |      0|  0|  16|          16|          16|
    |add_ln703_633_fu_36098_p2   |     +    |      0|  0|  18|          16|          16|
    |add_ln703_634_fu_36104_p2   |     +    |      0|  0|  18|           9|          16|
    |add_ln703_635_fu_36110_p2   |     +    |      0|  0|  18|          16|          16|
    |add_ln703_637_fu_36122_p2   |     +    |      0|  0|  18|          16|          16|
    |add_ln703_638_fu_36128_p2   |     +    |      0|  0|  16|           6|          16|
    |add_ln703_640_fu_36140_p2   |     +    |      0|  0|  18|          16|          16|
    |add_ln703_641_fu_36146_p2   |     +    |      0|  0|  18|          16|          16|
    |add_ln703_642_fu_36152_p2   |     +    |      0|  0|  18|          16|          16|
    |add_ln703_645_fu_36170_p2   |     +    |      0|  0|  18|          16|          16|
    |add_ln703_646_fu_36176_p2   |     +    |      0|  0|  18|           9|          16|
    |add_ln703_647_fu_36182_p2   |     +    |      0|  0|  18|          16|          16|
    |add_ln703_649_fu_36194_p2   |     +    |      0|  0|  16|          16|          16|
    |add_ln703_650_fu_36200_p2   |     +    |      0|  0|  18|          16|          16|
    |add_ln703_651_fu_36206_p2   |     +    |      0|  0|  18|          16|          16|
    |add_ln703_652_fu_36212_p2   |     +    |      0|  0|  16|           6|          16|
    |add_ln703_653_fu_36218_p2   |     +    |      0|  0|  18|          16|          16|
    |add_ln703_655_fu_36230_p2   |     +    |      0|  0|  18|          16|          16|
    |add_ln703_656_fu_36236_p2   |     +    |      0|  0|  12|           7|          12|
    |add_ln703_657_fu_36246_p2   |     +    |      0|  0|  15|          15|          15|
    |add_ln703_659_fu_36262_p2   |     +    |      0|  0|  18|          16|          16|
    |add_ln703_660_fu_36268_p2   |     +    |      0|  0|  18|           9|          16|
    |add_ln703_661_fu_36274_p2   |     +    |      0|  0|  18|          16|          16|
    |add_ln703_663_fu_36286_p2   |     +    |      0|  0|  18|          16|          16|
    |add_ln703_664_fu_36292_p2   |     +    |      0|  0|  18|           6|          16|
    |add_ln703_665_fu_36298_p2   |     +    |      0|  0|  18|          16|          16|
    |add_ln703_667_fu_36310_p2   |     +    |      0|  0|  15|          15|          15|
    |add_ln703_668_fu_36320_p2   |     +    |      0|  0|  18|          10|          16|
    |add_ln703_670_fu_36332_p2   |     +    |      0|  0|  18|          16|          16|
    |add_ln703_671_fu_36338_p2   |     +    |      0|  0|  13|           8|          13|
    |add_ln703_672_fu_36348_p2   |     +    |      0|  0|  16|          16|          16|
    |add_ln703_674_fu_36360_p2   |     +    |      0|  0|  16|          16|          16|
    |add_ln703_675_fu_36366_p2   |     +    |      0|  0|  18|          16|          16|
    |add_ln703_676_fu_36372_p2   |     +    |      0|  0|  12|           7|          12|
    |add_ln703_677_fu_36382_p2   |     +    |      0|  0|  16|          16|          16|
    |add_ln703_679_fu_36394_p2   |     +    |      0|  0|  18|           9|          16|
    |add_ln703_681_fu_36406_p2   |     +    |      0|  0|  16|          16|          16|
    |add_ln703_682_fu_36412_p2   |     +    |      0|  0|  18|          16|          16|
    |add_ln703_683_fu_36418_p2   |     +    |      0|  0|  15|           9|          15|
    |add_ln703_684_fu_36428_p2   |     +    |      0|  0|  16|          16|          16|
    |add_ln703_686_fu_36440_p2   |     +    |      0|  0|  18|          16|          16|
    |add_ln703_687_fu_36446_p2   |     +    |      0|  0|  18|           8|          16|
    |add_ln703_688_fu_36452_p2   |     +    |      0|  0|  18|          16|          16|
    |add_ln703_690_fu_36464_p2   |     +    |      0|  0|  15|          15|          15|
    |add_ln703_691_fu_36474_p2   |     +    |      0|  0|  16|          10|          16|
    |add_ln703_692_fu_36480_p2   |     +    |      0|  0|  18|          16|          16|
    |add_ln703_694_fu_36492_p2   |     +    |      0|  0|  18|          16|          16|
    |add_ln703_695_fu_36498_p2   |     +    |      0|  0|  16|           8|          16|
    |add_ln703_697_fu_36510_p2   |     +    |      0|  0|  18|          16|          16|
    |add_ln703_698_fu_36516_p2   |     +    |      0|  0|  18|          16|          16|
    |add_ln703_699_fu_36522_p2   |     +    |      0|  0|  18|          16|          16|
    |add_ln703_fu_34906_p2       |     +    |      0|  0|  16|          16|          16|
    |sub_ln1118_173_fu_30449_p2  |     -    |      0|  0|  19|          19|          19|
    |sub_ln1118_174_fu_30485_p2  |     -    |      0|  0|  21|          21|          21|
    |sub_ln1118_175_fu_30513_p2  |     -    |      0|  0|  21|          21|          21|
    |sub_ln1118_176_fu_30561_p2  |     -    |      0|  0|  20|           1|          20|
    |sub_ln1118_177_fu_30591_p2  |     -    |      0|  0|  21|          21|          21|
    |sub_ln1118_178_fu_30607_p2  |     -    |      0|  0|  19|           1|          19|
    |sub_ln1118_179_fu_30613_p2  |     -    |      0|  0|  19|          19|          19|
    |sub_ln1118_180_fu_30714_p2  |     -    |      0|  0|  18|           1|          19|
    |sub_ln1118_181_fu_30720_p2  |     -    |      0|  0|  18|          19|          19|
    |sub_ln1118_182_fu_30760_p2  |     -    |      0|  0|  18|           1|          18|
    |sub_ln1118_183_fu_30840_p2  |     -    |      0|  0|  19|          19|          19|
    |sub_ln1118_184_fu_30897_p2  |     -    |      0|  0|  20|           1|          20|
    |sub_ln1118_185_fu_30903_p2  |     -    |      0|  0|  20|          20|          20|
    |sub_ln1118_186_fu_31041_p2  |     -    |      0|  0|  21|          21|          21|
    |sub_ln1118_187_fu_31057_p2  |     -    |      0|  0|  21|          21|          21|
    |sub_ln1118_188_fu_31073_p2  |     -    |      0|  0|  20|          20|          20|
    |sub_ln1118_189_fu_31093_p2  |     -    |      0|  0|  21|          21|          21|
    |sub_ln1118_190_fu_31117_p2  |     -    |      0|  0|  21|          21|          21|
    |sub_ln1118_191_fu_31157_p2  |     -    |      0|  0|  21|           1|          21|
    |sub_ln1118_192_fu_31195_p2  |     -    |      0|  0|  19|           1|          19|
    |sub_ln1118_193_fu_31219_p2  |     -    |      0|  0|  21|          21|          21|
    |sub_ln1118_194_fu_31304_p2  |     -    |      0|  0|  21|          21|          21|
    |sub_ln1118_195_fu_31334_p2  |     -    |      0|  0|  21|          21|          21|
    |sub_ln1118_196_fu_31362_p2  |     -    |      0|  0|  20|          20|          20|
    |sub_ln1118_197_fu_31410_p2  |     -    |      0|  0|  21|          21|          21|
    |sub_ln1118_198_fu_31442_p2  |     -    |      0|  0|  18|           1|          20|
    |sub_ln1118_199_fu_31468_p2  |     -    |      0|  0|  18|          20|          20|
    |sub_ln1118_200_fu_31534_p2  |     -    |      0|  0|  18|           1|          18|
    |sub_ln1118_201_fu_31554_p2  |     -    |      0|  0|  21|           1|          21|
    |sub_ln1118_202_fu_31590_p2  |     -    |      0|  0|  19|           1|          19|
    |sub_ln1118_203_fu_31620_p2  |     -    |      0|  0|  19|          19|          19|
    |sub_ln1118_204_fu_31680_p2  |     -    |      0|  0|  21|           1|          21|
    |sub_ln1118_205_fu_31686_p2  |     -    |      0|  0|  21|          21|          21|
    |sub_ln1118_206_fu_31728_p2  |     -    |      0|  0|  19|          19|          19|
    |sub_ln1118_207_fu_31768_p2  |     -    |      0|  0|  21|          21|          21|
    |sub_ln1118_208_fu_31796_p2  |     -    |      0|  0|  20|          20|          20|
    |sub_ln1118_209_fu_31840_p2  |     -    |      0|  0|  21|          21|          21|
    |sub_ln1118_210_fu_31856_p2  |     -    |      0|  0|  20|          20|          20|
    |sub_ln1118_211_fu_31906_p2  |     -    |      0|  0|  21|          21|          21|
    |sub_ln1118_212_fu_31932_p2  |     -    |      0|  0|  18|           1|          19|
    |sub_ln1118_213_fu_31938_p2  |     -    |      0|  0|  18|          19|          19|
    |sub_ln1118_214_fu_31972_p2  |     -    |      0|  0|  21|          21|          21|
    |sub_ln1118_215_fu_31988_p2  |     -    |      0|  0|  18|           1|          18|
    |sub_ln1118_216_fu_32008_p2  |     -    |      0|  0|  20|          20|          20|
    |sub_ln1118_217_fu_32028_p2  |     -    |      0|  0|  21|          21|          21|
    |sub_ln1118_218_fu_32159_p2  |     -    |      0|  0|  20|           1|          20|
    |sub_ln1118_219_fu_32205_p2  |     -    |      0|  0|  20|          20|          20|
    |sub_ln1118_220_fu_32249_p2  |     -    |      0|  0|  19|           1|          19|
    |sub_ln1118_221_fu_32283_p2  |     -    |      0|  0|  21|           1|          21|
    |sub_ln1118_222_fu_32377_p2  |     -    |      0|  0|  19|          19|          19|
    |sub_ln1118_223_fu_32439_p2  |     -    |      0|  0|  20|          20|          20|
    |sub_ln1118_224_fu_32527_p2  |     -    |      0|  0|  18|           1|          19|
    |sub_ln1118_225_fu_32533_p2  |     -    |      0|  0|  18|          19|          19|
    |sub_ln1118_226_fu_32553_p2  |     -    |      0|  0|  18|           1|          18|
    |sub_ln1118_227_fu_32573_p2  |     -    |      0|  0|  20|          20|          20|
    |sub_ln1118_228_fu_32624_p2  |     -    |      0|  0|  19|           1|          19|
    |sub_ln1118_229_fu_32660_p2  |     -    |      0|  0|  20|          20|          20|
    |sub_ln1118_230_fu_32694_p2  |     -    |      0|  0|  20|          20|          20|
    |sub_ln1118_231_fu_32858_p2  |     -    |      0|  0|  20|          20|          20|
    |sub_ln1118_232_fu_32890_p2  |     -    |      0|  0|  18|           1|          19|
    |sub_ln1118_233_fu_32896_p2  |     -    |      0|  0|  18|          19|          19|
    |sub_ln1118_234_fu_32916_p2  |     -    |      0|  0|  18|           1|          18|
    |sub_ln1118_235_fu_32988_p2  |     -    |      0|  0|  19|           1|          19|
    |sub_ln1118_236_fu_33060_p2  |     -    |      0|  0|  20|          20|          20|
    |sub_ln1118_237_fu_33092_p2  |     -    |      0|  0|  21|          21|          21|
    |sub_ln1118_238_fu_33108_p2  |     -    |      0|  0|  21|          21|          21|
    |sub_ln1118_239_fu_33124_p2  |     -    |      0|  0|  20|          20|          20|
    |sub_ln1118_240_fu_33164_p2  |     -    |      0|  0|  18|           1|          21|
    |sub_ln1118_241_fu_33170_p2  |     -    |      0|  0|  18|          21|          21|
    |sub_ln1118_242_fu_33250_p2  |     -    |      0|  0|  19|          19|          19|
    |sub_ln1118_243_fu_33310_p2  |     -    |      0|  0|  20|           1|          20|
    |sub_ln1118_244_fu_33346_p2  |     -    |      0|  0|  18|           1|          18|
    |sub_ln1118_245_fu_33366_p2  |     -    |      0|  0|  20|          20|          20|
    |sub_ln1118_246_fu_33386_p2  |     -    |      0|  0|  20|          20|          20|
    |sub_ln1118_247_fu_33406_p2  |     -    |      0|  0|  20|          20|          20|
    |sub_ln1118_248_fu_33426_p2  |     -    |      0|  0|  19|           1|          19|
    |sub_ln1118_249_fu_33489_p2  |     -    |      0|  0|  20|          20|          20|
    |sub_ln1118_250_fu_33577_p2  |     -    |      0|  0|  20|          20|          20|
    |sub_ln1118_251_fu_33597_p2  |     -    |      0|  0|  20|          20|          20|
    |sub_ln1118_252_fu_33651_p2  |     -    |      0|  0|  21|          21|          21|
    |sub_ln1118_253_fu_33736_p2  |     -    |      0|  0|  20|          20|          20|
    |sub_ln1118_254_fu_33766_p2  |     -    |      0|  0|  18|           1|          18|
    |sub_ln1118_255_fu_33786_p2  |     -    |      0|  0|  20|          20|          20|
    |sub_ln1118_256_fu_33818_p2  |     -    |      0|  0|  19|           1|          19|
    |sub_ln1118_257_fu_33838_p2  |     -    |      0|  0|  19|          19|          19|
    |sub_ln1118_258_fu_33870_p2  |     -    |      0|  0|  21|          21|          21|
    |sub_ln1118_259_fu_33886_p2  |     -    |      0|  0|  18|           1|          21|
    |sub_ln1118_260_fu_33892_p2  |     -    |      0|  0|  18|          21|          21|
    |sub_ln1118_261_fu_33950_p2  |     -    |      0|  0|  20|          20|          20|
    |sub_ln1118_262_fu_34054_p2  |     -    |      0|  0|  18|           1|          19|
    |sub_ln1118_263_fu_34060_p2  |     -    |      0|  0|  18|          19|          19|
    |sub_ln1118_264_fu_34080_p2  |     -    |      0|  0|  19|          19|          19|
    |sub_ln1118_265_fu_34112_p2  |     -    |      0|  0|  21|           1|          21|
    |sub_ln1118_266_fu_34207_p2  |     -    |      0|  0|  21|          21|          21|
    |sub_ln1118_267_fu_34231_p2  |     -    |      0|  0|  21|          21|          21|
    |sub_ln1118_268_fu_34247_p2  |     -    |      0|  0|  21|           1|          21|
    |sub_ln1118_269_fu_34273_p2  |     -    |      0|  0|  21|          21|          21|
    |sub_ln1118_270_fu_34299_p2  |     -    |      0|  0|  21|          21|          21|
    |sub_ln1118_271_fu_34357_p2  |     -    |      0|  0|  19|           1|          19|
    |sub_ln1118_272_fu_34377_p2  |     -    |      0|  0|  21|          21|          21|
    |sub_ln1118_273_fu_34405_p2  |     -    |      0|  0|  18|           1|          20|
    |sub_ln1118_274_fu_34411_p2  |     -    |      0|  0|  18|          20|          20|
    |sub_ln1118_275_fu_34487_p2  |     -    |      0|  0|  18|           1|          18|
    |sub_ln1118_276_fu_34527_p2  |     -    |      0|  0|  19|          19|          19|
    |sub_ln1118_277_fu_34547_p2  |     -    |      0|  0|  19|          19|          19|
    |sub_ln1118_278_fu_34577_p2  |     -    |      0|  0|  21|           1|          21|
    |sub_ln1118_279_fu_34682_p2  |     -    |      0|  0|  21|           1|          21|
    |sub_ln1118_280_fu_34688_p2  |     -    |      0|  0|  21|          21|          21|
    |sub_ln1118_281_fu_34720_p2  |     -    |      0|  0|  21|          21|          21|
    |sub_ln1118_282_fu_34748_p2  |     -    |      0|  0|  20|          20|          20|
    |sub_ln1118_283_fu_34784_p2  |     -    |      0|  0|  18|           1|          19|
    |sub_ln1118_284_fu_34790_p2  |     -    |      0|  0|  18|          19|          19|
    |sub_ln1118_285_fu_34844_p2  |     -    |      0|  0|  21|          21|          21|
    |sub_ln1118_286_fu_34870_p2  |     -    |      0|  0|  20|          20|          20|
    |sub_ln1118_287_fu_34890_p2  |     -    |      0|  0|  21|          21|          21|
    |sub_ln1118_30_fu_30780_p2   |     -    |      0|  0|  17|           1|          17|
    |sub_ln1118_31_fu_31382_p2   |     -    |      0|  0|  17|           1|          17|
    |sub_ln1118_32_fu_31876_p2   |     -    |      0|  0|  17|           1|          17|
    |sub_ln1118_33_fu_32507_p2   |     -    |      0|  0|  17|           1|          17|
    |sub_ln1118_34_fu_33186_p2   |     -    |      0|  0|  17|           1|          17|
    |sub_ln1118_35_fu_33970_p2   |     -    |      0|  0|  17|           1|          17|
    |sub_ln1118_36_fu_34650_p2   |     -    |      0|  0|  17|           1|          17|
    |sub_ln1118_fu_30529_p2      |     -    |      0|  0|  17|           1|          17|
    +----------------------------+----------+-------+---+----+------------+------------+
    |Total                       |          |     23|  0|7100|        5626|        7162|
    +----------------------------+----------+-------+---+----+------------+------------+

    * Multiplexer: 
    N/A

    * Register: 
    N/A



================================================================
== Interface
================================================================
* Summary: 
+--------------+-----+-----+------------+----------------------------------------------------------------------------------+--------------+
|   RTL Ports  | Dir | Bits|  Protocol  |                                   Source Object                                  |    C Type    |
+--------------+-----+-----+------------+----------------------------------------------------------------------------------+--------------+
|ap_ready      | out |    1| ap_ctrl_hs | dense_latency.0.0.0.0.0.0.0.0.0.0.0.0.0.0.0.0.0.0.0.0.0.0.0.0.0.0.0.0.0.0.0.0.0. | return value |
|ap_return_0   | out |   16| ap_ctrl_hs | dense_latency.0.0.0.0.0.0.0.0.0.0.0.0.0.0.0.0.0.0.0.0.0.0.0.0.0.0.0.0.0.0.0.0.0. | return value |
|ap_return_1   | out |   16| ap_ctrl_hs | dense_latency.0.0.0.0.0.0.0.0.0.0.0.0.0.0.0.0.0.0.0.0.0.0.0.0.0.0.0.0.0.0.0.0.0. | return value |
|ap_return_2   | out |   16| ap_ctrl_hs | dense_latency.0.0.0.0.0.0.0.0.0.0.0.0.0.0.0.0.0.0.0.0.0.0.0.0.0.0.0.0.0.0.0.0.0. | return value |
|ap_return_3   | out |   16| ap_ctrl_hs | dense_latency.0.0.0.0.0.0.0.0.0.0.0.0.0.0.0.0.0.0.0.0.0.0.0.0.0.0.0.0.0.0.0.0.0. | return value |
|ap_return_4   | out |   16| ap_ctrl_hs | dense_latency.0.0.0.0.0.0.0.0.0.0.0.0.0.0.0.0.0.0.0.0.0.0.0.0.0.0.0.0.0.0.0.0.0. | return value |
|ap_return_5   | out |   16| ap_ctrl_hs | dense_latency.0.0.0.0.0.0.0.0.0.0.0.0.0.0.0.0.0.0.0.0.0.0.0.0.0.0.0.0.0.0.0.0.0. | return value |
|ap_return_6   | out |   16| ap_ctrl_hs | dense_latency.0.0.0.0.0.0.0.0.0.0.0.0.0.0.0.0.0.0.0.0.0.0.0.0.0.0.0.0.0.0.0.0.0. | return value |
|ap_return_7   | out |   16| ap_ctrl_hs | dense_latency.0.0.0.0.0.0.0.0.0.0.0.0.0.0.0.0.0.0.0.0.0.0.0.0.0.0.0.0.0.0.0.0.0. | return value |
|ap_return_8   | out |   16| ap_ctrl_hs | dense_latency.0.0.0.0.0.0.0.0.0.0.0.0.0.0.0.0.0.0.0.0.0.0.0.0.0.0.0.0.0.0.0.0.0. | return value |
|ap_return_9   | out |   16| ap_ctrl_hs | dense_latency.0.0.0.0.0.0.0.0.0.0.0.0.0.0.0.0.0.0.0.0.0.0.0.0.0.0.0.0.0.0.0.0.0. | return value |
|ap_return_10  | out |   16| ap_ctrl_hs | dense_latency.0.0.0.0.0.0.0.0.0.0.0.0.0.0.0.0.0.0.0.0.0.0.0.0.0.0.0.0.0.0.0.0.0. | return value |
|ap_return_11  | out |   16| ap_ctrl_hs | dense_latency.0.0.0.0.0.0.0.0.0.0.0.0.0.0.0.0.0.0.0.0.0.0.0.0.0.0.0.0.0.0.0.0.0. | return value |
|ap_return_12  | out |   16| ap_ctrl_hs | dense_latency.0.0.0.0.0.0.0.0.0.0.0.0.0.0.0.0.0.0.0.0.0.0.0.0.0.0.0.0.0.0.0.0.0. | return value |
|ap_return_13  | out |   16| ap_ctrl_hs | dense_latency.0.0.0.0.0.0.0.0.0.0.0.0.0.0.0.0.0.0.0.0.0.0.0.0.0.0.0.0.0.0.0.0.0. | return value |
|ap_return_14  | out |   16| ap_ctrl_hs | dense_latency.0.0.0.0.0.0.0.0.0.0.0.0.0.0.0.0.0.0.0.0.0.0.0.0.0.0.0.0.0.0.0.0.0. | return value |
|ap_return_15  | out |   16| ap_ctrl_hs | dense_latency.0.0.0.0.0.0.0.0.0.0.0.0.0.0.0.0.0.0.0.0.0.0.0.0.0.0.0.0.0.0.0.0.0. | return value |
|ap_return_16  | out |   16| ap_ctrl_hs | dense_latency.0.0.0.0.0.0.0.0.0.0.0.0.0.0.0.0.0.0.0.0.0.0.0.0.0.0.0.0.0.0.0.0.0. | return value |
|ap_return_17  | out |   16| ap_ctrl_hs | dense_latency.0.0.0.0.0.0.0.0.0.0.0.0.0.0.0.0.0.0.0.0.0.0.0.0.0.0.0.0.0.0.0.0.0. | return value |
|ap_return_18  | out |   16| ap_ctrl_hs | dense_latency.0.0.0.0.0.0.0.0.0.0.0.0.0.0.0.0.0.0.0.0.0.0.0.0.0.0.0.0.0.0.0.0.0. | return value |
|ap_return_19  | out |   16| ap_ctrl_hs | dense_latency.0.0.0.0.0.0.0.0.0.0.0.0.0.0.0.0.0.0.0.0.0.0.0.0.0.0.0.0.0.0.0.0.0. | return value |
|ap_return_20  | out |   16| ap_ctrl_hs | dense_latency.0.0.0.0.0.0.0.0.0.0.0.0.0.0.0.0.0.0.0.0.0.0.0.0.0.0.0.0.0.0.0.0.0. | return value |
|ap_return_21  | out |   16| ap_ctrl_hs | dense_latency.0.0.0.0.0.0.0.0.0.0.0.0.0.0.0.0.0.0.0.0.0.0.0.0.0.0.0.0.0.0.0.0.0. | return value |
|ap_return_22  | out |   16| ap_ctrl_hs | dense_latency.0.0.0.0.0.0.0.0.0.0.0.0.0.0.0.0.0.0.0.0.0.0.0.0.0.0.0.0.0.0.0.0.0. | return value |
|ap_return_23  | out |   16| ap_ctrl_hs | dense_latency.0.0.0.0.0.0.0.0.0.0.0.0.0.0.0.0.0.0.0.0.0.0.0.0.0.0.0.0.0.0.0.0.0. | return value |
|ap_return_24  | out |   16| ap_ctrl_hs | dense_latency.0.0.0.0.0.0.0.0.0.0.0.0.0.0.0.0.0.0.0.0.0.0.0.0.0.0.0.0.0.0.0.0.0. | return value |
|ap_return_25  | out |   16| ap_ctrl_hs | dense_latency.0.0.0.0.0.0.0.0.0.0.0.0.0.0.0.0.0.0.0.0.0.0.0.0.0.0.0.0.0.0.0.0.0. | return value |
|ap_return_26  | out |   16| ap_ctrl_hs | dense_latency.0.0.0.0.0.0.0.0.0.0.0.0.0.0.0.0.0.0.0.0.0.0.0.0.0.0.0.0.0.0.0.0.0. | return value |
|ap_return_27  | out |   16| ap_ctrl_hs | dense_latency.0.0.0.0.0.0.0.0.0.0.0.0.0.0.0.0.0.0.0.0.0.0.0.0.0.0.0.0.0.0.0.0.0. | return value |
|ap_return_28  | out |   16| ap_ctrl_hs | dense_latency.0.0.0.0.0.0.0.0.0.0.0.0.0.0.0.0.0.0.0.0.0.0.0.0.0.0.0.0.0.0.0.0.0. | return value |
|ap_return_29  | out |   16| ap_ctrl_hs | dense_latency.0.0.0.0.0.0.0.0.0.0.0.0.0.0.0.0.0.0.0.0.0.0.0.0.0.0.0.0.0.0.0.0.0. | return value |
|ap_return_30  | out |   16| ap_ctrl_hs | dense_latency.0.0.0.0.0.0.0.0.0.0.0.0.0.0.0.0.0.0.0.0.0.0.0.0.0.0.0.0.0.0.0.0.0. | return value |
|ap_return_31  | out |   16| ap_ctrl_hs | dense_latency.0.0.0.0.0.0.0.0.0.0.0.0.0.0.0.0.0.0.0.0.0.0.0.0.0.0.0.0.0.0.0.0.0. | return value |
|ap_return_32  | out |   16| ap_ctrl_hs | dense_latency.0.0.0.0.0.0.0.0.0.0.0.0.0.0.0.0.0.0.0.0.0.0.0.0.0.0.0.0.0.0.0.0.0. | return value |
|ap_return_33  | out |   16| ap_ctrl_hs | dense_latency.0.0.0.0.0.0.0.0.0.0.0.0.0.0.0.0.0.0.0.0.0.0.0.0.0.0.0.0.0.0.0.0.0. | return value |
|ap_return_34  | out |   16| ap_ctrl_hs | dense_latency.0.0.0.0.0.0.0.0.0.0.0.0.0.0.0.0.0.0.0.0.0.0.0.0.0.0.0.0.0.0.0.0.0. | return value |
|ap_return_35  | out |   16| ap_ctrl_hs | dense_latency.0.0.0.0.0.0.0.0.0.0.0.0.0.0.0.0.0.0.0.0.0.0.0.0.0.0.0.0.0.0.0.0.0. | return value |
|ap_return_36  | out |   16| ap_ctrl_hs | dense_latency.0.0.0.0.0.0.0.0.0.0.0.0.0.0.0.0.0.0.0.0.0.0.0.0.0.0.0.0.0.0.0.0.0. | return value |
|ap_return_37  | out |   16| ap_ctrl_hs | dense_latency.0.0.0.0.0.0.0.0.0.0.0.0.0.0.0.0.0.0.0.0.0.0.0.0.0.0.0.0.0.0.0.0.0. | return value |
|ap_return_38  | out |   16| ap_ctrl_hs | dense_latency.0.0.0.0.0.0.0.0.0.0.0.0.0.0.0.0.0.0.0.0.0.0.0.0.0.0.0.0.0.0.0.0.0. | return value |
|ap_return_39  | out |   16| ap_ctrl_hs | dense_latency.0.0.0.0.0.0.0.0.0.0.0.0.0.0.0.0.0.0.0.0.0.0.0.0.0.0.0.0.0.0.0.0.0. | return value |
|ap_return_40  | out |   16| ap_ctrl_hs | dense_latency.0.0.0.0.0.0.0.0.0.0.0.0.0.0.0.0.0.0.0.0.0.0.0.0.0.0.0.0.0.0.0.0.0. | return value |
|ap_return_41  | out |   16| ap_ctrl_hs | dense_latency.0.0.0.0.0.0.0.0.0.0.0.0.0.0.0.0.0.0.0.0.0.0.0.0.0.0.0.0.0.0.0.0.0. | return value |
|ap_return_42  | out |   16| ap_ctrl_hs | dense_latency.0.0.0.0.0.0.0.0.0.0.0.0.0.0.0.0.0.0.0.0.0.0.0.0.0.0.0.0.0.0.0.0.0. | return value |
|ap_return_43  | out |   16| ap_ctrl_hs | dense_latency.0.0.0.0.0.0.0.0.0.0.0.0.0.0.0.0.0.0.0.0.0.0.0.0.0.0.0.0.0.0.0.0.0. | return value |
|ap_return_44  | out |   16| ap_ctrl_hs | dense_latency.0.0.0.0.0.0.0.0.0.0.0.0.0.0.0.0.0.0.0.0.0.0.0.0.0.0.0.0.0.0.0.0.0. | return value |
|ap_return_45  | out |   16| ap_ctrl_hs | dense_latency.0.0.0.0.0.0.0.0.0.0.0.0.0.0.0.0.0.0.0.0.0.0.0.0.0.0.0.0.0.0.0.0.0. | return value |
|ap_return_46  | out |   16| ap_ctrl_hs | dense_latency.0.0.0.0.0.0.0.0.0.0.0.0.0.0.0.0.0.0.0.0.0.0.0.0.0.0.0.0.0.0.0.0.0. | return value |
|ap_return_47  | out |   16| ap_ctrl_hs | dense_latency.0.0.0.0.0.0.0.0.0.0.0.0.0.0.0.0.0.0.0.0.0.0.0.0.0.0.0.0.0.0.0.0.0. | return value |
|ap_return_48  | out |   16| ap_ctrl_hs | dense_latency.0.0.0.0.0.0.0.0.0.0.0.0.0.0.0.0.0.0.0.0.0.0.0.0.0.0.0.0.0.0.0.0.0. | return value |
|ap_return_49  | out |   16| ap_ctrl_hs | dense_latency.0.0.0.0.0.0.0.0.0.0.0.0.0.0.0.0.0.0.0.0.0.0.0.0.0.0.0.0.0.0.0.0.0. | return value |
|ap_return_50  | out |   16| ap_ctrl_hs | dense_latency.0.0.0.0.0.0.0.0.0.0.0.0.0.0.0.0.0.0.0.0.0.0.0.0.0.0.0.0.0.0.0.0.0. | return value |
|ap_return_51  | out |   16| ap_ctrl_hs | dense_latency.0.0.0.0.0.0.0.0.0.0.0.0.0.0.0.0.0.0.0.0.0.0.0.0.0.0.0.0.0.0.0.0.0. | return value |
|ap_return_52  | out |   16| ap_ctrl_hs | dense_latency.0.0.0.0.0.0.0.0.0.0.0.0.0.0.0.0.0.0.0.0.0.0.0.0.0.0.0.0.0.0.0.0.0. | return value |
|ap_return_53  | out |   16| ap_ctrl_hs | dense_latency.0.0.0.0.0.0.0.0.0.0.0.0.0.0.0.0.0.0.0.0.0.0.0.0.0.0.0.0.0.0.0.0.0. | return value |
|ap_return_54  | out |   16| ap_ctrl_hs | dense_latency.0.0.0.0.0.0.0.0.0.0.0.0.0.0.0.0.0.0.0.0.0.0.0.0.0.0.0.0.0.0.0.0.0. | return value |
|ap_return_55  | out |   16| ap_ctrl_hs | dense_latency.0.0.0.0.0.0.0.0.0.0.0.0.0.0.0.0.0.0.0.0.0.0.0.0.0.0.0.0.0.0.0.0.0. | return value |
|ap_return_56  | out |   16| ap_ctrl_hs | dense_latency.0.0.0.0.0.0.0.0.0.0.0.0.0.0.0.0.0.0.0.0.0.0.0.0.0.0.0.0.0.0.0.0.0. | return value |
|ap_return_57  | out |   16| ap_ctrl_hs | dense_latency.0.0.0.0.0.0.0.0.0.0.0.0.0.0.0.0.0.0.0.0.0.0.0.0.0.0.0.0.0.0.0.0.0. | return value |
|ap_return_58  | out |   16| ap_ctrl_hs | dense_latency.0.0.0.0.0.0.0.0.0.0.0.0.0.0.0.0.0.0.0.0.0.0.0.0.0.0.0.0.0.0.0.0.0. | return value |
|ap_return_59  | out |   16| ap_ctrl_hs | dense_latency.0.0.0.0.0.0.0.0.0.0.0.0.0.0.0.0.0.0.0.0.0.0.0.0.0.0.0.0.0.0.0.0.0. | return value |
|ap_return_60  | out |   16| ap_ctrl_hs | dense_latency.0.0.0.0.0.0.0.0.0.0.0.0.0.0.0.0.0.0.0.0.0.0.0.0.0.0.0.0.0.0.0.0.0. | return value |
|data_V_read   |  in |  256|   ap_none  |                                    data_V_read                                   |    scalar    |
+--------------+-----+-----+------------+----------------------------------------------------------------------------------+--------------+

