

================================================================
== Vivado HLS Report for 'dense_latency_0_0_0_0_0_0_0_0_0_0_0_0_0_0_0_0_0_0_0_0_0_0_0_0_0_0_0_0_0_0_0_0_0_1'
================================================================
* Date:           Fri Sep 22 02:31:04 2023

* Version:        2019.2 (Build 2704478 on Wed Nov 06 22:10:23 MST 2019)
* Project:        myproject_prj
* Solution:       solution1
* Product family: virtexuplus
* Target device:  xcu250-figd2104-2L-e


================================================================
== Performance Estimates
================================================================
+ Timing: 
    * Summary: 
    +--------+---------+----------+------------+
    |  Clock |  Target | Estimated| Uncertainty|
    +--------+---------+----------+------------+
    |ap_clk  | 5.00 ns | 4.051 ns |   0.62 ns  |
    +--------+---------+----------+------------+

+ Latency: 
    * Summary: 
    +---------+---------+----------+----------+-----+-----+----------+
    |  Latency (cycles) |  Latency (absolute) |  Interval | Pipeline |
    |   min   |   max   |    min   |    max   | min | max |   Type   |
    +---------+---------+----------+----------+-----+-----+----------+
    |        0|        0|   0 ns   |   0 ns   |    1|    1| function |
    +---------+---------+----------+----------+-----+-----+----------+

    + Detail: 
        * Instance: 
        N/A

        * Loop: 
        N/A



================================================================
== Utilization Estimates
================================================================
* Summary: 
+---------------------+---------+-------+---------+---------+------+
|         Name        | BRAM_18K| DSP48E|    FF   |   LUT   | URAM |
+---------------------+---------+-------+---------+---------+------+
|DSP                  |        -|      -|        -|        -|     -|
|Expression           |        -|      0|        0|     9644|     -|
|FIFO                 |        -|      -|        -|        -|     -|
|Instance             |        -|      -|        -|        -|     -|
|Memory               |        -|      -|        -|        -|     -|
|Multiplexer          |        -|      -|        -|        -|     -|
|Register             |        -|      -|        -|        -|     -|
+---------------------+---------+-------+---------+---------+------+
|Total                |        0|      0|        0|     9644|     0|
+---------------------+---------+-------+---------+---------+------+
|Available SLR        |     1344|   3072|   864000|   432000|   320|
+---------------------+---------+-------+---------+---------+------+
|Utilization SLR (%)  |        0|      0|        0|        2|     0|
+---------------------+---------+-------+---------+---------+------+
|Available            |     5376|  12288|  3456000|  1728000|  1280|
+---------------------+---------+-------+---------+---------+------+
|Utilization (%)      |        0|      0|        0|    ~0   |     0|
+---------------------+---------+-------+---------+---------+------+

+ Detail: 
    * Instance: 
    N/A

    * DSP48E: 
    N/A

    * Memory: 
    N/A

    * FIFO: 
    N/A

    * Expression: 
    +----------------------------+----------+-------+---+----+------------+------------+
    |        Variable Name       | Operation| DSP48E| FF| LUT| Bitwidth P0| Bitwidth P1|
    +----------------------------+----------+-------+---+----+------------+------------+
    |mul_ln1118_10_fu_788_p2     |     *    |      0|  0|  23|           6|           6|
    |mul_ln1118_11_fu_742_p2     |     *    |      0|  0|  23|           6|           5|
    |mul_ln1118_12_fu_736_p2     |     *    |      0|  0|  23|           6|           6|
    |mul_ln1118_13_fu_701_p2     |     *    |      0|  0|  23|           6|           5|
    |mul_ln1118_14_fu_707_p2     |     *    |      0|  0|  23|           6|           6|
    |mul_ln1118_15_fu_1046_p2    |     *    |      0|  0|  23|           6|           6|
    |mul_ln1118_16_fu_967_p2     |     *    |      0|  0|  23|           6|           5|
    |mul_ln1118_17_fu_873_p2     |     *    |      0|  0|  23|           6|           6|
    |mul_ln1118_18_fu_669_p2     |     *    |      0|  0|  23|           6|           5|
    |mul_ln1118_19_fu_956_p2     |     *    |      0|  0|  23|           6|           5|
    |mul_ln1118_20_fu_1056_p2    |     *    |      0|  0|  23|           6|           5|
    |mul_ln1118_21_fu_867_p2     |     *    |      0|  0|  23|           6|           5|
    |mul_ln1118_22_fu_770_p2     |     *    |      0|  0|  23|           6|           5|
    |mul_ln1118_23_fu_699_p2     |     *    |      0|  0|  23|           6|           6|
    |mul_ln1118_24_fu_737_p2     |     *    |      0|  0|  23|           6|           5|
    |mul_ln1118_25_fu_689_p2     |     *    |      0|  0|  23|           6|           6|
    |mul_ln1118_26_fu_684_p2     |     *    |      0|  0|  23|           6|           6|
    |mul_ln1118_5_fu_731_p2      |     *    |      0|  0|  23|           6|           5|
    |mul_ln1118_6_fu_1053_p2     |     *    |      0|  0|  23|           6|           6|
    |mul_ln1118_7_fu_851_p2      |     *    |      0|  0|  23|           6|           5|
    |mul_ln1118_8_fu_653_p2      |     *    |      0|  0|  23|           6|           6|
    |mul_ln1118_9_fu_752_p2      |     *    |      0|  0|  23|           6|           6|
    |mul_ln1118_fu_1013_p2       |     *    |      0|  0|  23|           6|           6|
    |mul_ln708_10_fu_749_p2      |     *    |      0|  0|  23|           6|           4|
    |mul_ln708_11_fu_800_p2      |     *    |      0|  0|  23|           6|           5|
    |mul_ln708_12_fu_1029_p2     |     *    |      0|  0|  23|           6|           5|
    |mul_ln708_13_fu_957_p2      |     *    |      0|  0|  23|           6|           5|
    |mul_ln708_14_fu_884_p2      |     *    |      0|  0|  23|           6|           5|
    |mul_ln708_15_fu_1036_p2     |     *    |      0|  0|  23|           6|           4|
    |mul_ln708_16_fu_922_p2      |     *    |      0|  0|  23|           6|           5|
    |mul_ln708_17_fu_916_p2      |     *    |      0|  0|  23|           6|           4|
    |mul_ln708_18_fu_740_p2      |     *    |      0|  0|  23|           6|           4|
    |mul_ln708_19_fu_822_p2      |     *    |      0|  0|  23|           6|           4|
    |mul_ln708_20_fu_777_p2      |     *    |      0|  0|  23|           6|           5|
    |mul_ln708_21_fu_732_p2      |     *    |      0|  0|  23|           6|           5|
    |mul_ln708_22_fu_834_p2      |     *    |      0|  0|  23|           6|           4|
    |mul_ln708_23_fu_761_p2      |     *    |      0|  0|  23|           6|           4|
    |mul_ln708_24_fu_692_p2      |     *    |      0|  0|  23|           6|           5|
    |mul_ln708_25_fu_672_p2      |     *    |      0|  0|  23|           6|           4|
    |mul_ln708_26_fu_1006_p2     |     *    |      0|  0|  23|           6|           4|
    |mul_ln708_27_fu_702_p2      |     *    |      0|  0|  23|           6|           4|
    |mul_ln708_28_fu_1012_p2     |     *    |      0|  0|  23|           6|           5|
    |mul_ln708_2_fu_645_p2       |     *    |      0|  0|  23|           6|           4|
    |mul_ln708_3_fu_876_p2       |     *    |      0|  0|  23|           6|           4|
    |mul_ln708_4_fu_1008_p2      |     *    |      0|  0|  23|           6|           5|
    |mul_ln708_5_fu_725_p2       |     *    |      0|  0|  23|           6|           5|
    |mul_ln708_6_fu_968_p2       |     *    |      0|  0|  23|           6|           5|
    |mul_ln708_7_fu_944_p2       |     *    |      0|  0|  23|           6|           5|
    |mul_ln708_8_fu_668_p2       |     *    |      0|  0|  23|           6|           4|
    |mul_ln708_9_fu_673_p2       |     *    |      0|  0|  23|           6|           4|
    |mul_ln708_fu_974_p2         |     *    |      0|  0|  23|           6|           4|
    |acc_10_V_fu_100697_p2       |     +    |      0|  0|  13|          13|          13|
    |acc_11_V_fu_100869_p2       |     +    |      0|  0|  18|          14|          14|
    |acc_13_V_fu_101095_p2       |     +    |      0|  0|  15|          15|          15|
    |acc_14_V_fu_101205_p2       |     +    |      0|  0|  18|          16|          16|
    |acc_15_V_fu_101369_p2       |     +    |      0|  0|  14|          14|          14|
    |acc_16_V_fu_101491_p2       |     +    |      0|  0|  18|          16|          16|
    |acc_17_V_fu_101637_p2       |     +    |      0|  0|  18|          16|          16|
    |acc_18_V_fu_101731_p2       |     +    |      0|  0|  14|          14|          14|
    |acc_19_V_fu_101929_p2       |     +    |      0|  0|  15|          15|          15|
    |acc_1_V_fu_99799_p2         |     +    |      0|  0|  15|          15|          15|
    |acc_20_V_fu_101985_p2       |     +    |      0|  0|  13|          13|          13|
    |acc_21_V_fu_102117_p2       |     +    |      0|  0|  18|          14|          14|
    |acc_22_V_fu_102331_p2       |     +    |      0|  0|  15|          15|          15|
    |acc_23_V_fu_102429_p2       |     +    |      0|  0|  14|          14|          14|
    |acc_24_V_fu_102501_p2       |     +    |      0|  0|  13|          13|          13|
    |acc_26_V_fu_102665_p2       |     +    |      0|  0|  15|          15|          15|
    |acc_27_V_fu_102833_p2       |     +    |      0|  0|  18|          16|          16|
    |acc_28_V_fu_102931_p2       |     +    |      0|  0|  14|          14|          14|
    |acc_29_V_fu_103077_p2       |     +    |      0|  0|  15|          15|          15|
    |acc_2_V_fu_99809_p2         |     +    |      0|  0|  11|          11|           8|
    |acc_30_V_fu_103149_p2       |     +    |      0|  0|  13|          13|          13|
    |acc_31_V_fu_103273_p2       |     +    |      0|  0|  14|          14|          14|
    |acc_3_V_fu_99967_p2         |     +    |      0|  0|  14|          14|          14|
    |acc_4_V_fu_100109_p2        |     +    |      0|  0|  14|          14|          14|
    |acc_5_V_fu_100185_p2        |     +    |      0|  0|  13|          13|          13|
    |acc_6_V_fu_100207_p2        |     +    |      0|  0|  10|          10|          10|
    |acc_7_V_fu_100371_p2        |     +    |      0|  0|  14|          14|          14|
    |acc_8_V_fu_100489_p2        |     +    |      0|  0|  14|          14|          14|
    |acc_9_V_fu_100641_p2        |     +    |      0|  0|  14|          14|          14|
    |add_ln703_100_fu_99917_p2   |     +    |      0|  0|  11|          11|          11|
    |add_ln703_101_fu_99927_p2   |     +    |      0|  0|  10|          10|          10|
    |add_ln703_102_fu_99937_p2   |     +    |      0|  0|  11|          11|          11|
    |add_ln703_103_fu_99947_p2   |     +    |      0|  0|  12|          12|          12|
    |add_ln703_104_fu_99957_p2   |     +    |      0|  0|  13|          13|          13|
    |add_ln703_106_fu_99977_p2   |     +    |      0|  0|  10|          10|          10|
    |add_ln703_107_fu_99987_p2   |     +    |      0|  0|  11|          11|          11|
    |add_ln703_108_fu_99997_p2   |     +    |      0|  0|  12|          12|          12|
    |add_ln703_109_fu_100007_p2  |     +    |      0|  0|  18|          11|          11|
    |add_ln703_110_fu_100013_p2  |     +    |      0|  0|  10|          10|          10|
    |add_ln703_111_fu_100023_p2  |     +    |      0|  0|  18|          11|          11|
    |add_ln703_112_fu_100033_p2  |     +    |      0|  0|  13|          13|          13|
    |add_ln703_113_fu_100043_p2  |     +    |      0|  0|  11|          11|          11|
    |add_ln703_114_fu_100053_p2  |     +    |      0|  0|  11|          11|          11|
    |add_ln703_115_fu_100063_p2  |     +    |      0|  0|  12|          12|          12|
    |add_ln703_116_fu_100073_p2  |     +    |      0|  0|  18|          11|          11|
    |add_ln703_117_fu_100079_p2  |     +    |      0|  0|   8|           8|           8|
    |add_ln703_118_fu_100089_p2  |     +    |      0|  0|  18|          11|          11|
    |add_ln703_119_fu_100099_p2  |     +    |      0|  0|  13|          13|          13|
    |add_ln703_121_fu_100119_p2  |     +    |      0|  0|  11|          11|          11|
    |add_ln703_122_fu_100129_p2  |     +    |      0|  0|  11|          11|          11|
    |add_ln703_123_fu_100139_p2  |     +    |      0|  0|  12|          12|          12|
    |add_ln703_124_fu_100149_p2  |     +    |      0|  0|   8|           8|           8|
    |add_ln703_125_fu_100159_p2  |     +    |      0|  0|   9|           9|           8|
    |add_ln703_126_fu_100169_p2  |     +    |      0|  0|  18|          10|          10|
    |add_ln703_127_fu_100175_p2  |     +    |      0|  0|  18|          10|          10|
    |add_ln703_130_fu_100217_p2  |     +    |      0|  0|  11|          11|          11|
    |add_ln703_131_fu_100227_p2  |     +    |      0|  0|  10|          10|          10|
    |add_ln703_132_fu_100237_p2  |     +    |      0|  0|  18|          12|          12|
    |add_ln703_133_fu_100243_p2  |     +    |      0|  0|   9|           9|           9|
    |add_ln703_134_fu_100253_p2  |     +    |      0|  0|  10|          10|          10|
    |add_ln703_135_fu_100263_p2  |     +    |      0|  0|  18|          11|          11|
    |add_ln703_136_fu_100269_p2  |     +    |      0|  0|  18|          11|          11|
    |add_ln703_137_fu_100279_p2  |     +    |      0|  0|  18|          12|          12|
    |add_ln703_138_fu_100289_p2  |     +    |      0|  0|  11|          11|          11|
    |add_ln703_139_fu_100299_p2  |     +    |      0|  0|  18|          11|          11|
    |add_ln703_140_fu_100305_p2  |     +    |      0|  0|  18|          11|          11|
    |add_ln703_141_fu_100315_p2  |     +    |      0|  0|  12|          12|          12|
    |add_ln703_142_fu_100325_p2  |     +    |      0|  0|   9|           9|           9|
    |add_ln703_143_fu_100335_p2  |     +    |      0|  0|   7|           7|           6|
    |add_ln703_144_fu_100345_p2  |     +    |      0|  0|  18|          11|          11|
    |add_ln703_145_fu_100351_p2  |     +    |      0|  0|  18|          11|          11|
    |add_ln703_146_fu_100361_p2  |     +    |      0|  0|  13|          13|          13|
    |add_ln703_148_fu_100381_p2  |     +    |      0|  0|   9|           9|           9|
    |add_ln703_149_fu_100391_p2  |     +    |      0|  0|  10|          10|          10|
    |add_ln703_150_fu_100401_p2  |     +    |      0|  0|  18|          11|          11|
    |add_ln703_151_fu_100407_p2  |     +    |      0|  0|   7|           7|           7|
    |add_ln703_152_fu_100417_p2  |     +    |      0|  0|  18|          11|          11|
    |add_ln703_153_fu_100427_p2  |     +    |      0|  0|  12|          12|          12|
    |add_ln703_154_fu_100437_p2  |     +    |      0|  0|  18|          12|          12|
    |add_ln703_155_fu_100443_p2  |     +    |      0|  0|  18|          12|          12|
    |add_ln703_156_fu_100453_p2  |     +    |      0|  0|  18|          11|          11|
    |add_ln703_157_fu_100459_p2  |     +    |      0|  0|   7|           7|           7|
    |add_ln703_158_fu_100469_p2  |     +    |      0|  0|  18|          11|          11|
    |add_ln703_159_fu_100479_p2  |     +    |      0|  0|  13|          13|          13|
    |add_ln703_161_fu_100499_p2  |     +    |      0|  0|  11|          11|          11|
    |add_ln703_162_fu_100509_p2  |     +    |      0|  0|  11|          11|          11|
    |add_ln703_163_fu_100519_p2  |     +    |      0|  0|  12|          12|          12|
    |add_ln703_164_fu_100529_p2  |     +    |      0|  0|  12|          12|          12|
    |add_ln703_165_fu_100539_p2  |     +    |      0|  0|  10|          10|          10|
    |add_ln703_166_fu_100549_p2  |     +    |      0|  0|  18|          13|          13|
    |add_ln703_167_fu_100555_p2  |     +    |      0|  0|  18|          13|          13|
    |add_ln703_168_fu_100565_p2  |     +    |      0|  0|  10|          10|          10|
    |add_ln703_169_fu_100575_p2  |     +    |      0|  0|  18|          11|          11|
    |add_ln703_170_fu_100581_p2  |     +    |      0|  0|  18|          11|          11|
    |add_ln703_171_fu_100591_p2  |     +    |      0|  0|  11|          11|          11|
    |add_ln703_172_fu_100601_p2  |     +    |      0|  0|   9|           9|           7|
    |add_ln703_173_fu_100611_p2  |     +    |      0|  0|  10|          10|          10|
    |add_ln703_174_fu_100621_p2  |     +    |      0|  0|  12|          12|          12|
    |add_ln703_175_fu_100631_p2  |     +    |      0|  0|  13|          13|          13|
    |add_ln703_177_fu_100651_p2  |     +    |      0|  0|  18|          11|          11|
    |add_ln703_178_fu_100657_p2  |     +    |      0|  0|  18|          11|          11|
    |add_ln703_179_fu_100667_p2  |     +    |      0|  0|   8|           8|           8|
    |add_ln703_180_fu_100677_p2  |     +    |      0|  0|  11|          11|          11|
    |add_ln703_181_fu_100687_p2  |     +    |      0|  0|  12|          12|          12|
    |add_ln703_183_fu_100707_p2  |     +    |      0|  0|  10|          10|          10|
    |add_ln703_184_fu_100717_p2  |     +    |      0|  0|  18|          10|          10|
    |add_ln703_185_fu_100723_p2  |     +    |      0|  0|  18|          10|          10|
    |add_ln703_186_fu_100733_p2  |     +    |      0|  0|  11|          11|          11|
    |add_ln703_187_fu_100743_p2  |     +    |      0|  0|  12|          12|          12|
    |add_ln703_188_fu_100753_p2  |     +    |      0|  0|  11|          11|          11|
    |add_ln703_189_fu_100763_p2  |     +    |      0|  0|  18|          13|          13|
    |add_ln703_190_fu_100769_p2  |     +    |      0|  0|  18|          13|          13|
    |add_ln703_191_fu_100779_p2  |     +    |      0|  0|  18|          14|          14|
    |add_ln703_192_fu_100785_p2  |     +    |      0|  0|  10|          10|          10|
    |add_ln703_193_fu_100795_p2  |     +    |      0|  0|  18|           9|           9|
    |add_ln703_194_fu_100801_p2  |     +    |      0|  0|  18|           9|           9|
    |add_ln703_195_fu_100811_p2  |     +    |      0|  0|  11|          11|          11|
    |add_ln703_196_fu_100821_p2  |     +    |      0|  0|  18|          11|          11|
    |add_ln703_197_fu_100839_p2  |     +    |      0|  0|   9|           9|           9|
    |add_ln703_198_fu_100849_p2  |     +    |      0|  0|  18|          11|          11|
    |add_ln703_199_fu_100859_p2  |     +    |      0|  0|  12|          12|          12|
    |add_ln703_201_fu_100879_p2  |     +    |      0|  0|  18|          11|          11|
    |add_ln703_202_fu_100885_p2  |     +    |      0|  0|  18|          11|          11|
    |add_ln703_203_fu_100895_p2  |     +    |      0|  0|  11|          11|          11|
    |add_ln703_204_fu_100905_p2  |     +    |      0|  0|  18|          12|          12|
    |add_ln703_205_fu_100911_p2  |     +    |      0|  0|  18|          12|          12|
    |add_ln703_206_fu_100921_p2  |     +    |      0|  0|  12|          12|          12|
    |add_ln703_207_fu_100931_p2  |     +    |      0|  0|  13|          13|          13|
    |add_ln703_208_fu_100941_p2  |     +    |      0|  0|  12|          12|          12|
    |add_ln703_209_fu_100951_p2  |     +    |      0|  0|  10|          10|          10|
    |add_ln703_210_fu_100961_p2  |     +    |      0|  0|  13|          13|          13|
    |add_ln703_211_fu_100971_p2  |     +    |      0|  0|  18|          14|          14|
    |add_ln703_212_fu_100977_p2  |     +    |      0|  0|  18|          14|          14|
    |add_ln703_213_fu_100987_p2  |     +    |      0|  0|  18|          10|          10|
    |add_ln703_214_fu_100993_p2  |     +    |      0|  0|  18|          10|          10|
    |add_ln703_215_fu_101003_p2  |     +    |      0|  0|  11|          11|           6|
    |add_ln703_216_fu_101013_p2  |     +    |      0|  0|  18|          12|          12|
    |add_ln703_217_fu_101019_p2  |     +    |      0|  0|  18|          12|          12|
    |add_ln703_218_fu_101029_p2  |     +    |      0|  0|  11|          11|          11|
    |add_ln703_219_fu_101039_p2  |     +    |      0|  0|  12|          12|          12|
    |add_ln703_220_fu_101049_p2  |     +    |      0|  0|  11|          11|          11|
    |add_ln703_221_fu_101059_p2  |     +    |      0|  0|  11|          11|           9|
    |add_ln703_222_fu_101069_p2  |     +    |      0|  0|  12|          12|          12|
    |add_ln703_223_fu_101079_p2  |     +    |      0|  0|  18|          13|          13|
    |add_ln703_224_fu_101085_p2  |     +    |      0|  0|  18|          13|          13|
    |add_ln703_226_fu_101105_p2  |     +    |      0|  0|  10|          10|          10|
    |add_ln703_227_fu_101115_p2  |     +    |      0|  0|  11|          11|          11|
    |add_ln703_228_fu_101125_p2  |     +    |      0|  0|  11|          11|          11|
    |add_ln703_229_fu_101135_p2  |     +    |      0|  0|  12|          12|          12|
    |add_ln703_230_fu_101145_p2  |     +    |      0|  0|  13|          13|          13|
    |add_ln703_231_fu_101155_p2  |     +    |      0|  0|  10|          10|          10|
    |add_ln703_232_fu_101165_p2  |     +    |      0|  0|  11|          11|          11|
    |add_ln703_233_fu_101175_p2  |     +    |      0|  0|  11|          11|          11|
    |add_ln703_234_fu_101193_p2  |     +    |      0|  0|  16|          16|          16|
    |add_ln703_235_fu_101199_p2  |     +    |      0|  0|  18|          16|          16|
    |add_ln703_237_fu_101211_p2  |     +    |      0|  0|  18|          11|          11|
    |add_ln703_238_fu_101217_p2  |     +    |      0|  0|  10|          10|          10|
    |add_ln703_239_fu_101227_p2  |     +    |      0|  0|  18|          11|          11|
    |add_ln703_240_fu_101237_p2  |     +    |      0|  0|  11|          11|          11|
    |add_ln703_241_fu_101247_p2  |     +    |      0|  0|   9|           9|           9|
    |add_ln703_242_fu_101257_p2  |     +    |      0|  0|  10|          10|          10|
    |add_ln703_243_fu_101267_p2  |     +    |      0|  0|  18|          12|          12|
    |add_ln703_244_fu_101273_p2  |     +    |      0|  0|  18|          12|          12|
    |add_ln703_245_fu_101283_p2  |     +    |      0|  0|  10|          10|          10|
    |add_ln703_246_fu_101293_p2  |     +    |      0|  0|   6|           6|           6|
    |add_ln703_247_fu_101303_p2  |     +    |      0|  0|   8|           8|           8|
    |add_ln703_248_fu_101313_p2  |     +    |      0|  0|  11|          11|          11|
    |add_ln703_249_fu_101323_p2  |     +    |      0|  0|  11|          11|          11|
    |add_ln703_250_fu_101333_p2  |     +    |      0|  0|   8|           8|           8|
    |add_ln703_251_fu_101343_p2  |     +    |      0|  0|  11|          11|          11|
    |add_ln703_252_fu_101353_p2  |     +    |      0|  0|  18|          13|          13|
    |add_ln703_253_fu_101359_p2  |     +    |      0|  0|  18|          13|          13|
    |add_ln703_255_fu_101379_p2  |     +    |      0|  0|  18|          12|          12|
    |add_ln703_256_fu_101385_p2  |     +    |      0|  0|  18|          12|          12|
    |add_ln703_257_fu_101395_p2  |     +    |      0|  0|  11|          11|          11|
    |add_ln703_258_fu_101405_p2  |     +    |      0|  0|  11|          11|          11|
    |add_ln703_259_fu_101415_p2  |     +    |      0|  0|  18|          13|          13|
    |add_ln703_260_fu_101421_p2  |     +    |      0|  0|  18|          13|          13|
    |add_ln703_261_fu_101431_p2  |     +    |      0|  0|  11|          11|          11|
    |add_ln703_262_fu_101441_p2  |     +    |      0|  0|  11|          11|          11|
    |add_ln703_263_fu_101451_p2  |     +    |      0|  0|  12|          12|          12|
    |add_ln703_264_fu_101461_p2  |     +    |      0|  0|  11|          11|          11|
    |add_ln703_265_fu_101479_p2  |     +    |      0|  0|  16|          16|          16|
    |add_ln703_266_fu_101485_p2  |     +    |      0|  0|  18|          16|          16|
    |add_ln703_268_fu_101497_p2  |     +    |      0|  0|  18|          16|          16|
    |add_ln703_269_fu_101503_p2  |     +    |      0|  0|  12|          12|          12|
    |add_ln703_270_fu_101513_p2  |     +    |      0|  0|  18|          16|          16|
    |add_ln703_271_fu_101519_p2  |     +    |      0|  0|   8|           8|           8|
    |add_ln703_272_fu_101529_p2  |     +    |      0|  0|  12|          12|          12|
    |add_ln703_273_fu_101535_p2  |     +    |      0|  0|  18|          12|          12|
    |add_ln703_274_fu_101541_p2  |     +    |      0|  0|  18|          12|          12|
    |add_ln703_275_fu_101551_p2  |     +    |      0|  0|  18|          16|          16|
    |add_ln703_276_fu_101557_p2  |     +    |      0|  0|   9|           9|           9|
    |add_ln703_277_fu_101567_p2  |     +    |      0|  0|   9|           9|           9|
    |add_ln703_278_fu_101577_p2  |     +    |      0|  0|  10|          10|          10|
    |add_ln703_279_fu_101587_p2  |     +    |      0|  0|  10|          10|          10|
    |add_ln703_280_fu_101597_p2  |     +    |      0|  0|  10|          10|          10|
    |add_ln703_281_fu_101607_p2  |     +    |      0|  0|  11|          11|          11|
    |add_ln703_282_fu_101617_p2  |     +    |      0|  0|  12|          12|          12|
    |add_ln703_283_fu_101627_p2  |     +    |      0|  0|  13|          13|          13|
    |add_ln703_285_fu_101643_p2  |     +    |      0|  0|  11|          11|          11|
    |add_ln703_286_fu_101653_p2  |     +    |      0|  0|  18|          12|          12|
    |add_ln703_287_fu_101659_p2  |     +    |      0|  0|  18|          11|          11|
    |add_ln703_288_fu_101665_p2  |     +    |      0|  0|  18|          11|          11|
    |add_ln703_289_fu_101675_p2  |     +    |      0|  0|  18|          12|          12|
    |add_ln703_290_fu_101685_p2  |     +    |      0|  0|  10|          10|          10|
    |add_ln703_291_fu_101695_p2  |     +    |      0|  0|  12|          12|          12|
    |add_ln703_292_fu_101705_p2  |     +    |      0|  0|  18|          11|           8|
    |add_ln703_293_fu_101711_p2  |     +    |      0|  0|  18|          11|          11|
    |add_ln703_294_fu_101721_p2  |     +    |      0|  0|  13|          13|          13|
    |add_ln703_296_fu_101741_p2  |     +    |      0|  0|  18|          12|          12|
    |add_ln703_297_fu_101747_p2  |     +    |      0|  0|  10|          10|          10|
    |add_ln703_298_fu_101757_p2  |     +    |      0|  0|  11|          11|          11|
    |add_ln703_299_fu_101767_p2  |     +    |      0|  0|  18|          12|          12|
    |add_ln703_300_fu_101777_p2  |     +    |      0|  0|  10|          10|          10|
    |add_ln703_301_fu_101787_p2  |     +    |      0|  0|  11|          11|          11|
    |add_ln703_302_fu_101797_p2  |     +    |      0|  0|  11|          11|          11|
    |add_ln703_303_fu_101807_p2  |     +    |      0|  0|  12|          12|          12|
    |add_ln703_304_fu_101817_p2  |     +    |      0|  0|  18|          13|          13|
    |add_ln703_305_fu_101823_p2  |     +    |      0|  0|  18|          13|          13|
    |add_ln703_306_fu_101833_p2  |     +    |      0|  0|  11|          11|          11|
    |add_ln703_307_fu_101843_p2  |     +    |      0|  0|  18|          11|          11|
    |add_ln703_308_fu_101849_p2  |     +    |      0|  0|  18|          11|          11|
    |add_ln703_309_fu_101859_p2  |     +    |      0|  0|  12|          12|          12|
    |add_ln703_310_fu_101869_p2  |     +    |      0|  0|   9|           9|           9|
    |add_ln703_311_fu_101879_p2  |     +    |      0|  0|  10|          10|          10|
    |add_ln703_312_fu_101899_p2  |     +    |      0|  0|   7|           7|           7|
    |add_ln703_313_fu_101909_p2  |     +    |      0|  0|  11|          11|          11|
    |add_ln703_314_fu_101919_p2  |     +    |      0|  0|  14|          14|          14|
    |add_ln703_316_fu_101939_p2  |     +    |      0|  0|  18|          12|          12|
    |add_ln703_317_fu_101945_p2  |     +    |      0|  0|  18|          12|          12|
    |add_ln703_318_fu_101955_p2  |     +    |      0|  0|  11|          11|          11|
    |add_ln703_319_fu_101965_p2  |     +    |      0|  0|  11|          11|          11|
    |add_ln703_320_fu_101975_p2  |     +    |      0|  0|  12|          12|          12|
    |add_ln703_322_fu_101995_p2  |     +    |      0|  0|   9|           9|           9|
    |add_ln703_323_fu_102005_p2  |     +    |      0|  0|  10|          10|          10|
    |add_ln703_324_fu_102015_p2  |     +    |      0|  0|  18|          12|          12|
    |add_ln703_325_fu_102021_p2  |     +    |      0|  0|   9|           9|           9|
    |add_ln703_326_fu_102031_p2  |     +    |      0|  0|  18|          12|          12|
    |add_ln703_327_fu_102041_p2  |     +    |      0|  0|  13|          13|          13|
    |add_ln703_328_fu_102051_p2  |     +    |      0|  0|  11|          11|          11|
    |add_ln703_329_fu_102061_p2  |     +    |      0|  0|  11|          11|          11|
    |add_ln703_330_fu_102071_p2  |     +    |      0|  0|  12|          12|          12|
    |add_ln703_331_fu_102081_p2  |     +    |      0|  0|  11|          11|          11|
    |add_ln703_332_fu_102091_p2  |     +    |      0|  0|  11|          11|           7|
    |add_ln703_333_fu_102101_p2  |     +    |      0|  0|  13|          13|          13|
    |add_ln703_334_fu_102111_p2  |     +    |      0|  0|  18|          14|          14|
    |add_ln703_336_fu_102127_p2  |     +    |      0|  0|  12|          12|          12|
    |add_ln703_337_fu_102137_p2  |     +    |      0|  0|   8|           8|           8|
    |add_ln703_338_fu_102147_p2  |     +    |      0|  0|  12|          12|          12|
    |add_ln703_339_fu_102157_p2  |     +    |      0|  0|  13|          13|          13|
    |add_ln703_340_fu_102167_p2  |     +    |      0|  0|  11|          11|          11|
    |add_ln703_341_fu_102177_p2  |     +    |      0|  0|  12|          12|          12|
    |add_ln703_342_fu_102187_p2  |     +    |      0|  0|  11|          11|          11|
    |add_ln703_343_fu_102197_p2  |     +    |      0|  0|  12|          12|          12|
    |add_ln703_344_fu_102207_p2  |     +    |      0|  0|  13|          13|          13|
    |add_ln703_345_fu_102217_p2  |     +    |      0|  0|  14|          14|          14|
    |add_ln703_346_fu_102227_p2  |     +    |      0|  0|  18|          11|          11|
    |add_ln703_347_fu_102233_p2  |     +    |      0|  0|  18|          11|          11|
    |add_ln703_348_fu_102243_p2  |     +    |      0|  0|   9|           9|           9|
    |add_ln703_349_fu_102253_p2  |     +    |      0|  0|  10|          10|          10|
    |add_ln703_350_fu_102263_p2  |     +    |      0|  0|  12|          12|          12|
    |add_ln703_351_fu_102273_p2  |     +    |      0|  0|  18|          11|          11|
    |add_ln703_352_fu_102279_p2  |     +    |      0|  0|  18|          11|          11|
    |add_ln703_353_fu_102301_p2  |     +    |      0|  0|  11|          11|          11|
    |add_ln703_354_fu_102311_p2  |     +    |      0|  0|  12|          12|          12|
    |add_ln703_355_fu_102321_p2  |     +    |      0|  0|  13|          13|          13|
    |add_ln703_357_fu_102341_p2  |     +    |      0|  0|  18|          11|          11|
    |add_ln703_358_fu_102347_p2  |     +    |      0|  0|  18|          11|          11|
    |add_ln703_359_fu_102357_p2  |     +    |      0|  0|  10|          10|          10|
    |add_ln703_360_fu_102367_p2  |     +    |      0|  0|  11|          11|          11|
    |add_ln703_361_fu_102377_p2  |     +    |      0|  0|  13|          13|          13|
    |add_ln703_362_fu_102387_p2  |     +    |      0|  0|  18|           9|           9|
    |add_ln703_363_fu_102393_p2  |     +    |      0|  0|  18|           9|           9|
    |add_ln703_364_fu_102403_p2  |     +    |      0|  0|   8|           8|           7|
    |add_ln703_365_fu_102413_p2  |     +    |      0|  0|  18|          11|          11|
    |add_ln703_366_fu_102419_p2  |     +    |      0|  0|  18|          11|          11|
    |add_ln703_368_fu_102439_p2  |     +    |      0|  0|   9|           9|           9|
    |add_ln703_369_fu_102449_p2  |     +    |      0|  0|  18|          10|          10|
    |add_ln703_370_fu_102455_p2  |     +    |      0|  0|  18|          10|          10|
    |add_ln703_371_fu_102465_p2  |     +    |      0|  0|  18|          11|          11|
    |add_ln703_372_fu_102471_p2  |     +    |      0|  0|   8|           8|           8|
    |add_ln703_373_fu_102481_p2  |     +    |      0|  0|  10|          10|          10|
    |add_ln703_374_fu_102491_p2  |     +    |      0|  0|  18|          11|          11|
    |add_ln703_376_fu_102511_p2  |     +    |      0|  0|  10|          10|          10|
    |add_ln703_377_fu_102521_p2  |     +    |      0|  0|  10|          10|          10|
    |add_ln703_378_fu_102531_p2  |     +    |      0|  0|  11|          11|          11|
    |add_ln703_379_fu_102541_p2  |     +    |      0|  0|  10|          10|          10|
    |add_ln703_380_fu_102551_p2  |     +    |      0|  0|  12|          12|          12|
    |add_ln703_381_fu_102557_p2  |     +    |      0|  0|  18|          12|          12|
    |add_ln703_382_fu_102563_p2  |     +    |      0|  0|  18|          12|          12|
    |add_ln703_383_fu_102573_p2  |     +    |      0|  0|  13|          13|          13|
    |add_ln703_384_fu_102583_p2  |     +    |      0|  0|  11|          11|          11|
    |add_ln703_385_fu_102593_p2  |     +    |      0|  0|  18|          11|          11|
    |add_ln703_386_fu_102599_p2  |     +    |      0|  0|  18|          11|          11|
    |add_ln703_387_fu_102609_p2  |     +    |      0|  0|  12|          12|          12|
    |add_ln703_388_fu_102619_p2  |     +    |      0|  0|  11|          11|          11|
    |add_ln703_389_fu_102629_p2  |     +    |      0|  0|  18|           9|           8|
    |add_ln703_390_fu_102635_p2  |     +    |      0|  0|  18|           9|           9|
    |add_ln703_391_fu_102645_p2  |     +    |      0|  0|  12|          12|          12|
    |add_ln703_392_fu_102655_p2  |     +    |      0|  0|  13|          13|          13|
    |add_ln703_394_fu_102675_p2  |     +    |      0|  0|  10|          10|          10|
    |add_ln703_395_fu_102685_p2  |     +    |      0|  0|  18|          11|          11|
    |add_ln703_396_fu_102691_p2  |     +    |      0|  0|  18|          11|          11|
    |add_ln703_397_fu_102701_p2  |     +    |      0|  0|  12|          12|          12|
    |add_ln703_398_fu_102711_p2  |     +    |      0|  0|  11|          11|          11|
    |add_ln703_399_fu_102721_p2  |     +    |      0|  0|   9|           9|           9|
    |add_ln703_400_fu_102731_p2  |     +    |      0|  0|  10|          10|          10|
    |add_ln703_401_fu_102741_p2  |     +    |      0|  0|  12|          12|          12|
    |add_ln703_402_fu_102751_p2  |     +    |      0|  0|  13|          13|          13|
    |add_ln703_403_fu_102761_p2  |     +    |      0|  0|  11|          11|          11|
    |add_ln703_404_fu_102771_p2  |     +    |      0|  0|  11|          11|          11|
    |add_ln703_405_fu_102781_p2  |     +    |      0|  0|  18|          12|          12|
    |add_ln703_406_fu_102787_p2  |     +    |      0|  0|  18|          12|          12|
    |add_ln703_407_fu_102797_p2  |     +    |      0|  0|  10|          10|          10|
    |add_ln703_408_fu_102815_p2  |     +    |      0|  0|  18|          16|          16|
    |add_ln703_409_fu_102821_p2  |     +    |      0|  0|  18|          16|          16|
    |add_ln703_410_fu_102827_p2  |     +    |      0|  0|  18|          16|          16|
    |add_ln703_412_fu_102839_p2  |     +    |      0|  0|  10|          10|          10|
    |add_ln703_413_fu_102849_p2  |     +    |      0|  0|  11|          11|          11|
    |add_ln703_414_fu_102859_p2  |     +    |      0|  0|  11|          11|          11|
    |add_ln703_415_fu_102869_p2  |     +    |      0|  0|  18|          13|          13|
    |add_ln703_416_fu_102875_p2  |     +    |      0|  0|  18|          13|          13|
    |add_ln703_417_fu_102885_p2  |     +    |      0|  0|  18|          10|          10|
    |add_ln703_418_fu_102891_p2  |     +    |      0|  0|  18|          10|          10|
    |add_ln703_419_fu_102901_p2  |     +    |      0|  0|   8|           8|           7|
    |add_ln703_420_fu_102911_p2  |     +    |      0|  0|  10|          10|          10|
    |add_ln703_421_fu_102921_p2  |     +    |      0|  0|  11|          11|          11|
    |add_ln703_423_fu_102941_p2  |     +    |      0|  0|  11|          11|          11|
    |add_ln703_424_fu_102951_p2  |     +    |      0|  0|  10|          10|          10|
    |add_ln703_425_fu_102961_p2  |     +    |      0|  0|  12|          12|          12|
    |add_ln703_426_fu_102971_p2  |     +    |      0|  0|  10|          10|          10|
    |add_ln703_427_fu_102981_p2  |     +    |      0|  0|  11|          11|          11|
    |add_ln703_428_fu_102991_p2  |     +    |      0|  0|  12|          12|          12|
    |add_ln703_429_fu_103001_p2  |     +    |      0|  0|  13|          13|          13|
    |add_ln703_430_fu_103011_p2  |     +    |      0|  0|  12|          12|          12|
    |add_ln703_431_fu_103021_p2  |     +    |      0|  0|  11|          11|          11|
    |add_ln703_432_fu_103031_p2  |     +    |      0|  0|  13|          13|          13|
    |add_ln703_433_fu_103041_p2  |     +    |      0|  0|   9|           9|           9|
    |add_ln703_434_fu_103051_p2  |     +    |      0|  0|  18|          11|          11|
    |add_ln703_435_fu_103057_p2  |     +    |      0|  0|  18|          11|          11|
    |add_ln703_436_fu_103067_p2  |     +    |      0|  0|  14|          14|          14|
    |add_ln703_438_fu_103087_p2  |     +    |      0|  0|  10|          10|          10|
    |add_ln703_439_fu_103097_p2  |     +    |      0|  0|  18|          12|          12|
    |add_ln703_43_fu_99387_p2    |     +    |      0|  0|  11|          11|          11|
    |add_ln703_440_fu_103103_p2  |     +    |      0|  0|  18|          12|          12|
    |add_ln703_441_fu_103113_p2  |     +    |      0|  0|   9|           9|           9|
    |add_ln703_442_fu_103123_p2  |     +    |      0|  0|  10|          10|           9|
    |add_ln703_443_fu_103133_p2  |     +    |      0|  0|  18|          11|          11|
    |add_ln703_444_fu_103139_p2  |     +    |      0|  0|  18|          11|          11|
    |add_ln703_446_fu_103159_p2  |     +    |      0|  0|  18|          12|          12|
    |add_ln703_447_fu_103165_p2  |     +    |      0|  0|  18|          12|          12|
    |add_ln703_448_fu_103175_p2  |     +    |      0|  0|   9|           9|           9|
    |add_ln703_449_fu_103185_p2  |     +    |      0|  0|  18|          10|          10|
    |add_ln703_44_fu_99397_p2    |     +    |      0|  0|  18|          12|          12|
    |add_ln703_450_fu_103191_p2  |     +    |      0|  0|  18|          10|          10|
    |add_ln703_451_fu_103201_p2  |     +    |      0|  0|  13|          13|          13|
    |add_ln703_452_fu_103211_p2  |     +    |      0|  0|  10|          10|          10|
    |add_ln703_453_fu_103221_p2  |     +    |      0|  0|  11|          11|          11|
    |add_ln703_454_fu_103231_p2  |     +    |      0|  0|  18|          12|          12|
    |add_ln703_455_fu_103237_p2  |     +    |      0|  0|  18|          10|          10|
    |add_ln703_456_fu_103243_p2  |     +    |      0|  0|   7|           7|           6|
    |add_ln703_457_fu_103253_p2  |     +    |      0|  0|  18|          10|          10|
    |add_ln703_458_fu_103263_p2  |     +    |      0|  0|  18|          12|          12|
    |add_ln703_45_fu_99403_p2    |     +    |      0|  0|  18|          12|          12|
    |add_ln703_46_fu_99413_p2    |     +    |      0|  0|   7|           7|           7|
    |add_ln703_47_fu_99423_p2    |     +    |      0|  0|   8|           8|           8|
    |add_ln703_48_fu_99433_p2    |     +    |      0|  0|  12|          12|          12|
    |add_ln703_49_fu_99439_p2    |     +    |      0|  0|  18|          12|          12|
    |add_ln703_50_fu_99445_p2    |     +    |      0|  0|  18|          12|          12|
    |add_ln703_51_fu_99455_p2    |     +    |      0|  0|  13|          13|          13|
    |add_ln703_52_fu_99465_p2    |     +    |      0|  0|  12|          12|          12|
    |add_ln703_53_fu_99475_p2    |     +    |      0|  0|  11|          11|          11|
    |add_ln703_54_fu_99485_p2    |     +    |      0|  0|  12|          12|          12|
    |add_ln703_55_fu_99495_p2    |     +    |      0|  0|  13|          13|          13|
    |add_ln703_56_fu_99505_p2    |     +    |      0|  0|  11|          11|           7|
    |add_ln703_57_fu_99515_p2    |     +    |      0|  0|  12|          12|          12|
    |add_ln703_58_fu_99525_p2    |     +    |      0|  0|   7|           7|           7|
    |add_ln703_59_fu_99535_p2    |     +    |      0|  0|   8|           8|           8|
    |add_ln703_60_fu_99545_p2    |     +    |      0|  0|  13|          13|          13|
    |add_ln703_61_fu_99555_p2    |     +    |      0|  0|  14|          14|          14|
    |add_ln703_62_fu_99565_p2    |     +    |      0|  0|  15|          15|          15|
    |add_ln703_63_fu_99575_p2    |     +    |      0|  0|  12|          12|          12|
    |add_ln703_64_fu_99581_p2    |     +    |      0|  0|  18|          12|          12|
    |add_ln703_65_fu_99587_p2    |     +    |      0|  0|  18|          10|          10|
    |add_ln703_66_fu_99593_p2    |     +    |      0|  0|  18|          10|          10|
    |add_ln703_67_fu_99603_p2    |     +    |      0|  0|  18|          12|          12|
    |add_ln703_68_fu_99613_p2    |     +    |      0|  0|  11|          11|          11|
    |add_ln703_69_fu_99623_p2    |     +    |      0|  0|  12|          12|          12|
    |add_ln703_70_fu_99633_p2    |     +    |      0|  0|  18|          11|          11|
    |add_ln703_71_fu_99639_p2    |     +    |      0|  0|   9|           9|           9|
    |add_ln703_72_fu_99649_p2    |     +    |      0|  0|  18|          11|          11|
    |add_ln703_73_fu_99659_p2    |     +    |      0|  0|  13|          13|          13|
    |add_ln703_74_fu_99669_p2    |     +    |      0|  0|  14|          14|          14|
    |add_ln703_75_fu_99679_p2    |     +    |      0|  0|  10|          10|          10|
    |add_ln703_76_fu_99689_p2    |     +    |      0|  0|  11|          11|          11|
    |add_ln703_77_fu_99699_p2    |     +    |      0|  0|  10|          10|          10|
    |add_ln703_78_fu_99709_p2    |     +    |      0|  0|  11|          11|          11|
    |add_ln703_79_fu_99719_p2    |     +    |      0|  0|  12|          12|          12|
    |add_ln703_80_fu_99729_p2    |     +    |      0|  0|  18|          13|          13|
    |add_ln703_81_fu_99735_p2    |     +    |      0|  0|  18|          11|          11|
    |add_ln703_82_fu_99741_p2    |     +    |      0|  0|  18|          11|          11|
    |add_ln703_83_fu_99751_p2    |     +    |      0|  0|  18|          11|          11|
    |add_ln703_84_fu_99769_p2    |     +    |      0|  0|  18|          11|          11|
    |add_ln703_85_fu_99779_p2    |     +    |      0|  0|  12|          12|          12|
    |add_ln703_86_fu_99789_p2    |     +    |      0|  0|  18|          13|          13|
    |add_ln703_89_fu_99819_p2    |     +    |      0|  0|  12|          12|          12|
    |add_ln703_90_fu_99829_p2    |     +    |      0|  0|   9|           9|           9|
    |add_ln703_91_fu_99839_p2    |     +    |      0|  0|  18|          13|          13|
    |add_ln703_92_fu_99845_p2    |     +    |      0|  0|  11|          11|          11|
    |add_ln703_93_fu_99855_p2    |     +    |      0|  0|  18|          10|          10|
    |add_ln703_94_fu_99861_p2    |     +    |      0|  0|  18|          10|          10|
    |add_ln703_95_fu_99871_p2    |     +    |      0|  0|  12|          12|          12|
    |add_ln703_96_fu_99881_p2    |     +    |      0|  0|  18|          13|          13|
    |add_ln703_97_fu_99891_p2    |     +    |      0|  0|  18|          11|          11|
    |add_ln703_98_fu_99897_p2    |     +    |      0|  0|   8|           8|           8|
    |add_ln703_99_fu_99907_p2    |     +    |      0|  0|  18|          11|          11|
    |add_ln703_fu_99377_p2       |     +    |      0|  0|   9|           9|           9|
    |add_ln708_10_fu_92017_p2    |     +    |      0|  0|  10|          10|          10|
    |add_ln708_11_fu_92178_p2    |     +    |      0|  0|  11|          11|          11|
    |add_ln708_12_fu_92318_p2    |     +    |      0|  0|  10|          10|          10|
    |add_ln708_13_fu_92497_p2    |     +    |      0|  0|  10|          10|          10|
    |add_ln708_14_fu_92675_p2    |     +    |      0|  0|  10|          10|          10|
    |add_ln708_15_fu_92713_p2    |     +    |      0|  0|   9|           9|           9|
    |add_ln708_16_fu_92970_p2    |     +    |      0|  0|  10|          10|          10|
    |add_ln708_17_fu_93159_p2    |     +    |      0|  0|  11|          11|          11|
    |add_ln708_18_fu_93197_p2    |     +    |      0|  0|  11|          11|          11|
    |add_ln708_19_fu_93325_p2    |     +    |      0|  0|   9|           9|           9|
    |add_ln708_1_fu_89989_p2     |     +    |      0|  0|  11|          11|          11|
    |add_ln708_20_fu_93369_p2    |     +    |      0|  0|  10|          10|          10|
    |add_ln708_21_fu_93451_p2    |     +    |      0|  0|   9|           9|           9|
    |add_ln708_22_fu_93596_p2    |     +    |      0|  0|  10|          10|          10|
    |add_ln708_23_fu_93718_p2    |     +    |      0|  0|   9|           9|           9|
    |add_ln708_24_fu_93771_p2    |     +    |      0|  0|   9|           9|           9|
    |add_ln708_25_fu_93977_p2    |     +    |      0|  0|  10|          10|          10|
    |add_ln708_26_fu_94361_p2    |     +    |      0|  0|   9|           9|           9|
    |add_ln708_27_fu_94640_p2    |     +    |      0|  0|  10|          10|          10|
    |add_ln708_28_fu_94739_p2    |     +    |      0|  0|   9|           9|           9|
    |add_ln708_29_fu_94807_p2    |     +    |      0|  0|  10|          10|          10|
    |add_ln708_2_fu_90371_p2     |     +    |      0|  0|   9|           9|           9|
    |add_ln708_30_fu_94847_p2    |     +    |      0|  0|  10|          10|          10|
    |add_ln708_31_fu_94923_p2    |     +    |      0|  0|  10|          10|          10|
    |add_ln708_32_fu_95044_p2    |     +    |      0|  0|  10|          10|          10|
    |add_ln708_33_fu_95064_p2    |     +    |      0|  0|  10|          10|          10|
    |add_ln708_34_fu_95566_p2    |     +    |      0|  0|  10|          10|          10|
    |add_ln708_35_fu_95634_p2    |     +    |      0|  0|   9|           9|           9|
    |add_ln708_36_fu_96013_p2    |     +    |      0|  0|  11|          11|          11|
    |add_ln708_37_fu_96309_p2    |     +    |      0|  0|   9|           9|           9|
    |add_ln708_38_fu_96371_p2    |     +    |      0|  0|  10|          10|          10|
    |add_ln708_39_fu_96511_p2    |     +    |      0|  0|  11|          11|          11|
    |add_ln708_3_fu_91021_p2     |     +    |      0|  0|  10|          10|          10|
    |add_ln708_40_fu_96765_p2    |     +    |      0|  0|   9|           9|           9|
    |add_ln708_41_fu_96815_p2    |     +    |      0|  0|  10|          10|          10|
    |add_ln708_42_fu_97101_p2    |     +    |      0|  0|  11|          11|          11|
    |add_ln708_43_fu_97400_p2    |     +    |      0|  0|   9|           9|           9|
    |add_ln708_44_fu_97665_p2    |     +    |      0|  0|   9|           9|           9|
    |add_ln708_45_fu_97977_p2    |     +    |      0|  0|  10|          10|          10|
    |add_ln708_46_fu_98065_p2    |     +    |      0|  0|   9|           9|           9|
    |add_ln708_47_fu_98172_p2    |     +    |      0|  0|  10|          10|          10|
    |add_ln708_48_fu_98200_p2    |     +    |      0|  0|  10|          10|          10|
    |add_ln708_49_fu_98447_p2    |     +    |      0|  0|   9|           9|           9|
    |add_ln708_4_fu_91137_p2     |     +    |      0|  0|   9|           9|           9|
    |add_ln708_50_fu_98491_p2    |     +    |      0|  0|  10|          10|          10|
    |add_ln708_51_fu_98738_p2    |     +    |      0|  0|  10|          10|          10|
    |add_ln708_52_fu_98758_p2    |     +    |      0|  0|   9|           9|           9|
    |add_ln708_53_fu_98803_p2    |     +    |      0|  0|  11|          11|          11|
    |add_ln708_54_fu_99165_p2    |     +    |      0|  0|  10|          10|          10|
    |add_ln708_5_fu_91418_p2     |     +    |      0|  0|   9|           9|           9|
    |add_ln708_6_fu_91479_p2     |     +    |      0|  0|  10|          10|          10|
    |add_ln708_7_fu_91561_p2     |     +    |      0|  0|  11|          11|          11|
    |add_ln708_8_fu_91742_p2     |     +    |      0|  0|  10|          10|          10|
    |add_ln708_9_fu_91888_p2     |     +    |      0|  0|   9|           9|           9|
    |add_ln708_fu_89616_p2       |     +    |      0|  0|   9|           9|           9|
    |sub_ln1118_100_fu_94011_p2  |     -    |      0|  0|   8|           1|           8|
    |sub_ln1118_101_fu_94072_p2  |     -    |      0|  0|  10|           1|          10|
    |sub_ln1118_102_fu_94240_p2  |     -    |      0|  0|   9|           9|           9|
    |sub_ln1118_103_fu_94393_p2  |     -    |      0|  0|  10|           1|          10|
    |sub_ln1118_104_fu_94430_p2  |     -    |      0|  0|   8|           1|           8|
    |sub_ln1118_105_fu_94522_p2  |     -    |      0|  0|   9|           1|           9|
    |sub_ln1118_106_fu_94554_p2  |     -    |      0|  0|   9|           1|           9|
    |sub_ln1118_107_fu_94685_p2  |     -    |      0|  0|   9|           1|           9|
    |sub_ln1118_108_fu_94771_p2  |     -    |      0|  0|  11|          11|          11|
    |sub_ln1118_109_fu_94827_p2  |     -    |      0|  0|  10|          10|          10|
    |sub_ln1118_10_fu_90760_p2   |     -    |      0|  0|   7|           1|           7|
    |sub_ln1118_110_fu_94943_p2  |     -    |      0|  0|  10|          10|          10|
    |sub_ln1118_111_fu_95174_p2  |     -    |      0|  0|  11|          11|          11|
    |sub_ln1118_112_fu_95194_p2  |     -    |      0|  0|  10|           1|          10|
    |sub_ln1118_113_fu_95204_p2  |     -    |      0|  0|  11|          11|          11|
    |sub_ln1118_114_fu_95224_p2  |     -    |      0|  0|  11|           1|          11|
    |sub_ln1118_115_fu_95234_p2  |     -    |      0|  0|  12|          12|          12|
    |sub_ln1118_116_fu_95345_p2  |     -    |      0|  0|   9|           1|           9|
    |sub_ln1118_117_fu_95355_p2  |     -    |      0|  0|  10|          10|          10|
    |sub_ln1118_118_fu_95482_p2  |     -    |      0|  0|  11|          11|          11|
    |sub_ln1118_119_fu_95506_p2  |     -    |      0|  0|   9|           9|           9|
    |sub_ln1118_11_fu_91348_p2   |     -    |      0|  0|   7|           1|           7|
    |sub_ln1118_120_fu_95670_p2  |     -    |      0|  0|  10|          10|          10|
    |sub_ln1118_121_fu_95690_p2  |     -    |      0|  0|  10|           1|          10|
    |sub_ln1118_122_fu_95714_p2  |     -    |      0|  0|  11|           1|          11|
    |sub_ln1118_123_fu_95748_p2  |     -    |      0|  0|  11|          11|          11|
    |sub_ln1118_124_fu_95768_p2  |     -    |      0|  0|  11|          11|          11|
    |sub_ln1118_125_fu_95889_p2  |     -    |      0|  0|   9|           9|           9|
    |sub_ln1118_126_fu_95949_p2  |     -    |      0|  0|   9|           1|           9|
    |sub_ln1118_127_fu_95981_p2  |     -    |      0|  0|  10|           1|          10|
    |sub_ln1118_128_fu_96097_p2  |     -    |      0|  0|   9|           1|           9|
    |sub_ln1118_129_fu_96107_p2  |     -    |      0|  0|  10|          10|          10|
    |sub_ln1118_12_fu_91577_p2   |     -    |      0|  0|   7|           1|           7|
    |sub_ln1118_130_fu_96143_p2  |     -    |      0|  0|  11|           1|          11|
    |sub_ln1118_131_fu_96153_p2  |     -    |      0|  0|  12|          12|          12|
    |sub_ln1118_132_fu_96219_p2  |     -    |      0|  0|  10|           1|          10|
    |sub_ln1118_133_fu_96229_p2  |     -    |      0|  0|  11|          11|          11|
    |sub_ln1118_134_fu_96407_p2  |     -    |      0|  0|  10|          10|          10|
    |sub_ln1118_135_fu_96443_p2  |     -    |      0|  0|  10|          10|          10|
    |sub_ln1118_136_fu_96475_p2  |     -    |      0|  0|   9|           1|           9|
    |sub_ln1118_137_fu_96527_p2  |     -    |      0|  0|   8|           1|           8|
    |sub_ln1118_138_fu_96569_p2  |     -    |      0|  0|  12|           1|          12|
    |sub_ln1118_139_fu_96601_p2  |     -    |      0|  0|   8|           1|           8|
    |sub_ln1118_13_fu_92150_p2   |     -    |      0|  0|   7|           1|           7|
    |sub_ln1118_140_fu_96699_p2  |     -    |      0|  0|  11|          11|          11|
    |sub_ln1118_141_fu_96967_p2  |     -    |      0|  0|   9|           1|           9|
    |sub_ln1118_142_fu_96987_p2  |     -    |      0|  0|   9|           9|           9|
    |sub_ln1118_143_fu_97193_p2  |     -    |      0|  0|  10|           1|          10|
    |sub_ln1118_144_fu_97261_p2  |     -    |      0|  0|   9|           9|           9|
    |sub_ln1118_145_fu_97300_p2  |     -    |      0|  0|   9|           1|           9|
    |sub_ln1118_146_fu_97356_p2  |     -    |      0|  0|   8|           1|           8|
    |sub_ln1118_147_fu_97450_p2  |     -    |      0|  0|   8|           1|           8|
    |sub_ln1118_148_fu_97470_p2  |     -    |      0|  0|   9|           1|           9|
    |sub_ln1118_149_fu_97480_p2  |     -    |      0|  0|  10|          10|          10|
    |sub_ln1118_14_fu_92350_p2   |     -    |      0|  0|   7|           1|           7|
    |sub_ln1118_150_fu_97595_p2  |     -    |      0|  0|   9|           9|           9|
    |sub_ln1118_151_fu_97631_p2  |     -    |      0|  0|   8|           1|           8|
    |sub_ln1118_152_fu_97705_p2  |     -    |      0|  0|   9|           9|           9|
    |sub_ln1118_153_fu_97737_p2  |     -    |      0|  0|  11|          11|          11|
    |sub_ln1118_154_fu_97809_p2  |     -    |      0|  0|  10|          10|          10|
    |sub_ln1118_155_fu_97829_p2  |     -    |      0|  0|  10|           1|          10|
    |sub_ln1118_156_fu_97935_p2  |     -    |      0|  0|  11|           1|          11|
    |sub_ln1118_157_fu_97945_p2  |     -    |      0|  0|  12|          12|          12|
    |sub_ln1118_158_fu_98246_p2  |     -    |      0|  0|   8|           1|           8|
    |sub_ln1118_159_fu_98282_p2  |     -    |      0|  0|  10|           1|          10|
    |sub_ln1118_15_fu_92398_p2   |     -    |      0|  0|   7|           1|           7|
    |sub_ln1118_160_fu_98361_p2  |     -    |      0|  0|   9|           1|           9|
    |sub_ln1118_161_fu_98556_p2  |     -    |      0|  0|  10|           1|          10|
    |sub_ln1118_162_fu_98660_p2  |     -    |      0|  0|  10|          10|          10|
    |sub_ln1118_163_fu_98847_p2  |     -    |      0|  0|  10|          10|          10|
    |sub_ln1118_164_fu_98891_p2  |     -    |      0|  0|  11|           1|          11|
    |sub_ln1118_165_fu_98915_p2  |     -    |      0|  0|   9|           1|           9|
    |sub_ln1118_166_fu_99009_p2  |     -    |      0|  0|  10|           1|          10|
    |sub_ln1118_167_fu_99041_p2  |     -    |      0|  0|   9|           9|           9|
    |sub_ln1118_168_fu_99065_p2  |     -    |      0|  0|   8|           1|           8|
    |sub_ln1118_169_fu_99217_p2  |     -    |      0|  0|  10|          10|          10|
    |sub_ln1118_16_fu_92855_p2   |     -    |      0|  0|   7|           1|           7|
    |sub_ln1118_170_fu_99237_p2  |     -    |      0|  0|  10|          10|          10|
    |sub_ln1118_171_fu_99305_p2  |     -    |      0|  0|   9|           9|           9|
    |sub_ln1118_172_fu_99325_p2  |     -    |      0|  0|  11|          11|          11|
    |sub_ln1118_17_fu_93297_p2   |     -    |      0|  0|   7|           1|           7|
    |sub_ln1118_18_fu_94031_p2   |     -    |      0|  0|   7|           1|           7|
    |sub_ln1118_19_fu_94144_p2   |     -    |      0|  0|   7|           1|           7|
    |sub_ln1118_20_fu_94260_p2   |     -    |      0|  0|   7|           1|           7|
    |sub_ln1118_21_fu_95154_p2   |     -    |      0|  0|   7|           1|           7|
    |sub_ln1118_22_fu_95295_p2   |     -    |      0|  0|   7|           1|           7|
    |sub_ln1118_23_fu_95819_p2   |     -    |      0|  0|   7|           1|           7|
    |sub_ln1118_24_fu_96047_p2   |     -    |      0|  0|   7|           1|           7|
    |sub_ln1118_25_fu_96891_p2   |     -    |      0|  0|   7|           1|           7|
    |sub_ln1118_26_fu_97007_p2   |     -    |      0|  0|   7|           1|           7|
    |sub_ln1118_27_fu_97563_p2   |     -    |      0|  0|   7|           1|           7|
    |sub_ln1118_28_fu_97863_p2   |     -    |      0|  0|   7|           1|           7|
    |sub_ln1118_29_fu_99185_p2   |     -    |      0|  0|   7|           1|           7|
    |sub_ln1118_30_fu_89582_p2   |     -    |      0|  0|   9|           1|           9|
    |sub_ln1118_31_fu_89592_p2   |     -    |      0|  0|  10|          10|          10|
    |sub_ln1118_32_fu_89648_p2   |     -    |      0|  0|  10|          10|          10|
    |sub_ln1118_33_fu_89686_p2   |     -    |      0|  0|   9|           9|           9|
    |sub_ln1118_34_fu_89752_p2   |     -    |      0|  0|   9|           9|           9|
    |sub_ln1118_35_fu_89901_p2   |     -    |      0|  0|   9|           9|           9|
    |sub_ln1118_36_fu_89931_p2   |     -    |      0|  0|   9|           1|           9|
    |sub_ln1118_37_fu_89941_p2   |     -    |      0|  0|  10|          10|          10|
    |sub_ln1118_38_fu_90035_p2   |     -    |      0|  0|  10|           1|          10|
    |sub_ln1118_39_fu_90045_p2   |     -    |      0|  0|  11|          11|          11|
    |sub_ln1118_40_fu_90081_p2   |     -    |      0|  0|  10|           1|          10|
    |sub_ln1118_41_fu_90113_p2   |     -    |      0|  0|  11|           1|          11|
    |sub_ln1118_42_fu_90135_p2   |     -    |      0|  0|  12|          12|          12|
    |sub_ln1118_43_fu_90231_p2   |     -    |      0|  0|   9|           1|           9|
    |sub_ln1118_44_fu_90273_p2   |     -    |      0|  0|  11|           1|          11|
    |sub_ln1118_45_fu_90437_p2   |     -    |      0|  0|   8|           1|           8|
    |sub_ln1118_46_fu_90550_p2   |     -    |      0|  0|  11|          11|          11|
    |sub_ln1118_47_fu_90570_p2   |     -    |      0|  0|  10|           1|          10|
    |sub_ln1118_48_fu_90588_p2   |     -    |      0|  0|  11|          11|          11|
    |sub_ln1118_49_fu_90608_p2   |     -    |      0|  0|   8|           1|           8|
    |sub_ln1118_50_fu_90720_p2   |     -    |      0|  0|  11|          11|          11|
    |sub_ln1118_51_fu_90740_p2   |     -    |      0|  0|   9|           1|           9|
    |sub_ln1118_52_fu_90794_p2   |     -    |      0|  0|  10|           1|          10|
    |sub_ln1118_53_fu_90947_p2   |     -    |      0|  0|   9|           9|           9|
    |sub_ln1118_54_fu_90977_p2   |     -    |      0|  0|  10|           1|          10|
    |sub_ln1118_55_fu_91001_p2   |     -    |      0|  0|   8|           1|           8|
    |sub_ln1118_56_fu_91053_p2   |     -    |      0|  0|  11|          11|          11|
    |sub_ln1118_57_fu_91089_p2   |     -    |      0|  0|   9|           1|           9|
    |sub_ln1118_58_fu_91165_p2   |     -    |      0|  0|   8|           1|           8|
    |sub_ln1118_59_fu_91213_p2   |     -    |      0|  0|  11|           1|          11|
    |sub_ln1118_60_fu_91223_p2   |     -    |      0|  0|  12|          12|          12|
    |sub_ln1118_61_fu_91280_p2   |     -    |      0|  0|  11|          11|          11|
    |sub_ln1118_62_fu_91300_p2   |     -    |      0|  0|   9|           1|           9|
    |sub_ln1118_63_fu_91310_p2   |     -    |      0|  0|  10|          10|          10|
    |sub_ln1118_64_fu_91384_p2   |     -    |      0|  0|   8|           1|           8|
    |sub_ln1118_65_fu_91601_p2   |     -    |      0|  0|   8|           1|           8|
    |sub_ln1118_66_fu_91800_p2   |     -    |      0|  0|  10|           1|          10|
    |sub_ln1118_67_fu_91810_p2   |     -    |      0|  0|  11|          11|          11|
    |sub_ln1118_68_fu_91858_p2   |     -    |      0|  0|  11|           1|          11|
    |sub_ln1118_69_fu_91868_p2   |     -    |      0|  0|  12|          12|          12|
    |sub_ln1118_70_fu_92037_p2   |     -    |      0|  0|  10|          10|          10|
    |sub_ln1118_71_fu_92075_p2   |     -    |      0|  0|   9|           1|           9|
    |sub_ln1118_72_fu_92130_p2   |     -    |      0|  0|  11|           1|          11|
    |sub_ln1118_73_fu_92258_p2   |     -    |      0|  0|   9|           1|           9|
    |sub_ln1118_74_fu_92278_p2   |     -    |      0|  0|   9|           9|           9|
    |sub_ln1118_75_fu_92529_p2   |     -    |      0|  0|  10|          10|          10|
    |sub_ln1118_76_fu_92655_p2   |     -    |      0|  0|   9|           9|           9|
    |sub_ln1118_77_fu_92733_p2   |     -    |      0|  0|   9|           1|           9|
    |sub_ln1118_78_fu_92803_p2   |     -    |      0|  0|  10|          10|          10|
    |sub_ln1118_79_fu_92823_p2   |     -    |      0|  0|  10|           1|          10|
    |sub_ln1118_80_fu_92950_p2   |     -    |      0|  0|   9|           9|           9|
    |sub_ln1118_81_fu_92986_p2   |     -    |      0|  0|   9|           1|           9|
    |sub_ln1118_82_fu_93006_p2   |     -    |      0|  0|  10|          10|          10|
    |sub_ln1118_83_fu_93058_p2   |     -    |      0|  0|  11|          11|          11|
    |sub_ln1118_84_fu_93090_p2   |     -    |      0|  0|   8|           1|           8|
    |sub_ln1118_85_fu_93110_p2   |     -    |      0|  0|   9|           1|           9|
    |sub_ln1118_86_fu_93120_p2   |     -    |      0|  0|  10|          10|          10|
    |sub_ln1118_87_fu_93277_p2   |     -    |      0|  0|  11|          11|          11|
    |sub_ln1118_88_fu_93409_p2   |     -    |      0|  0|  10|           1|          10|
    |sub_ln1118_89_fu_93419_p2   |     -    |      0|  0|  11|          11|          11|
    |sub_ln1118_90_fu_93520_p2   |     -    |      0|  0|   9|           9|           9|
    |sub_ln1118_91_fu_93552_p2   |     -    |      0|  0|  11|          11|          11|
    |sub_ln1118_92_fu_93620_p2   |     -    |      0|  0|  10|          10|          10|
    |sub_ln1118_93_fu_93664_p2   |     -    |      0|  0|   8|           1|           8|
    |sub_ln1118_94_fu_93684_p2   |     -    |      0|  0|  10|          10|          10|
    |sub_ln1118_95_fu_93803_p2   |     -    |      0|  0|  10|           1|          10|
    |sub_ln1118_96_fu_93813_p2   |     -    |      0|  0|  11|          11|          11|
    |sub_ln1118_97_fu_93913_p2   |     -    |      0|  0|  11|          11|          11|
    |sub_ln1118_98_fu_93947_p2   |     -    |      0|  0|  11|           1|          11|
    |sub_ln1118_99_fu_93957_p2   |     -    |      0|  0|  12|          12|          12|
    |sub_ln1118_fu_89776_p2      |     -    |      0|  0|   7|           1|           7|
    |sub_ln708_16_fu_90167_p2    |     -    |      0|  0|  10|          10|          10|
    |sub_ln708_17_fu_90195_p2    |     -    |      0|  0|   9|           9|           9|
    |sub_ln708_18_fu_90335_p2    |     -    |      0|  0|  10|          10|          10|
    |sub_ln708_19_fu_90405_p2    |     -    |      0|  0|   9|           9|           9|
    |sub_ln708_20_fu_90514_p2    |     -    |      0|  0|  10|          10|          10|
    |sub_ln708_21_fu_90652_p2    |     -    |      0|  0|  10|          10|          10|
    |sub_ln708_22_fu_90834_p2    |     -    |      0|  0|   9|           9|           9|
    |sub_ln708_23_fu_90870_p2    |     -    |      0|  0|  10|          10|          10|
    |sub_ln708_24_fu_91113_p2    |     -    |      0|  0|   9|           9|           9|
    |sub_ln708_25_fu_91525_p2    |     -    |      0|  0|   9|           9|           9|
    |sub_ln708_26_fu_91652_p2    |     -    |      0|  0|  11|          11|          11|
    |sub_ln708_27_fu_91718_p2    |     -    |      0|  0|  10|          10|          10|
    |sub_ln708_28_fu_91776_p2    |     -    |      0|  0|   9|           9|           9|
    |sub_ln708_29_fu_91838_p2    |     -    |      0|  0|  11|          11|          11|
    |sub_ln708_30_fu_91973_p2    |     -    |      0|  0|  11|          11|          11|
    |sub_ln708_31_fu_92214_p2    |     -    |      0|  0|   9|           9|           9|
    |sub_ln708_32_fu_92370_p2    |     -    |      0|  0|   9|           9|           9|
    |sub_ln708_33_fu_92453_p2    |     -    |      0|  0|   9|           9|           9|
    |sub_ln708_34_fu_92595_p2    |     -    |      0|  0|  11|          11|          11|
    |sub_ln708_35_fu_92631_p2    |     -    |      0|  0|  10|          10|          10|
    |sub_ln708_36_fu_92767_p2    |     -    |      0|  0|   9|           9|           9|
    |sub_ln708_37_fu_92914_p2    |     -    |      0|  0|  10|          10|          10|
    |sub_ln708_38_fu_93225_p2    |     -    |      0|  0|  10|          10|          10|
    |sub_ln708_39_fu_93640_p2    |     -    |      0|  0|  10|          10|          10|
    |sub_ln708_40_fu_93833_p2    |     -    |      0|  0|   9|           9|           9|
    |sub_ln708_41_fu_93869_p2    |     -    |      0|  0|  10|          10|          10|
    |sub_ln708_42_fu_94164_p2    |     -    |      0|  0|  10|          10|          10|
    |sub_ln708_43_fu_94200_p2    |     -    |      0|  0|  11|          11|          11|
    |sub_ln708_44_fu_94310_p2    |     -    |      0|  0|  11|          11|          11|
    |sub_ln708_45_fu_94498_p2    |     -    |      0|  0|   9|           9|           9|
    |sub_ln708_46_fu_94602_p2    |     -    |      0|  0|  10|          10|          10|
    |sub_ln708_47_fu_94895_p2    |     -    |      0|  0|  10|          10|          10|
    |sub_ln708_48_fu_95008_p2    |     -    |      0|  0|  11|          11|          11|
    |sub_ln708_49_fu_95096_p2    |     -    |      0|  0|  11|          11|          11|
    |sub_ln708_50_fu_95130_p2    |     -    |      0|  0|  10|          10|          10|
    |sub_ln708_51_fu_95254_p2    |     -    |      0|  0|   9|           9|           9|
    |sub_ln708_52_fu_95614_p2    |     -    |      0|  0|  11|          11|          11|
    |sub_ln708_53_fu_96183_p2    |     -    |      0|  0|   9|           9|           9|
    |sub_ln708_54_fu_96265_p2    |     -    |      0|  0|  11|          11|          11|
    |sub_ln708_55_fu_96285_p2    |     -    |      0|  0|  10|          10|          10|
    |sub_ln708_56_fu_96649_p2    |     -    |      0|  0|  10|          10|          10|
    |sub_ln708_57_fu_96719_p2    |     -    |      0|  0|  11|          11|          11|
    |sub_ln708_58_fu_96785_p2    |     -    |      0|  0|  11|          11|          11|
    |sub_ln708_59_fu_96835_p2    |     -    |      0|  0|   9|           9|           9|
    |sub_ln708_60_fu_96863_p2    |     -    |      0|  0|  10|          10|          10|
    |sub_ln708_61_fu_97027_p2    |     -    |      0|  0|   9|           9|           9|
    |sub_ln708_62_fu_97137_p2    |     -    |      0|  0|  10|          10|          10|
    |sub_ln708_63_fu_97173_p2    |     -    |      0|  0|  11|          11|          11|
    |sub_ln708_64_fu_97225_p2    |     -    |      0|  0|  11|          11|          11|
    |sub_ln708_65_fu_97320_p2    |     -    |      0|  0|   9|           9|           9|
    |sub_ln708_66_fu_97516_p2    |     -    |      0|  0|  10|          10|          10|
    |sub_ln708_67_fu_97773_p2    |     -    |      0|  0|  10|          10|          10|
    |sub_ln708_68_fu_97997_p2    |     -    |      0|  0|   9|           9|           9|
    |sub_ln708_69_fu_98041_p2    |     -    |      0|  0|   9|           9|           9|
    |sub_ln708_70_fu_98097_p2    |     -    |      0|  0|  11|          11|          11|
    |sub_ln708_71_fu_98148_p2    |     -    |      0|  0|  10|          10|          10|
    |sub_ln708_72_fu_98307_p2    |     -    |      0|  0|  10|          10|          10|
    |sub_ln708_73_fu_98397_p2    |     -    |      0|  0|  11|          11|          11|
    |sub_ln708_74_fu_98532_p2    |     -    |      0|  0|  10|          10|          10|
    |sub_ln708_75_fu_98714_p2    |     -    |      0|  0|   9|           9|           9|
    |sub_ln708_76_fu_98867_p2    |     -    |      0|  0|  10|          10|          10|
    |sub_ln708_77_fu_98985_p2    |     -    |      0|  0|  10|          10|          10|
    |sub_ln708_78_fu_99097_p2    |     -    |      0|  0|  11|          11|          11|
    |sub_ln708_79_fu_99117_p2    |     -    |      0|  0|   9|           9|           9|
    |sub_ln708_80_fu_99281_p2    |     -    |      0|  0|  11|          11|          11|
    |sub_ln708_fu_89847_p2       |     -    |      0|  0|  10|          10|          10|
    |xor_ln703_fu_101889_p2      |    xor   |      0|  0|   7|           6|           7|
    +----------------------------+----------+-------+---+----+------------+------------+
    |Total                       |          |      0|  0|9644|        7090|        7737|
    +----------------------------+----------+-------+---+----+------------+------------+

    * Multiplexer: 
    N/A

    * Register: 
    N/A



================================================================
== Interface
================================================================
* Summary: 
+----------------+-----+-----+------------+-----------------------------------------------------------------------------------+--------------+
|    RTL Ports   | Dir | Bits|  Protocol  |                                   Source Object                                   |    C Type    |
+----------------+-----+-----+------------+-----------------------------------------------------------------------------------+--------------+
|ap_ready        | out |    1| ap_ctrl_hs | dense_latency.0.0.0.0.0.0.0.0.0.0.0.0.0.0.0.0.0.0.0.0.0.0.0.0.0.0.0.0.0.0.0.0.0.1 | return value |
|ap_return_0     | out |   16| ap_ctrl_hs | dense_latency.0.0.0.0.0.0.0.0.0.0.0.0.0.0.0.0.0.0.0.0.0.0.0.0.0.0.0.0.0.0.0.0.0.1 | return value |
|ap_return_1     | out |   16| ap_ctrl_hs | dense_latency.0.0.0.0.0.0.0.0.0.0.0.0.0.0.0.0.0.0.0.0.0.0.0.0.0.0.0.0.0.0.0.0.0.1 | return value |
|ap_return_2     | out |   16| ap_ctrl_hs | dense_latency.0.0.0.0.0.0.0.0.0.0.0.0.0.0.0.0.0.0.0.0.0.0.0.0.0.0.0.0.0.0.0.0.0.1 | return value |
|ap_return_3     | out |   16| ap_ctrl_hs | dense_latency.0.0.0.0.0.0.0.0.0.0.0.0.0.0.0.0.0.0.0.0.0.0.0.0.0.0.0.0.0.0.0.0.0.1 | return value |
|ap_return_4     | out |   16| ap_ctrl_hs | dense_latency.0.0.0.0.0.0.0.0.0.0.0.0.0.0.0.0.0.0.0.0.0.0.0.0.0.0.0.0.0.0.0.0.0.1 | return value |
|ap_return_5     | out |   16| ap_ctrl_hs | dense_latency.0.0.0.0.0.0.0.0.0.0.0.0.0.0.0.0.0.0.0.0.0.0.0.0.0.0.0.0.0.0.0.0.0.1 | return value |
|ap_return_6     | out |   16| ap_ctrl_hs | dense_latency.0.0.0.0.0.0.0.0.0.0.0.0.0.0.0.0.0.0.0.0.0.0.0.0.0.0.0.0.0.0.0.0.0.1 | return value |
|ap_return_7     | out |   16| ap_ctrl_hs | dense_latency.0.0.0.0.0.0.0.0.0.0.0.0.0.0.0.0.0.0.0.0.0.0.0.0.0.0.0.0.0.0.0.0.0.1 | return value |
|ap_return_8     | out |   16| ap_ctrl_hs | dense_latency.0.0.0.0.0.0.0.0.0.0.0.0.0.0.0.0.0.0.0.0.0.0.0.0.0.0.0.0.0.0.0.0.0.1 | return value |
|ap_return_9     | out |   16| ap_ctrl_hs | dense_latency.0.0.0.0.0.0.0.0.0.0.0.0.0.0.0.0.0.0.0.0.0.0.0.0.0.0.0.0.0.0.0.0.0.1 | return value |
|ap_return_10    | out |   16| ap_ctrl_hs | dense_latency.0.0.0.0.0.0.0.0.0.0.0.0.0.0.0.0.0.0.0.0.0.0.0.0.0.0.0.0.0.0.0.0.0.1 | return value |
|ap_return_11    | out |   16| ap_ctrl_hs | dense_latency.0.0.0.0.0.0.0.0.0.0.0.0.0.0.0.0.0.0.0.0.0.0.0.0.0.0.0.0.0.0.0.0.0.1 | return value |
|ap_return_12    | out |   16| ap_ctrl_hs | dense_latency.0.0.0.0.0.0.0.0.0.0.0.0.0.0.0.0.0.0.0.0.0.0.0.0.0.0.0.0.0.0.0.0.0.1 | return value |
|ap_return_13    | out |   16| ap_ctrl_hs | dense_latency.0.0.0.0.0.0.0.0.0.0.0.0.0.0.0.0.0.0.0.0.0.0.0.0.0.0.0.0.0.0.0.0.0.1 | return value |
|ap_return_14    | out |   16| ap_ctrl_hs | dense_latency.0.0.0.0.0.0.0.0.0.0.0.0.0.0.0.0.0.0.0.0.0.0.0.0.0.0.0.0.0.0.0.0.0.1 | return value |
|ap_return_15    | out |   16| ap_ctrl_hs | dense_latency.0.0.0.0.0.0.0.0.0.0.0.0.0.0.0.0.0.0.0.0.0.0.0.0.0.0.0.0.0.0.0.0.0.1 | return value |
|ap_return_16    | out |   16| ap_ctrl_hs | dense_latency.0.0.0.0.0.0.0.0.0.0.0.0.0.0.0.0.0.0.0.0.0.0.0.0.0.0.0.0.0.0.0.0.0.1 | return value |
|ap_return_17    | out |   16| ap_ctrl_hs | dense_latency.0.0.0.0.0.0.0.0.0.0.0.0.0.0.0.0.0.0.0.0.0.0.0.0.0.0.0.0.0.0.0.0.0.1 | return value |
|ap_return_18    | out |   16| ap_ctrl_hs | dense_latency.0.0.0.0.0.0.0.0.0.0.0.0.0.0.0.0.0.0.0.0.0.0.0.0.0.0.0.0.0.0.0.0.0.1 | return value |
|ap_return_19    | out |   16| ap_ctrl_hs | dense_latency.0.0.0.0.0.0.0.0.0.0.0.0.0.0.0.0.0.0.0.0.0.0.0.0.0.0.0.0.0.0.0.0.0.1 | return value |
|ap_return_20    | out |   16| ap_ctrl_hs | dense_latency.0.0.0.0.0.0.0.0.0.0.0.0.0.0.0.0.0.0.0.0.0.0.0.0.0.0.0.0.0.0.0.0.0.1 | return value |
|ap_return_21    | out |   16| ap_ctrl_hs | dense_latency.0.0.0.0.0.0.0.0.0.0.0.0.0.0.0.0.0.0.0.0.0.0.0.0.0.0.0.0.0.0.0.0.0.1 | return value |
|ap_return_22    | out |   16| ap_ctrl_hs | dense_latency.0.0.0.0.0.0.0.0.0.0.0.0.0.0.0.0.0.0.0.0.0.0.0.0.0.0.0.0.0.0.0.0.0.1 | return value |
|ap_return_23    | out |   16| ap_ctrl_hs | dense_latency.0.0.0.0.0.0.0.0.0.0.0.0.0.0.0.0.0.0.0.0.0.0.0.0.0.0.0.0.0.0.0.0.0.1 | return value |
|ap_return_24    | out |   16| ap_ctrl_hs | dense_latency.0.0.0.0.0.0.0.0.0.0.0.0.0.0.0.0.0.0.0.0.0.0.0.0.0.0.0.0.0.0.0.0.0.1 | return value |
|ap_return_25    | out |   16| ap_ctrl_hs | dense_latency.0.0.0.0.0.0.0.0.0.0.0.0.0.0.0.0.0.0.0.0.0.0.0.0.0.0.0.0.0.0.0.0.0.1 | return value |
|ap_return_26    | out |   16| ap_ctrl_hs | dense_latency.0.0.0.0.0.0.0.0.0.0.0.0.0.0.0.0.0.0.0.0.0.0.0.0.0.0.0.0.0.0.0.0.0.1 | return value |
|ap_return_27    | out |   16| ap_ctrl_hs | dense_latency.0.0.0.0.0.0.0.0.0.0.0.0.0.0.0.0.0.0.0.0.0.0.0.0.0.0.0.0.0.0.0.0.0.1 | return value |
|ap_return_28    | out |   16| ap_ctrl_hs | dense_latency.0.0.0.0.0.0.0.0.0.0.0.0.0.0.0.0.0.0.0.0.0.0.0.0.0.0.0.0.0.0.0.0.0.1 | return value |
|ap_return_29    | out |   16| ap_ctrl_hs | dense_latency.0.0.0.0.0.0.0.0.0.0.0.0.0.0.0.0.0.0.0.0.0.0.0.0.0.0.0.0.0.0.0.0.0.1 | return value |
|data_0_V_read   |  in |    6|   ap_none  |                                   data_0_V_read                                   |    scalar    |
|data_1_V_read   |  in |    6|   ap_none  |                                   data_1_V_read                                   |    scalar    |
|data_2_V_read   |  in |    6|   ap_none  |                                   data_2_V_read                                   |    scalar    |
|data_3_V_read   |  in |    6|   ap_none  |                                   data_3_V_read                                   |    scalar    |
|data_4_V_read   |  in |    6|   ap_none  |                                   data_4_V_read                                   |    scalar    |
|data_5_V_read   |  in |    6|   ap_none  |                                   data_5_V_read                                   |    scalar    |
|data_6_V_read   |  in |    6|   ap_none  |                                   data_6_V_read                                   |    scalar    |
|data_7_V_read   |  in |    6|   ap_none  |                                   data_7_V_read                                   |    scalar    |
|data_8_V_read   |  in |    6|   ap_none  |                                   data_8_V_read                                   |    scalar    |
|data_9_V_read   |  in |    6|   ap_none  |                                   data_9_V_read                                   |    scalar    |
|data_10_V_read  |  in |    6|   ap_none  |                                   data_10_V_read                                  |    scalar    |
|data_11_V_read  |  in |    6|   ap_none  |                                   data_11_V_read                                  |    scalar    |
|data_12_V_read  |  in |    6|   ap_none  |                                   data_12_V_read                                  |    scalar    |
|data_14_V_read  |  in |    6|   ap_none  |                                   data_14_V_read                                  |    scalar    |
|data_15_V_read  |  in |    6|   ap_none  |                                   data_15_V_read                                  |    scalar    |
|data_17_V_read  |  in |    6|   ap_none  |                                   data_17_V_read                                  |    scalar    |
|data_18_V_read  |  in |    6|   ap_none  |                                   data_18_V_read                                  |    scalar    |
|data_19_V_read  |  in |    6|   ap_none  |                                   data_19_V_read                                  |    scalar    |
|data_20_V_read  |  in |    6|   ap_none  |                                   data_20_V_read                                  |    scalar    |
|data_21_V_read  |  in |    6|   ap_none  |                                   data_21_V_read                                  |    scalar    |
|data_22_V_read  |  in |    6|   ap_none  |                                   data_22_V_read                                  |    scalar    |
|data_23_V_read  |  in |    6|   ap_none  |                                   data_23_V_read                                  |    scalar    |
|data_24_V_read  |  in |    6|   ap_none  |                                   data_24_V_read                                  |    scalar    |
|data_25_V_read  |  in |    6|   ap_none  |                                   data_25_V_read                                  |    scalar    |
|data_26_V_read  |  in |    6|   ap_none  |                                   data_26_V_read                                  |    scalar    |
|data_27_V_read  |  in |    6|   ap_none  |                                   data_27_V_read                                  |    scalar    |
|data_28_V_read  |  in |    6|   ap_none  |                                   data_28_V_read                                  |    scalar    |
|data_29_V_read  |  in |    6|   ap_none  |                                   data_29_V_read                                  |    scalar    |
|data_30_V_read  |  in |    6|   ap_none  |                                   data_30_V_read                                  |    scalar    |
|data_31_V_read  |  in |    6|   ap_none  |                                   data_31_V_read                                  |    scalar    |
|data_32_V_read  |  in |    6|   ap_none  |                                   data_32_V_read                                  |    scalar    |
|data_34_V_read  |  in |    6|   ap_none  |                                   data_34_V_read                                  |    scalar    |
|data_35_V_read  |  in |    6|   ap_none  |                                   data_35_V_read                                  |    scalar    |
|data_36_V_read  |  in |    6|   ap_none  |                                   data_36_V_read                                  |    scalar    |
|data_37_V_read  |  in |    6|   ap_none  |                                   data_37_V_read                                  |    scalar    |
|data_38_V_read  |  in |    6|   ap_none  |                                   data_38_V_read                                  |    scalar    |
|data_39_V_read  |  in |    6|   ap_none  |                                   data_39_V_read                                  |    scalar    |
|data_40_V_read  |  in |    6|   ap_none  |                                   data_40_V_read                                  |    scalar    |
|data_41_V_read  |  in |    6|   ap_none  |                                   data_41_V_read                                  |    scalar    |
|data_42_V_read  |  in |    6|   ap_none  |                                   data_42_V_read                                  |    scalar    |
|data_43_V_read  |  in |    6|   ap_none  |                                   data_43_V_read                                  |    scalar    |
|data_44_V_read  |  in |    6|   ap_none  |                                   data_44_V_read                                  |    scalar    |
|data_45_V_read  |  in |    6|   ap_none  |                                   data_45_V_read                                  |    scalar    |
|data_46_V_read  |  in |    6|   ap_none  |                                   data_46_V_read                                  |    scalar    |
|data_47_V_read  |  in |    6|   ap_none  |                                   data_47_V_read                                  |    scalar    |
|data_48_V_read  |  in |    6|   ap_none  |                                   data_48_V_read                                  |    scalar    |
|data_49_V_read  |  in |    6|   ap_none  |                                   data_49_V_read                                  |    scalar    |
|data_50_V_read  |  in |    6|   ap_none  |                                   data_50_V_read                                  |    scalar    |
|data_51_V_read  |  in |    6|   ap_none  |                                   data_51_V_read                                  |    scalar    |
|data_52_V_read  |  in |    6|   ap_none  |                                   data_52_V_read                                  |    scalar    |
|data_53_V_read  |  in |    6|   ap_none  |                                   data_53_V_read                                  |    scalar    |
|data_54_V_read  |  in |    6|   ap_none  |                                   data_54_V_read                                  |    scalar    |
|data_55_V_read  |  in |    6|   ap_none  |                                   data_55_V_read                                  |    scalar    |
|data_56_V_read  |  in |    6|   ap_none  |                                   data_56_V_read                                  |    scalar    |
|data_57_V_read  |  in |    6|   ap_none  |                                   data_57_V_read                                  |    scalar    |
|data_58_V_read  |  in |    6|   ap_none  |                                   data_58_V_read                                  |    scalar    |
|data_59_V_read  |  in |    6|   ap_none  |                                   data_59_V_read                                  |    scalar    |
|data_60_V_read  |  in |    6|   ap_none  |                                   data_60_V_read                                  |    scalar    |
|data_61_V_read  |  in |    6|   ap_none  |                                   data_61_V_read                                  |    scalar    |
|data_62_V_read  |  in |    6|   ap_none  |                                   data_62_V_read                                  |    scalar    |
|data_63_V_read  |  in |    6|   ap_none  |                                   data_63_V_read                                  |    scalar    |
+----------------+-----+-----+------------+-----------------------------------------------------------------------------------+--------------+

