

================================================================
== Vivado HLS Report for 'dense_latency_0_0_0_0_0_0_0_0_0_0_0_0_0_0_0_0_0_0_0_0_0_0_0_0_0_0_0_0_0_0_0_0_0'
================================================================
* Date:           Fri Sep 22 02:31:12 2023

* Version:        2019.2 (Build 2704478 on Wed Nov 06 22:10:23 MST 2019)
* Project:        myproject_prj
* Solution:       solution1
* Product family: virtexuplus
* Target device:  xcu250-figd2104-2L-e


================================================================
== Performance Estimates
================================================================
+ Timing: 
    * Summary: 
    +--------+---------+----------+------------+
    |  Clock |  Target | Estimated| Uncertainty|
    +--------+---------+----------+------------+
    |ap_clk  | 5.00 ns | 3.391 ns |   0.62 ns  |
    +--------+---------+----------+------------+

+ Latency: 
    * Summary: 
    +---------+---------+----------+----------+-----+-----+----------+
    |  Latency (cycles) |  Latency (absolute) |  Interval | Pipeline |
    |   min   |   max   |    min   |    max   | min | max |   Type   |
    +---------+---------+----------+----------+-----+-----+----------+
    |        0|        0|   0 ns   |   0 ns   |    1|    1| function |
    +---------+---------+----------+----------+-----+-----+----------+

    + Detail: 
        * Instance: 
        N/A

        * Loop: 
        N/A



================================================================
== Utilization Estimates
================================================================
* Summary: 
+---------------------+---------+-------+---------+---------+------+
|         Name        | BRAM_18K| DSP48E|    FF   |   LUT   | URAM |
+---------------------+---------+-------+---------+---------+------+
|DSP                  |        -|      -|        -|        -|     -|
|Expression           |        -|      0|        0|     5645|     -|
|FIFO                 |        -|      -|        -|        -|     -|
|Instance             |        -|      -|        -|        -|     -|
|Memory               |        -|      -|        -|        -|     -|
|Multiplexer          |        -|      -|        -|        -|     -|
|Register             |        -|      -|        -|        -|     -|
+---------------------+---------+-------+---------+---------+------+
|Total                |        0|      0|        0|     5645|     0|
+---------------------+---------+-------+---------+---------+------+
|Available SLR        |     1344|   3072|   864000|   432000|   320|
+---------------------+---------+-------+---------+---------+------+
|Utilization SLR (%)  |        0|      0|        0|        1|     0|
+---------------------+---------+-------+---------+---------+------+
|Available            |     5376|  12288|  3456000|  1728000|  1280|
+---------------------+---------+-------+---------+---------+------+
|Utilization (%)      |        0|      0|        0|    ~0   |     0|
+---------------------+---------+-------+---------+---------+------+

+ Detail: 
    * Instance: 
    N/A

    * DSP48E: 
    N/A

    * Memory: 
    N/A

    * FIFO: 
    N/A

    * Expression: 
    +----------------------------+----------+-------+---+----+------------+------------+
    |        Variable Name       | Operation| DSP48E| FF| LUT| Bitwidth P0| Bitwidth P1|
    +----------------------------+----------+-------+---+----+------------+------------+
    |mul_ln1118_11_fu_537_p2     |     *    |      0|  0|  23|           6|           6|
    |mul_ln1118_13_fu_569_p2     |     *    |      0|  0|  23|           6|           6|
    |mul_ln1118_15_fu_611_p2     |     *    |      0|  0|  23|           6|           5|
    |mul_ln1118_16_fu_560_p2     |     *    |      0|  0|  23|           6|           6|
    |mul_ln1118_17_fu_472_p2     |     *    |      0|  0|  23|           6|           6|
    |mul_ln1118_20_fu_584_p2     |     *    |      0|  0|  23|           6|           5|
    |mul_ln1118_23_fu_553_p2     |     *    |      0|  0|  23|           6|           5|
    |mul_ln1118_25_fu_463_p2     |     *    |      0|  0|  23|           6|           5|
    |mul_ln1118_26_fu_573_p2     |     *    |      0|  0|  23|           6|           5|
    |mul_ln1118_27_fu_456_p2     |     *    |      0|  0|  23|           6|           6|
    |mul_ln1118_29_fu_490_p2     |     *    |      0|  0|  23|           6|           6|
    |mul_ln1118_31_fu_570_p2     |     *    |      0|  0|  23|           6|           6|
    |mul_ln1118_33_fu_462_p2     |     *    |      0|  0|  23|           6|           6|
    |mul_ln1118_34_fu_464_p2     |     *    |      0|  0|  23|           6|           5|
    |mul_ln1118_35_fu_594_p2     |     *    |      0|  0|  23|           6|           6|
    |mul_ln1118_37_fu_615_p2     |     *    |      0|  0|  23|           6|           6|
    |mul_ln1118_5_fu_618_p2      |     *    |      0|  0|  23|           6|           5|
    |mul_ln1118_6_fu_616_p2      |     *    |      0|  0|  23|           6|           6|
    |mul_ln1118_8_fu_448_p2      |     *    |      0|  0|  23|           6|           6|
    |mul_ln1118_9_fu_406_p2      |     *    |      0|  0|  23|           6|           5|
    |mul_ln708_10_fu_420_p2      |     *    |      0|  0|  23|           6|           5|
    |mul_ln708_11_fu_487_p2      |     *    |      0|  0|  23|           6|           5|
    |mul_ln708_12_fu_422_p2      |     *    |      0|  0|  23|           6|           4|
    |mul_ln708_13_fu_495_p2      |     *    |      0|  0|  23|           6|           5|
    |mul_ln708_14_fu_451_p2      |     *    |      0|  0|  23|           6|           5|
    |mul_ln708_15_fu_455_p2      |     *    |      0|  0|  23|           6|           4|
    |mul_ln708_16_fu_511_p2      |     *    |      0|  0|  23|           6|           4|
    |mul_ln708_17_fu_471_p2      |     *    |      0|  0|  23|           6|           4|
    |mul_ln708_18_fu_601_p2      |     *    |      0|  0|  23|           6|           5|
    |mul_ln708_19_fu_496_p2      |     *    |      0|  0|  23|           6|           5|
    |mul_ln708_1_fu_626_p2       |     *    |      0|  0|  23|           6|           5|
    |mul_ln708_20_fu_588_p2      |     *    |      0|  0|  23|           6|           5|
    |mul_ln708_21_fu_512_p2      |     *    |      0|  0|  23|           6|           4|
    |mul_ln708_22_fu_578_p2      |     *    |      0|  0|  23|           6|           5|
    |mul_ln708_23_fu_561_p2      |     *    |      0|  0|  23|           6|           4|
    |mul_ln708_24_fu_612_p2      |     *    |      0|  0|  23|           6|           5|
    |mul_ln708_25_fu_577_p2      |     *    |      0|  0|  23|           6|           5|
    |mul_ln708_26_fu_532_p2      |     *    |      0|  0|  23|           6|           5|
    |mul_ln708_27_fu_504_p2      |     *    |      0|  0|  23|           6|           5|
    |mul_ln708_28_fu_514_p2      |     *    |      0|  0|  23|           6|           5|
    |mul_ln708_29_fu_529_p2      |     *    |      0|  0|  23|           6|           5|
    |mul_ln708_2_fu_430_p2       |     *    |      0|  0|  23|           6|           5|
    |mul_ln708_30_fu_522_p2      |     *    |      0|  0|  23|           6|           5|
    |mul_ln708_3_fu_412_p2       |     *    |      0|  0|  23|           6|           5|
    |mul_ln708_4_fu_473_p2       |     *    |      0|  0|  23|           6|           4|
    |mul_ln708_5_fu_526_p2       |     *    |      0|  0|  23|           6|           5|
    |mul_ln708_6_fu_602_p2       |     *    |      0|  0|  23|           6|           5|
    |mul_ln708_7_fu_516_p2       |     *    |      0|  0|  23|           6|           5|
    |mul_ln708_8_fu_521_p2       |     *    |      0|  0|  23|           6|           4|
    |mul_ln708_9_fu_572_p2       |     *    |      0|  0|  23|           6|           4|
    |mul_ln708_fu_466_p2         |     *    |      0|  0|  23|           6|           5|
    |acc_10_V_fu_53773_p2        |     +    |      0|  0|  14|          14|          14|
    |acc_11_V_fu_53875_p2        |     +    |      0|  0|  14|          14|          14|
    |acc_12_V_fu_53931_p2        |     +    |      0|  0|  13|          13|          13|
    |acc_13_V_fu_54049_p2        |     +    |      0|  0|  15|          15|          15|
    |acc_17_V_fu_54129_p2        |     +    |      0|  0|  14|          14|          14|
    |acc_18_V_fu_54189_p2        |     +    |      0|  0|  14|          14|          14|
    |acc_19_V_fu_54271_p2        |     +    |      0|  0|  14|          14|          14|
    |acc_1_V_fu_53155_p2         |     +    |      0|  0|  14|          14|          14|
    |acc_20_V_fu_54337_p2        |     +    |      0|  0|  14|          14|          14|
    |acc_21_V_fu_54465_p2        |     +    |      0|  0|  18|          14|          14|
    |acc_22_V_fu_54553_p2        |     +    |      0|  0|  14|          14|          14|
    |acc_24_V_fu_54665_p2        |     +    |      0|  0|  14|          14|          14|
    |acc_25_V_fu_54725_p2        |     +    |      0|  0|  14|          14|          14|
    |acc_26_V_fu_54775_p2        |     +    |      0|  0|  14|          14|          14|
    |acc_28_V_fu_54911_p2        |     +    |      0|  0|  15|          15|          15|
    |acc_29_V_fu_54999_p2        |     +    |      0|  0|  14|          14|          14|
    |acc_2_V_fu_53231_p2         |     +    |      0|  0|  14|          14|          14|
    |acc_31_V_fu_55041_p2        |     +    |      0|  0|  18|          13|          13|
    |acc_3_V_fu_53291_p2         |     +    |      0|  0|  14|          14|          14|
    |acc_4_V_fu_53331_p2         |     +    |      0|  0|  13|          13|          13|
    |acc_5_V_fu_53423_p2         |     +    |      0|  0|  14|          14|          14|
    |acc_6_V_fu_53517_p2         |     +    |      0|  0|  14|          14|          14|
    |acc_8_V_fu_53605_p2         |     +    |      0|  0|  14|          14|          14|
    |acc_9_V_fu_53691_p2         |     +    |      0|  0|  14|          14|          14|
    |add_ln703_100_fu_53891_p2   |     +    |      0|  0|  18|          12|          12|
    |add_ln703_101_fu_53901_p2   |     +    |      0|  0|  10|          10|          10|
    |add_ln703_102_fu_53911_p2   |     +    |      0|  0|  11|          11|           8|
    |add_ln703_103_fu_53921_p2   |     +    |      0|  0|  12|          12|          12|
    |add_ln703_105_fu_53941_p2   |     +    |      0|  0|  11|          11|          11|
    |add_ln703_106_fu_53951_p2   |     +    |      0|  0|  12|          12|          12|
    |add_ln703_107_fu_53961_p2   |     +    |      0|  0|  12|          12|          12|
    |add_ln703_108_fu_53971_p2   |     +    |      0|  0|  18|          13|          13|
    |add_ln703_109_fu_53977_p2   |     +    |      0|  0|  18|          13|          13|
    |add_ln703_10_fu_53043_p2    |     +    |      0|  0|  10|          10|           9|
    |add_ln703_110_fu_53987_p2   |     +    |      0|  0|  11|          11|          11|
    |add_ln703_111_fu_53997_p2   |     +    |      0|  0|  13|          13|          13|
    |add_ln703_112_fu_54007_p2   |     +    |      0|  0|  11|          11|          11|
    |add_ln703_113_fu_54029_p2   |     +    |      0|  0|  12|          12|          12|
    |add_ln703_114_fu_54039_p2   |     +    |      0|  0|  14|          14|          14|
    |add_ln703_116_fu_54059_p2   |     +    |      0|  0|  12|          12|          12|
    |add_ln703_117_fu_54069_p2   |     +    |      0|  0|  10|          10|          10|
    |add_ln703_118_fu_54079_p2   |     +    |      0|  0|  13|          13|          13|
    |add_ln703_119_fu_54089_p2   |     +    |      0|  0|  11|          11|          11|
    |add_ln703_11_fu_53053_p2    |     +    |      0|  0|  11|          11|          11|
    |add_ln703_120_fu_54099_p2   |     +    |      0|  0|  11|          11|          11|
    |add_ln703_121_fu_54109_p2   |     +    |      0|  0|  12|          12|          12|
    |add_ln703_122_fu_54119_p2   |     +    |      0|  0|  13|          13|          13|
    |add_ln703_124_fu_54139_p2   |     +    |      0|  0|  12|          12|          12|
    |add_ln703_125_fu_54149_p2   |     +    |      0|  0|  13|          13|          13|
    |add_ln703_126_fu_54159_p2   |     +    |      0|  0|  12|          12|          12|
    |add_ln703_127_fu_54169_p2   |     +    |      0|  0|  11|          11|          11|
    |add_ln703_128_fu_54179_p2   |     +    |      0|  0|  13|          13|          13|
    |add_ln703_12_fu_53063_p2    |     +    |      0|  0|  18|          14|          14|
    |add_ln703_130_fu_54199_p2   |     +    |      0|  0|   9|           9|           9|
    |add_ln703_131_fu_54209_p2   |     +    |      0|  0|  11|          11|          11|
    |add_ln703_132_fu_54219_p2   |     +    |      0|  0|  18|          12|          12|
    |add_ln703_133_fu_54225_p2   |     +    |      0|  0|  18|          12|          12|
    |add_ln703_134_fu_54235_p2   |     +    |      0|  0|  12|          12|          12|
    |add_ln703_135_fu_54245_p2   |     +    |      0|  0|  18|          11|           9|
    |add_ln703_136_fu_54251_p2   |     +    |      0|  0|  18|          11|          11|
    |add_ln703_137_fu_54261_p2   |     +    |      0|  0|  13|          13|          13|
    |add_ln703_139_fu_54281_p2   |     +    |      0|  0|  11|          11|          11|
    |add_ln703_140_fu_54291_p2   |     +    |      0|  0|  18|          12|          12|
    |add_ln703_141_fu_54297_p2   |     +    |      0|  0|  18|          12|          12|
    |add_ln703_142_fu_54307_p2   |     +    |      0|  0|  11|          11|          11|
    |add_ln703_143_fu_54317_p2   |     +    |      0|  0|  11|          11|          11|
    |add_ln703_144_fu_54327_p2   |     +    |      0|  0|  12|          12|          12|
    |add_ln703_146_fu_54347_p2   |     +    |      0|  0|  10|          10|          10|
    |add_ln703_147_fu_54357_p2   |     +    |      0|  0|  11|          11|          11|
    |add_ln703_148_fu_54367_p2   |     +    |      0|  0|  10|          10|          10|
    |add_ln703_149_fu_54377_p2   |     +    |      0|  0|  18|          12|          12|
    |add_ln703_14_fu_53079_p2    |     +    |      0|  0|  11|          11|          11|
    |add_ln703_150_fu_54383_p2   |     +    |      0|  0|  18|          12|          12|
    |add_ln703_151_fu_54393_p2   |     +    |      0|  0|  13|          13|          13|
    |add_ln703_152_fu_54403_p2   |     +    |      0|  0|  12|          12|          12|
    |add_ln703_153_fu_54413_p2   |     +    |      0|  0|  11|          11|          11|
    |add_ln703_154_fu_54423_p2   |     +    |      0|  0|  13|          13|          13|
    |add_ln703_155_fu_54433_p2   |     +    |      0|  0|  18|          11|          11|
    |add_ln703_156_fu_54439_p2   |     +    |      0|  0|  10|          10|           8|
    |add_ln703_157_fu_54449_p2   |     +    |      0|  0|  18|          11|          11|
    |add_ln703_158_fu_54459_p2   |     +    |      0|  0|  18|          14|          14|
    |add_ln703_15_fu_53089_p2    |     +    |      0|  0|  18|          12|          12|
    |add_ln703_160_fu_54475_p2   |     +    |      0|  0|  12|          12|          12|
    |add_ln703_161_fu_54485_p2   |     +    |      0|  0|  18|          12|          12|
    |add_ln703_162_fu_54491_p2   |     +    |      0|  0|  18|          12|          12|
    |add_ln703_163_fu_54501_p2   |     +    |      0|  0|  13|          13|          13|
    |add_ln703_164_fu_54511_p2   |     +    |      0|  0|  18|          10|          10|
    |add_ln703_165_fu_54517_p2   |     +    |      0|  0|  18|          10|          10|
    |add_ln703_166_fu_54527_p2   |     +    |      0|  0|  18|          11|           6|
    |add_ln703_167_fu_54533_p2   |     +    |      0|  0|  18|          11|          11|
    |add_ln703_168_fu_54543_p2   |     +    |      0|  0|  12|          12|          12|
    |add_ln703_16_fu_53095_p2    |     +    |      0|  0|  18|          12|          12|
    |add_ln703_170_fu_54563_p2   |     +    |      0|  0|  11|          11|          11|
    |add_ln703_171_fu_54573_p2   |     +    |      0|  0|  12|          12|          12|
    |add_ln703_172_fu_54583_p2   |     +    |      0|  0|  11|          11|          11|
    |add_ln703_173_fu_54593_p2   |     +    |      0|  0|  12|          12|          12|
    |add_ln703_174_fu_54603_p2   |     +    |      0|  0|  13|          13|          13|
    |add_ln703_175_fu_54613_p2   |     +    |      0|  0|  11|          11|          11|
    |add_ln703_176_fu_54623_p2   |     +    |      0|  0|  18|          12|          12|
    |add_ln703_177_fu_54629_p2   |     +    |      0|  0|  18|          11|          11|
    |add_ln703_178_fu_54635_p2   |     +    |      0|  0|   7|           7|           6|
    |add_ln703_179_fu_54645_p2   |     +    |      0|  0|  18|          11|          11|
    |add_ln703_17_fu_53105_p2    |     +    |      0|  0|  13|          13|          13|
    |add_ln703_180_fu_54655_p2   |     +    |      0|  0|  18|          12|          12|
    |add_ln703_182_fu_54675_p2   |     +    |      0|  0|  12|          12|          12|
    |add_ln703_183_fu_54685_p2   |     +    |      0|  0|  13|          13|          13|
    |add_ln703_184_fu_54695_p2   |     +    |      0|  0|  11|          11|          11|
    |add_ln703_185_fu_54705_p2   |     +    |      0|  0|  11|          11|           9|
    |add_ln703_186_fu_54715_p2   |     +    |      0|  0|  12|          12|          12|
    |add_ln703_188_fu_54735_p2   |     +    |      0|  0|  12|          12|          12|
    |add_ln703_189_fu_54745_p2   |     +    |      0|  0|  13|          13|          13|
    |add_ln703_18_fu_53115_p2    |     +    |      0|  0|  11|          11|          11|
    |add_ln703_190_fu_54755_p2   |     +    |      0|  0|  11|          11|           8|
    |add_ln703_191_fu_54765_p2   |     +    |      0|  0|  12|          12|          12|
    |add_ln703_193_fu_54785_p2   |     +    |      0|  0|   9|           9|           9|
    |add_ln703_194_fu_54795_p2   |     +    |      0|  0|  11|          11|          11|
    |add_ln703_195_fu_54805_p2   |     +    |      0|  0|  12|          12|          12|
    |add_ln703_196_fu_54815_p2   |     +    |      0|  0|  12|          12|          12|
    |add_ln703_197_fu_54825_p2   |     +    |      0|  0|  18|          13|          13|
    |add_ln703_198_fu_54831_p2   |     +    |      0|  0|  18|          13|          13|
    |add_ln703_199_fu_54841_p2   |     +    |      0|  0|  11|          11|          11|
    |add_ln703_19_fu_53125_p2    |     +    |      0|  0|  10|          10|          10|
    |add_ln703_200_fu_54851_p2   |     +    |      0|  0|  11|          11|          11|
    |add_ln703_201_fu_54861_p2   |     +    |      0|  0|  12|          12|          12|
    |add_ln703_202_fu_54871_p2   |     +    |      0|  0|  11|          11|          11|
    |add_ln703_203_fu_54881_p2   |     +    |      0|  0|  11|          11|           9|
    |add_ln703_204_fu_54891_p2   |     +    |      0|  0|  13|          13|          13|
    |add_ln703_205_fu_54901_p2   |     +    |      0|  0|  14|          14|          14|
    |add_ln703_207_fu_54921_p2   |     +    |      0|  0|  12|          12|          12|
    |add_ln703_208_fu_54931_p2   |     +    |      0|  0|  18|          12|          12|
    |add_ln703_209_fu_54937_p2   |     +    |      0|  0|  18|          12|          12|
    |add_ln703_20_fu_53135_p2    |     +    |      0|  0|  11|          11|          11|
    |add_ln703_210_fu_54947_p2   |     +    |      0|  0|  13|          13|          13|
    |add_ln703_211_fu_54957_p2   |     +    |      0|  0|  18|          11|          11|
    |add_ln703_212_fu_54963_p2   |     +    |      0|  0|  18|          11|          11|
    |add_ln703_213_fu_54973_p2   |     +    |      0|  0|  18|          11|          11|
    |add_ln703_214_fu_54979_p2   |     +    |      0|  0|  18|          11|          11|
    |add_ln703_215_fu_54989_p2   |     +    |      0|  0|  12|          12|          12|
    |add_ln703_217_fu_55009_p2   |     +    |      0|  0|  12|          12|          12|
    |add_ln703_218_fu_55019_p2   |     +    |      0|  0|  18|          13|          13|
    |add_ln703_219_fu_55025_p2   |     +    |      0|  0|  18|           9|           9|
    |add_ln703_21_fu_53145_p2    |     +    |      0|  0|  12|          12|          12|
    |add_ln703_220_fu_55031_p2   |     +    |      0|  0|  18|           9|           9|
    |add_ln703_23_fu_53165_p2    |     +    |      0|  0|  12|          12|          12|
    |add_ln703_24_fu_53175_p2    |     +    |      0|  0|  10|          10|          10|
    |add_ln703_25_fu_53185_p2    |     +    |      0|  0|  13|          13|          13|
    |add_ln703_26_fu_53195_p2    |     +    |      0|  0|  18|          11|          11|
    |add_ln703_27_fu_53201_p2    |     +    |      0|  0|   8|           8|           8|
    |add_ln703_28_fu_53211_p2    |     +    |      0|  0|  10|          10|          10|
    |add_ln703_29_fu_53221_p2    |     +    |      0|  0|  18|          11|          11|
    |add_ln703_31_fu_53241_p2    |     +    |      0|  0|  11|          11|          11|
    |add_ln703_32_fu_53251_p2    |     +    |      0|  0|  12|          12|          12|
    |add_ln703_33_fu_53261_p2    |     +    |      0|  0|  11|          11|          11|
    |add_ln703_34_fu_53271_p2    |     +    |      0|  0|  10|          10|          10|
    |add_ln703_35_fu_53281_p2    |     +    |      0|  0|  12|          12|          12|
    |add_ln703_37_fu_53301_p2    |     +    |      0|  0|  12|          12|          12|
    |add_ln703_38_fu_53311_p2    |     +    |      0|  0|  10|          10|           9|
    |add_ln703_39_fu_53321_p2    |     +    |      0|  0|  11|          11|          11|
    |add_ln703_3_fu_52933_p2     |     +    |      0|  0|  11|          11|           8|
    |add_ln703_41_fu_53341_p2    |     +    |      0|  0|   9|           9|           9|
    |add_ln703_42_fu_53351_p2    |     +    |      0|  0|  12|          12|          12|
    |add_ln703_43_fu_53357_p2    |     +    |      0|  0|  18|          12|          12|
    |add_ln703_44_fu_53363_p2    |     +    |      0|  0|  18|          12|          12|
    |add_ln703_45_fu_53373_p2    |     +    |      0|  0|  10|          10|          10|
    |add_ln703_46_fu_53383_p2    |     +    |      0|  0|  11|          11|          11|
    |add_ln703_47_fu_53393_p2    |     +    |      0|  0|  11|          11|           7|
    |add_ln703_48_fu_53403_p2    |     +    |      0|  0|  12|          12|          12|
    |add_ln703_49_fu_53413_p2    |     +    |      0|  0|  13|          13|          13|
    |add_ln703_4_fu_52987_p2     |     +    |      0|  0|  12|          12|          12|
    |add_ln703_51_fu_53433_p2    |     +    |      0|  0|  10|          10|          10|
    |add_ln703_52_fu_53443_p2    |     +    |      0|  0|  11|          11|          11|
    |add_ln703_53_fu_53453_p2    |     +    |      0|  0|  18|          13|          13|
    |add_ln703_54_fu_53459_p2    |     +    |      0|  0|  18|          13|          13|
    |add_ln703_55_fu_53469_p2    |     +    |      0|  0|  11|          11|          11|
    |add_ln703_56_fu_53479_p2    |     +    |      0|  0|  18|          12|          12|
    |add_ln703_57_fu_53497_p2    |     +    |      0|  0|  10|          10|          10|
    |add_ln703_58_fu_53507_p2    |     +    |      0|  0|  18|          12|          12|
    |add_ln703_5_fu_52997_p2     |     +    |      0|  0|  18|          12|          12|
    |add_ln703_60_fu_53527_p2    |     +    |      0|  0|  12|          12|          12|
    |add_ln703_61_fu_53537_p2    |     +    |      0|  0|  18|          12|          12|
    |add_ln703_62_fu_53543_p2    |     +    |      0|  0|  18|          12|          12|
    |add_ln703_63_fu_53553_p2    |     +    |      0|  0|  13|          13|          13|
    |add_ln703_64_fu_53563_p2    |     +    |      0|  0|   9|           9|           9|
    |add_ln703_65_fu_53573_p2    |     +    |      0|  0|  18|          11|          11|
    |add_ln703_66_fu_53579_p2    |     +    |      0|  0|  18|          10|           7|
    |add_ln703_67_fu_53585_p2    |     +    |      0|  0|  18|          10|          10|
    |add_ln703_68_fu_53595_p2    |     +    |      0|  0|  18|          11|          11|
    |add_ln703_6_fu_53003_p2     |     +    |      0|  0|  18|          12|          12|
    |add_ln703_701_fu_53069_p2   |     +    |      0|  0|  18|          14|          14|
    |add_ln703_70_fu_53615_p2    |     +    |      0|  0|  12|          12|          12|
    |add_ln703_71_fu_53625_p2    |     +    |      0|  0|  10|          10|          10|
    |add_ln703_72_fu_53635_p2    |     +    |      0|  0|  12|          12|          12|
    |add_ln703_73_fu_53645_p2    |     +    |      0|  0|  13|          13|          13|
    |add_ln703_74_fu_53655_p2    |     +    |      0|  0|   9|           9|           9|
    |add_ln703_75_fu_53665_p2    |     +    |      0|  0|  11|          11|           9|
    |add_ln703_76_fu_53675_p2    |     +    |      0|  0|  18|          12|          12|
    |add_ln703_77_fu_53681_p2    |     +    |      0|  0|  18|          12|          12|
    |add_ln703_79_fu_53701_p2    |     +    |      0|  0|  12|          12|          12|
    |add_ln703_7_fu_53013_p2     |     +    |      0|  0|  13|          13|          13|
    |add_ln703_80_fu_53711_p2    |     +    |      0|  0|  18|          12|          12|
    |add_ln703_81_fu_53717_p2    |     +    |      0|  0|  18|          12|          12|
    |add_ln703_82_fu_53727_p2    |     +    |      0|  0|  13|          13|          13|
    |add_ln703_83_fu_53737_p2    |     +    |      0|  0|  10|          10|          10|
    |add_ln703_84_fu_53747_p2    |     +    |      0|  0|  11|          11|           8|
    |add_ln703_85_fu_53757_p2    |     +    |      0|  0|  18|          12|          12|
    |add_ln703_86_fu_53763_p2    |     +    |      0|  0|  18|          12|          12|
    |add_ln703_88_fu_53783_p2    |     +    |      0|  0|  12|          12|          12|
    |add_ln703_89_fu_53793_p2    |     +    |      0|  0|  18|          13|          13|
    |add_ln703_8_fu_53023_p2     |     +    |      0|  0|  11|          11|          11|
    |add_ln703_90_fu_53799_p2    |     +    |      0|  0|  18|          12|          12|
    |add_ln703_91_fu_53805_p2    |     +    |      0|  0|  18|          12|          12|
    |add_ln703_92_fu_53815_p2    |     +    |      0|  0|  18|          13|          13|
    |add_ln703_93_fu_53825_p2    |     +    |      0|  0|  10|          10|          10|
    |add_ln703_94_fu_53835_p2    |     +    |      0|  0|  11|          11|          11|
    |add_ln703_95_fu_53845_p2    |     +    |      0|  0|   8|           8|           8|
    |add_ln703_96_fu_53855_p2    |     +    |      0|  0|  11|          11|          11|
    |add_ln703_97_fu_53865_p2    |     +    |      0|  0|  12|          12|          12|
    |add_ln703_99_fu_53885_p2    |     +    |      0|  0|  18|          12|          12|
    |add_ln703_9_fu_53033_p2     |     +    |      0|  0|  13|          13|          13|
    |add_ln703_fu_52947_p2       |     +    |      0|  0|  11|          11|           8|
    |add_ln708_10_fu_50211_p2    |     +    |      0|  0|  10|          10|          10|
    |add_ln708_11_fu_50343_p2    |     +    |      0|  0|   9|           9|           9|
    |add_ln708_12_fu_50646_p2    |     +    |      0|  0|   9|           9|           9|
    |add_ln708_13_fu_50853_p2    |     +    |      0|  0|   9|           9|           9|
    |add_ln708_14_fu_50897_p2    |     +    |      0|  0|  11|          11|          11|
    |add_ln708_15_fu_51137_p2    |     +    |      0|  0|  11|          11|          11|
    |add_ln708_16_fu_51225_p2    |     +    |      0|  0|  11|          11|          11|
    |add_ln708_17_fu_51283_p2    |     +    |      0|  0|   9|           9|           9|
    |add_ln708_18_fu_51456_p2    |     +    |      0|  0|  11|          11|          11|
    |add_ln708_19_fu_51918_p2    |     +    |      0|  0|  11|          11|          11|
    |add_ln708_1_fu_47975_p2     |     +    |      0|  0|  11|          11|          11|
    |add_ln708_20_fu_51967_p2    |     +    |      0|  0|  11|          11|          11|
    |add_ln708_21_fu_52072_p2    |     +    |      0|  0|   9|           9|           9|
    |add_ln708_22_fu_52430_p2    |     +    |      0|  0|   9|           9|           9|
    |add_ln708_23_fu_52680_p2    |     +    |      0|  0|  10|          10|          10|
    |add_ln708_24_fu_52725_p2    |     +    |      0|  0|  11|          11|          11|
    |add_ln708_2_fu_48091_p2     |     +    |      0|  0|  11|          11|          11|
    |add_ln708_3_fu_48201_p2     |     +    |      0|  0|   9|           9|           9|
    |add_ln708_4_fu_48539_p2     |     +    |      0|  0|  11|          11|          11|
    |add_ln708_5_fu_48595_p2     |     +    |      0|  0|   9|           9|           9|
    |add_ln708_6_fu_49022_p2     |     +    |      0|  0|  10|          10|          10|
    |add_ln708_7_fu_49234_p2     |     +    |      0|  0|   9|           9|           9|
    |add_ln708_8_fu_49482_p2     |     +    |      0|  0|  11|          11|          11|
    |add_ln708_9_fu_50041_p2     |     +    |      0|  0|  11|          11|          11|
    |add_ln708_fu_47807_p2       |     +    |      0|  0|  11|          11|          11|
    |sub_ln1118_10_fu_47521_p2   |     -    |      0|  0|  12|           1|          12|
    |sub_ln1118_11_fu_48123_p2   |     -    |      0|  0|   9|           1|           9|
    |sub_ln1118_12_fu_48181_p2   |     -    |      0|  0|  11|           1|          11|
    |sub_ln1118_13_fu_48322_p2   |     -    |      0|  0|  11|           1|          11|
    |sub_ln1118_14_fu_48332_p2   |     -    |      0|  0|  12|          12|          12|
    |sub_ln1118_15_fu_48384_p2   |     -    |      0|  0|  12|          12|          12|
    |sub_ln1118_16_fu_48519_p2   |     -    |      0|  0|  10|          10|          10|
    |sub_ln1118_17_fu_48615_p2   |     -    |      0|  0|   9|           1|           9|
    |sub_ln1118_18_fu_48779_p2   |     -    |      0|  0|  11|           1|          11|
    |sub_ln1118_19_fu_48803_p2   |     -    |      0|  0|   8|           1|           8|
    |sub_ln1118_1_fu_48147_p2    |     -    |      0|  0|   7|           1|           7|
    |sub_ln1118_20_fu_48891_p2   |     -    |      0|  0|   9|           1|           9|
    |sub_ln1118_21_fu_48985_p2   |     -    |      0|  0|  10|           1|          10|
    |sub_ln1118_22_fu_49070_p2   |     -    |      0|  0|  11|          11|          11|
    |sub_ln1118_23_fu_49118_p2   |     -    |      0|  0|  10|          10|          10|
    |sub_ln1118_24_fu_49152_p2   |     -    |      0|  0|   9|           1|           9|
    |sub_ln1118_25_fu_49344_p2   |     -    |      0|  0|  11|          11|          11|
    |sub_ln1118_26_fu_49570_p2   |     -    |      0|  0|  11|          11|          11|
    |sub_ln1118_27_fu_49602_p2   |     -    |      0|  0|  10|          10|          10|
    |sub_ln1118_288_fu_47657_p2  |     -    |      0|  0|  12|          12|          12|
    |sub_ln1118_289_fu_47843_p2  |     -    |      0|  0|  10|          10|          10|
    |sub_ln1118_28_fu_49739_p2   |     -    |      0|  0|   9|           1|           9|
    |sub_ln1118_290_fu_47943_p2  |     -    |      0|  0|   9|           9|           9|
    |sub_ln1118_291_fu_48221_p2  |     -    |      0|  0|  11|          11|          11|
    |sub_ln1118_292_fu_48475_p2  |     -    |      0|  0|  11|          11|          11|
    |sub_ln1118_293_fu_49214_p2  |     -    |      0|  0|   9|           9|           9|
    |sub_ln1118_294_fu_49402_p2  |     -    |      0|  0|   9|           9|           9|
    |sub_ln1118_295_fu_49462_p2  |     -    |      0|  0|  11|          11|          11|
    |sub_ln1118_296_fu_49626_p2  |     -    |      0|  0|   9|           9|           9|
    |sub_ln1118_297_fu_49827_p2  |     -    |      0|  0|  12|          12|          12|
    |sub_ln1118_298_fu_51403_p2  |     -    |      0|  0|  10|          10|          10|
    |sub_ln1118_299_fu_51886_p2  |     -    |      0|  0|  10|          10|          10|
    |sub_ln1118_29_fu_49775_p2   |     -    |      0|  0|  10|           1|          10|
    |sub_ln1118_2_fu_48747_p2    |     -    |      0|  0|   7|           1|           7|
    |sub_ln1118_300_fu_52279_p2  |     -    |      0|  0|  12|          12|          12|
    |sub_ln1118_301_fu_52660_p2  |     -    |      0|  0|   9|           9|           9|
    |sub_ln1118_302_fu_52877_p2  |     -    |      0|  0|  10|          10|          10|
    |sub_ln1118_30_fu_49807_p2   |     -    |      0|  0|  12|           1|          12|
    |sub_ln1118_31_fu_49891_p2   |     -    |      0|  0|  11|          11|          11|
    |sub_ln1118_32_fu_49911_p2   |     -    |      0|  0|  12|          12|          12|
    |sub_ln1118_33_fu_49963_p2   |     -    |      0|  0|  10|          10|          10|
    |sub_ln1118_34_fu_50085_p2   |     -    |      0|  0|   8|           1|           8|
    |sub_ln1118_35_fu_50251_p2   |     -    |      0|  0|  12|          12|          12|
    |sub_ln1118_36_fu_50271_p2   |     -    |      0|  0|   8|           1|           8|
    |sub_ln1118_37_fu_50311_p2   |     -    |      0|  0|  10|          10|          10|
    |sub_ln1118_38_fu_50470_p2   |     -    |      0|  0|  12|           1|          12|
    |sub_ln1118_39_fu_50502_p2   |     -    |      0|  0|  11|           1|          11|
    |sub_ln1118_3_fu_48911_p2    |     -    |      0|  0|   7|           1|           7|
    |sub_ln1118_40_fu_50524_p2   |     -    |      0|  0|  12|          12|          12|
    |sub_ln1118_41_fu_50741_p2   |     -    |      0|  0|  10|           1|          10|
    |sub_ln1118_42_fu_50751_p2   |     -    |      0|  0|  11|          11|          11|
    |sub_ln1118_43_fu_50791_p2   |     -    |      0|  0|   9|           1|           9|
    |sub_ln1118_44_fu_50823_p2   |     -    |      0|  0|   9|           1|           9|
    |sub_ln1118_45_fu_50975_p2   |     -    |      0|  0|  12|          12|          12|
    |sub_ln1118_46_fu_51007_p2   |     -    |      0|  0|   8|           1|           8|
    |sub_ln1118_47_fu_51351_p2   |     -    |      0|  0|  10|          10|          10|
    |sub_ln1118_48_fu_51383_p2   |     -    |      0|  0|  12|           1|          12|
    |sub_ln1118_49_fu_51488_p2   |     -    |      0|  0|  11|          11|          11|
    |sub_ln1118_4_fu_49707_p2    |     -    |      0|  0|   7|           1|           7|
    |sub_ln1118_50_fu_51618_p2   |     -    |      0|  0|  11|           1|          11|
    |sub_ln1118_51_fu_51632_p2   |     -    |      0|  0|  12|          12|          12|
    |sub_ln1118_52_fu_51684_p2   |     -    |      0|  0|  10|           1|          10|
    |sub_ln1118_53_fu_51694_p2   |     -    |      0|  0|  11|          11|          11|
    |sub_ln1118_54_fu_51754_p2   |     -    |      0|  0|   9|           1|           9|
    |sub_ln1118_55_fu_51866_p2   |     -    |      0|  0|  10|           1|          10|
    |sub_ln1118_56_fu_51995_p2   |     -    |      0|  0|   8|           1|           8|
    |sub_ln1118_57_fu_52176_p2   |     -    |      0|  0|  11|          11|          11|
    |sub_ln1118_58_fu_52311_p2   |     -    |      0|  0|  12|          12|          12|
    |sub_ln1118_59_fu_52379_p2   |     -    |      0|  0|  11|          11|          11|
    |sub_ln1118_5_fu_50386_p2    |     -    |      0|  0|   7|           1|           7|
    |sub_ln1118_60_fu_52490_p2   |     -    |      0|  0|  10|           1|          10|
    |sub_ln1118_61_fu_52512_p2   |     -    |      0|  0|  11|          11|          11|
    |sub_ln1118_62_fu_52636_p2   |     -    |      0|  0|  11|           1|          11|
    |sub_ln1118_6_fu_50685_p2    |     -    |      0|  0|   7|           1|           7|
    |sub_ln1118_7_fu_51512_p2    |     -    |      0|  0|   7|           1|           7|
    |sub_ln1118_8_fu_51652_p2    |     -    |      0|  0|   7|           1|           7|
    |sub_ln1118_9_fu_52237_p2    |     -    |      0|  0|   7|           1|           7|
    |sub_ln1118_fu_47919_p2      |     -    |      0|  0|   7|           1|           7|
    |sub_ln708_10_fu_48939_p2    |     -    |      0|  0|  11|          11|          11|
    |sub_ln708_11_fu_49180_p2    |     -    |      0|  0|  11|          11|          11|
    |sub_ln708_12_fu_49296_p2    |     -    |      0|  0|  10|          10|          10|
    |sub_ln708_13_fu_49368_p2    |     -    |      0|  0|   9|           9|           9|
    |sub_ln708_14_fu_49520_p2    |     -    |      0|  0|  10|          10|          10|
    |sub_ln708_15_fu_49859_p2    |     -    |      0|  0|  11|          11|          11|
    |sub_ln708_16_fu_50005_p2    |     -    |      0|  0|   9|           9|           9|
    |sub_ln708_17_fu_50113_p2    |     -    |      0|  0|  11|          11|          11|
    |sub_ln708_18_fu_50291_p2    |     -    |      0|  0|  11|          11|          11|
    |sub_ln708_19_fu_50434_p2    |     -    |      0|  0|  10|          10|          10|
    |sub_ln708_1_fu_47613_p2     |     -    |      0|  0|  10|          10|          10|
    |sub_ln708_20_fu_50558_p2    |     -    |      0|  0|  11|          11|          11|
    |sub_ln708_21_fu_50610_p2    |     -    |      0|  0|  11|          11|          11|
    |sub_ln708_22_fu_50705_p2    |     -    |      0|  0|   9|           9|           9|
    |sub_ln708_23_fu_50771_p2    |     -    |      0|  0|  11|          11|          11|
    |sub_ln708_24_fu_51039_p2    |     -    |      0|  0|  11|          11|          11|
    |sub_ln708_25_fu_51093_p2    |     -    |      0|  0|  11|          11|          11|
    |sub_ln708_26_fu_51113_p2    |     -    |      0|  0|  10|          10|          10|
    |sub_ln708_27_fu_51171_p2    |     -    |      0|  0|  11|          11|          11|
    |sub_ln708_28_fu_51191_p2    |     -    |      0|  0|  11|          11|          11|
    |sub_ln708_29_fu_51327_p2    |     -    |      0|  0|  10|          10|          10|
    |sub_ln708_2_fu_47637_p2     |     -    |      0|  0|  11|          11|          11|
    |sub_ln708_30_fu_51532_p2    |     -    |      0|  0|  11|          11|          11|
    |sub_ln708_31_fu_51598_p2    |     -    |      0|  0|  11|          11|          11|
    |sub_ln708_32_fu_51722_p2    |     -    |      0|  0|  11|          11|          11|
    |sub_ln708_33_fu_51778_p2    |     -    |      0|  0|  11|          11|          11|
    |sub_ln708_34_fu_51830_p2    |     -    |      0|  0|  11|          11|          11|
    |sub_ln708_35_fu_52104_p2    |     -    |      0|  0|  10|          10|          10|
    |sub_ln708_36_fu_52128_p2    |     -    |      0|  0|   9|           9|           9|
    |sub_ln708_37_fu_52204_p2    |     -    |      0|  0|  11|          11|          11|
    |sub_ln708_38_fu_52556_p2    |     -    |      0|  0|  11|          11|          11|
    |sub_ln708_39_fu_52602_p2    |     -    |      0|  0|  11|          11|          11|
    |sub_ln708_3_fu_47677_p2     |     -    |      0|  0|  11|          11|          11|
    |sub_ln708_40_fu_52909_p2    |     -    |      0|  0|   9|           9|           9|
    |sub_ln708_4_fu_47725_p2     |     -    |      0|  0|  11|          11|          11|
    |sub_ln708_5_fu_48011_p2     |     -    |      0|  0|  10|          10|          10|
    |sub_ln708_6_fu_48430_p2     |     -    |      0|  0|  10|          10|          10|
    |sub_ln708_7_fu_48571_p2     |     -    |      0|  0|   9|           9|           9|
    |sub_ln708_8_fu_48665_p2     |     -    |      0|  0|  10|          10|          10|
    |sub_ln708_9_fu_48855_p2     |     -    |      0|  0|  10|          10|          10|
    |sub_ln708_fu_47565_p2       |     -    |      0|  0|  11|          11|          11|
    +----------------------------+----------+-------+---+----+------------+------------+
    |Total                       |          |      0|  0|5645|        4041|        4270|
    +----------------------------+----------+-------+---+----+------------+------------+

    * Multiplexer: 
    N/A

    * Register: 
    N/A



================================================================
== Interface
================================================================
* Summary: 
+----------------+-----+-----+------------+---------------------------------------------------------------------------------+--------------+
|    RTL Ports   | Dir | Bits|  Protocol  |                                  Source Object                                  |    C Type    |
+----------------+-----+-----+------------+---------------------------------------------------------------------------------+--------------+
|ap_ready        | out |    1| ap_ctrl_hs | dense_latency.0.0.0.0.0.0.0.0.0.0.0.0.0.0.0.0.0.0.0.0.0.0.0.0.0.0.0.0.0.0.0.0.0 | return value |
|ap_return_0     | out |   16| ap_ctrl_hs | dense_latency.0.0.0.0.0.0.0.0.0.0.0.0.0.0.0.0.0.0.0.0.0.0.0.0.0.0.0.0.0.0.0.0.0 | return value |
|ap_return_1     | out |   16| ap_ctrl_hs | dense_latency.0.0.0.0.0.0.0.0.0.0.0.0.0.0.0.0.0.0.0.0.0.0.0.0.0.0.0.0.0.0.0.0.0 | return value |
|ap_return_2     | out |   16| ap_ctrl_hs | dense_latency.0.0.0.0.0.0.0.0.0.0.0.0.0.0.0.0.0.0.0.0.0.0.0.0.0.0.0.0.0.0.0.0.0 | return value |
|ap_return_3     | out |   16| ap_ctrl_hs | dense_latency.0.0.0.0.0.0.0.0.0.0.0.0.0.0.0.0.0.0.0.0.0.0.0.0.0.0.0.0.0.0.0.0.0 | return value |
|ap_return_4     | out |   16| ap_ctrl_hs | dense_latency.0.0.0.0.0.0.0.0.0.0.0.0.0.0.0.0.0.0.0.0.0.0.0.0.0.0.0.0.0.0.0.0.0 | return value |
|ap_return_5     | out |   16| ap_ctrl_hs | dense_latency.0.0.0.0.0.0.0.0.0.0.0.0.0.0.0.0.0.0.0.0.0.0.0.0.0.0.0.0.0.0.0.0.0 | return value |
|ap_return_6     | out |   16| ap_ctrl_hs | dense_latency.0.0.0.0.0.0.0.0.0.0.0.0.0.0.0.0.0.0.0.0.0.0.0.0.0.0.0.0.0.0.0.0.0 | return value |
|ap_return_7     | out |   16| ap_ctrl_hs | dense_latency.0.0.0.0.0.0.0.0.0.0.0.0.0.0.0.0.0.0.0.0.0.0.0.0.0.0.0.0.0.0.0.0.0 | return value |
|ap_return_8     | out |   16| ap_ctrl_hs | dense_latency.0.0.0.0.0.0.0.0.0.0.0.0.0.0.0.0.0.0.0.0.0.0.0.0.0.0.0.0.0.0.0.0.0 | return value |
|ap_return_9     | out |   16| ap_ctrl_hs | dense_latency.0.0.0.0.0.0.0.0.0.0.0.0.0.0.0.0.0.0.0.0.0.0.0.0.0.0.0.0.0.0.0.0.0 | return value |
|ap_return_10    | out |   16| ap_ctrl_hs | dense_latency.0.0.0.0.0.0.0.0.0.0.0.0.0.0.0.0.0.0.0.0.0.0.0.0.0.0.0.0.0.0.0.0.0 | return value |
|ap_return_11    | out |   16| ap_ctrl_hs | dense_latency.0.0.0.0.0.0.0.0.0.0.0.0.0.0.0.0.0.0.0.0.0.0.0.0.0.0.0.0.0.0.0.0.0 | return value |
|ap_return_12    | out |   16| ap_ctrl_hs | dense_latency.0.0.0.0.0.0.0.0.0.0.0.0.0.0.0.0.0.0.0.0.0.0.0.0.0.0.0.0.0.0.0.0.0 | return value |
|ap_return_13    | out |   16| ap_ctrl_hs | dense_latency.0.0.0.0.0.0.0.0.0.0.0.0.0.0.0.0.0.0.0.0.0.0.0.0.0.0.0.0.0.0.0.0.0 | return value |
|ap_return_14    | out |   16| ap_ctrl_hs | dense_latency.0.0.0.0.0.0.0.0.0.0.0.0.0.0.0.0.0.0.0.0.0.0.0.0.0.0.0.0.0.0.0.0.0 | return value |
|ap_return_15    | out |   16| ap_ctrl_hs | dense_latency.0.0.0.0.0.0.0.0.0.0.0.0.0.0.0.0.0.0.0.0.0.0.0.0.0.0.0.0.0.0.0.0.0 | return value |
|ap_return_16    | out |   16| ap_ctrl_hs | dense_latency.0.0.0.0.0.0.0.0.0.0.0.0.0.0.0.0.0.0.0.0.0.0.0.0.0.0.0.0.0.0.0.0.0 | return value |
|ap_return_17    | out |   16| ap_ctrl_hs | dense_latency.0.0.0.0.0.0.0.0.0.0.0.0.0.0.0.0.0.0.0.0.0.0.0.0.0.0.0.0.0.0.0.0.0 | return value |
|ap_return_18    | out |   16| ap_ctrl_hs | dense_latency.0.0.0.0.0.0.0.0.0.0.0.0.0.0.0.0.0.0.0.0.0.0.0.0.0.0.0.0.0.0.0.0.0 | return value |
|ap_return_19    | out |   16| ap_ctrl_hs | dense_latency.0.0.0.0.0.0.0.0.0.0.0.0.0.0.0.0.0.0.0.0.0.0.0.0.0.0.0.0.0.0.0.0.0 | return value |
|ap_return_20    | out |   16| ap_ctrl_hs | dense_latency.0.0.0.0.0.0.0.0.0.0.0.0.0.0.0.0.0.0.0.0.0.0.0.0.0.0.0.0.0.0.0.0.0 | return value |
|ap_return_21    | out |   16| ap_ctrl_hs | dense_latency.0.0.0.0.0.0.0.0.0.0.0.0.0.0.0.0.0.0.0.0.0.0.0.0.0.0.0.0.0.0.0.0.0 | return value |
|ap_return_22    | out |   16| ap_ctrl_hs | dense_latency.0.0.0.0.0.0.0.0.0.0.0.0.0.0.0.0.0.0.0.0.0.0.0.0.0.0.0.0.0.0.0.0.0 | return value |
|ap_return_23    | out |   16| ap_ctrl_hs | dense_latency.0.0.0.0.0.0.0.0.0.0.0.0.0.0.0.0.0.0.0.0.0.0.0.0.0.0.0.0.0.0.0.0.0 | return value |
|ap_return_24    | out |   16| ap_ctrl_hs | dense_latency.0.0.0.0.0.0.0.0.0.0.0.0.0.0.0.0.0.0.0.0.0.0.0.0.0.0.0.0.0.0.0.0.0 | return value |
|data_0_V_read   |  in |    6|   ap_none  |                                  data_0_V_read                                  |    scalar    |
|data_1_V_read   |  in |    6|   ap_none  |                                  data_1_V_read                                  |    scalar    |
|data_2_V_read   |  in |    6|   ap_none  |                                  data_2_V_read                                  |    scalar    |
|data_3_V_read   |  in |    6|   ap_none  |                                  data_3_V_read                                  |    scalar    |
|data_4_V_read   |  in |    6|   ap_none  |                                  data_4_V_read                                  |    scalar    |
|data_5_V_read   |  in |    6|   ap_none  |                                  data_5_V_read                                  |    scalar    |
|data_6_V_read   |  in |    6|   ap_none  |                                  data_6_V_read                                  |    scalar    |
|data_7_V_read   |  in |    6|   ap_none  |                                  data_7_V_read                                  |    scalar    |
|data_8_V_read   |  in |    6|   ap_none  |                                  data_8_V_read                                  |    scalar    |
|data_9_V_read   |  in |    6|   ap_none  |                                  data_9_V_read                                  |    scalar    |
|data_10_V_read  |  in |    6|   ap_none  |                                  data_10_V_read                                 |    scalar    |
|data_11_V_read  |  in |    6|   ap_none  |                                  data_11_V_read                                 |    scalar    |
|data_13_V_read  |  in |    6|   ap_none  |                                  data_13_V_read                                 |    scalar    |
|data_14_V_read  |  in |    6|   ap_none  |                                  data_14_V_read                                 |    scalar    |
|data_15_V_read  |  in |    6|   ap_none  |                                  data_15_V_read                                 |    scalar    |
|data_16_V_read  |  in |    6|   ap_none  |                                  data_16_V_read                                 |    scalar    |
|data_17_V_read  |  in |    6|   ap_none  |                                  data_17_V_read                                 |    scalar    |
|data_18_V_read  |  in |    6|   ap_none  |                                  data_18_V_read                                 |    scalar    |
|data_19_V_read  |  in |    6|   ap_none  |                                  data_19_V_read                                 |    scalar    |
|data_20_V_read  |  in |    6|   ap_none  |                                  data_20_V_read                                 |    scalar    |
|data_21_V_read  |  in |    6|   ap_none  |                                  data_21_V_read                                 |    scalar    |
|data_22_V_read  |  in |    6|   ap_none  |                                  data_22_V_read                                 |    scalar    |
|data_23_V_read  |  in |    6|   ap_none  |                                  data_23_V_read                                 |    scalar    |
|data_24_V_read  |  in |    6|   ap_none  |                                  data_24_V_read                                 |    scalar    |
|data_26_V_read  |  in |    6|   ap_none  |                                  data_26_V_read                                 |    scalar    |
|data_27_V_read  |  in |    6|   ap_none  |                                  data_27_V_read                                 |    scalar    |
|data_28_V_read  |  in |    6|   ap_none  |                                  data_28_V_read                                 |    scalar    |
|data_29_V_read  |  in |    6|   ap_none  |                                  data_29_V_read                                 |    scalar    |
|data_30_V_read  |  in |    6|   ap_none  |                                  data_30_V_read                                 |    scalar    |
|data_31_V_read  |  in |    6|   ap_none  |                                  data_31_V_read                                 |    scalar    |
+----------------+-----+-----+------------+---------------------------------------------------------------------------------+--------------+

