

================================================================
== Vivado HLS Report for 'relu_ap_fixed_16_6_5_3_0_ap_ufixed_6_0_4_0_0_relu_config10_s'
================================================================
* Date:           Fri Sep 22 04:29:49 2023

* Version:        2019.2 (Build 2704478 on Wed Nov 06 22:10:23 MST 2019)
* Project:        myproject_prj
* Solution:       solution1
* Product family: zynq
* Target device:  xc7z020-clg400-1


================================================================
== Performance Estimates
================================================================
+ Timing: 
    * Summary: 
    +--------+---------+----------+------------+
    |  Clock |  Target | Estimated| Uncertainty|
    +--------+---------+----------+------------+
    |ap_clk  | 5.00 ns | 4.144 ns |   0.62 ns  |
    +--------+---------+----------+------------+

+ Latency: 
    * Summary: 
    +---------+---------+----------+----------+-----+-----+----------+
    |  Latency (cycles) |  Latency (absolute) |  Interval | Pipeline |
    |   min   |   max   |    min   |    max   | min | max |   Type   |
    +---------+---------+----------+----------+-----+-----+----------+
    |        0|        0|   0 ns   |   0 ns   |    1|    1| function |
    +---------+---------+----------+----------+-----+-----+----------+

    + Detail: 
        * Instance: 
        N/A

        * Loop: 
        N/A



================================================================
== Utilization Estimates
================================================================
* Summary: 
+-----------------+---------+-------+--------+-------+-----+
|       Name      | BRAM_18K| DSP48E|   FF   |  LUT  | URAM|
+-----------------+---------+-------+--------+-------+-----+
|DSP              |        -|      -|       -|      -|    -|
|Expression       |        -|      -|       0|   2025|    -|
|FIFO             |        -|      -|       -|      -|    -|
|Instance         |        -|      -|       -|      -|    -|
|Memory           |        -|      -|       -|      -|    -|
|Multiplexer      |        -|      -|       -|      -|    -|
|Register         |        -|      -|       -|      -|    -|
+-----------------+---------+-------+--------+-------+-----+
|Total            |        0|      0|       0|   2025|    0|
+-----------------+---------+-------+--------+-------+-----+
|Available        |      280|    220|  106400|  53200|    0|
+-----------------+---------+-------+--------+-------+-----+
|Utilization (%)  |        0|      0|       0|      3|    0|
+-----------------+---------+-------+--------+-------+-----+

+ Detail: 
    * Instance: 
    N/A

    * DSP48E: 
    N/A

    * Memory: 
    N/A

    * FIFO: 
    N/A

    * Expression: 
    +------------------------------+----------+-------+---+----+------------+------------+
    |         Variable Name        | Operation| DSP48E| FF| LUT| Bitwidth P0| Bitwidth P1|
    +------------------------------+----------+-------+---+----+------------+------------+
    |add_ln415_100_fu_2654_p2      |     +    |      0|  0|  15|           6|           6|
    |add_ln415_101_fu_2792_p2      |     +    |      0|  0|  15|           6|           6|
    |add_ln415_102_fu_2930_p2      |     +    |      0|  0|  15|           6|           6|
    |add_ln415_103_fu_3068_p2      |     +    |      0|  0|  15|           6|           6|
    |add_ln415_104_fu_3206_p2      |     +    |      0|  0|  15|           6|           6|
    |add_ln415_105_fu_3344_p2      |     +    |      0|  0|  15|           6|           6|
    |add_ln415_106_fu_3482_p2      |     +    |      0|  0|  15|           6|           6|
    |add_ln415_107_fu_3620_p2      |     +    |      0|  0|  15|           6|           6|
    |add_ln415_84_fu_446_p2        |     +    |      0|  0|  15|           6|           6|
    |add_ln415_85_fu_584_p2        |     +    |      0|  0|  15|           6|           6|
    |add_ln415_86_fu_722_p2        |     +    |      0|  0|  15|           6|           6|
    |add_ln415_87_fu_860_p2        |     +    |      0|  0|  15|           6|           6|
    |add_ln415_88_fu_998_p2        |     +    |      0|  0|  15|           6|           6|
    |add_ln415_89_fu_1136_p2       |     +    |      0|  0|  15|           6|           6|
    |add_ln415_90_fu_1274_p2       |     +    |      0|  0|  15|           6|           6|
    |add_ln415_91_fu_1412_p2       |     +    |      0|  0|  15|           6|           6|
    |add_ln415_92_fu_1550_p2       |     +    |      0|  0|  15|           6|           6|
    |add_ln415_93_fu_1688_p2       |     +    |      0|  0|  15|           6|           6|
    |add_ln415_94_fu_1826_p2       |     +    |      0|  0|  15|           6|           6|
    |add_ln415_95_fu_1964_p2       |     +    |      0|  0|  15|           6|           6|
    |add_ln415_96_fu_2102_p2       |     +    |      0|  0|  15|           6|           6|
    |add_ln415_97_fu_2240_p2       |     +    |      0|  0|  15|           6|           6|
    |add_ln415_98_fu_2378_p2       |     +    |      0|  0|  15|           6|           6|
    |add_ln415_99_fu_2516_p2       |     +    |      0|  0|  15|           6|           6|
    |add_ln415_fu_308_p2           |     +    |      0|  0|  15|           6|           6|
    |and_ln415_10_fu_1540_p2       |    and   |      0|  0|   2|           1|           1|
    |and_ln415_12_fu_1678_p2       |    and   |      0|  0|   2|           1|           1|
    |and_ln415_13_fu_1816_p2       |    and   |      0|  0|   2|           1|           1|
    |and_ln415_15_fu_1954_p2       |    and   |      0|  0|   2|           1|           1|
    |and_ln415_16_fu_2092_p2       |    and   |      0|  0|   2|           1|           1|
    |and_ln415_17_fu_2230_p2       |    and   |      0|  0|   2|           1|           1|
    |and_ln415_18_fu_2368_p2       |    and   |      0|  0|   2|           1|           1|
    |and_ln415_19_fu_2506_p2       |    and   |      0|  0|   2|           1|           1|
    |and_ln415_20_fu_2644_p2       |    and   |      0|  0|   2|           1|           1|
    |and_ln415_21_fu_2782_p2       |    and   |      0|  0|   2|           1|           1|
    |and_ln415_22_fu_2920_p2       |    and   |      0|  0|   2|           1|           1|
    |and_ln415_24_fu_3058_p2       |    and   |      0|  0|   2|           1|           1|
    |and_ln415_25_fu_3196_p2       |    and   |      0|  0|   2|           1|           1|
    |and_ln415_26_fu_3334_p2       |    and   |      0|  0|   2|           1|           1|
    |and_ln415_29_fu_3472_p2       |    and   |      0|  0|   2|           1|           1|
    |and_ln415_2_fu_436_p2         |    and   |      0|  0|   2|           1|           1|
    |and_ln415_31_fu_3610_p2       |    and   |      0|  0|   2|           1|           1|
    |and_ln415_3_fu_574_p2         |    and   |      0|  0|   2|           1|           1|
    |and_ln415_4_fu_712_p2         |    and   |      0|  0|   2|           1|           1|
    |and_ln415_5_fu_850_p2         |    and   |      0|  0|   2|           1|           1|
    |and_ln415_6_fu_988_p2         |    and   |      0|  0|   2|           1|           1|
    |and_ln415_7_fu_1126_p2        |    and   |      0|  0|   2|           1|           1|
    |and_ln415_8_fu_1264_p2        |    and   |      0|  0|   2|           1|           1|
    |and_ln415_9_fu_1402_p2        |    and   |      0|  0|   2|           1|           1|
    |and_ln415_fu_298_p2           |    and   |      0|  0|   2|           1|           1|
    |and_ln416_100_fu_2674_p2      |    and   |      0|  0|   2|           1|           1|
    |and_ln416_101_fu_2812_p2      |    and   |      0|  0|   2|           1|           1|
    |and_ln416_102_fu_2950_p2      |    and   |      0|  0|   2|           1|           1|
    |and_ln416_103_fu_3088_p2      |    and   |      0|  0|   2|           1|           1|
    |and_ln416_104_fu_3226_p2      |    and   |      0|  0|   2|           1|           1|
    |and_ln416_105_fu_3364_p2      |    and   |      0|  0|   2|           1|           1|
    |and_ln416_106_fu_3502_p2      |    and   |      0|  0|   2|           1|           1|
    |and_ln416_107_fu_3640_p2      |    and   |      0|  0|   2|           1|           1|
    |and_ln416_84_fu_466_p2        |    and   |      0|  0|   2|           1|           1|
    |and_ln416_85_fu_604_p2        |    and   |      0|  0|   2|           1|           1|
    |and_ln416_86_fu_742_p2        |    and   |      0|  0|   2|           1|           1|
    |and_ln416_87_fu_880_p2        |    and   |      0|  0|   2|           1|           1|
    |and_ln416_88_fu_1018_p2       |    and   |      0|  0|   2|           1|           1|
    |and_ln416_89_fu_1156_p2       |    and   |      0|  0|   2|           1|           1|
    |and_ln416_90_fu_1294_p2       |    and   |      0|  0|   2|           1|           1|
    |and_ln416_91_fu_1432_p2       |    and   |      0|  0|   2|           1|           1|
    |and_ln416_92_fu_1570_p2       |    and   |      0|  0|   2|           1|           1|
    |and_ln416_93_fu_1708_p2       |    and   |      0|  0|   2|           1|           1|
    |and_ln416_94_fu_1846_p2       |    and   |      0|  0|   2|           1|           1|
    |and_ln416_95_fu_1984_p2       |    and   |      0|  0|   2|           1|           1|
    |and_ln416_96_fu_2122_p2       |    and   |      0|  0|   2|           1|           1|
    |and_ln416_97_fu_2260_p2       |    and   |      0|  0|   2|           1|           1|
    |and_ln416_98_fu_2398_p2       |    and   |      0|  0|   2|           1|           1|
    |and_ln416_99_fu_2536_p2       |    and   |      0|  0|   2|           1|           1|
    |and_ln416_fu_328_p2           |    and   |      0|  0|   2|           1|           1|
    |icmp_ln1494_10_fu_1484_p2     |   icmp   |      0|  0|  13|          16|           1|
    |icmp_ln1494_12_fu_1622_p2     |   icmp   |      0|  0|  13|          16|           1|
    |icmp_ln1494_13_fu_1760_p2     |   icmp   |      0|  0|  13|          16|           1|
    |icmp_ln1494_15_fu_1898_p2     |   icmp   |      0|  0|  13|          16|           1|
    |icmp_ln1494_16_fu_2036_p2     |   icmp   |      0|  0|  13|          16|           1|
    |icmp_ln1494_17_fu_2174_p2     |   icmp   |      0|  0|  13|          16|           1|
    |icmp_ln1494_18_fu_2312_p2     |   icmp   |      0|  0|  13|          16|           1|
    |icmp_ln1494_19_fu_2450_p2     |   icmp   |      0|  0|  13|          16|           1|
    |icmp_ln1494_20_fu_2588_p2     |   icmp   |      0|  0|  13|          16|           1|
    |icmp_ln1494_21_fu_2726_p2     |   icmp   |      0|  0|  13|          16|           1|
    |icmp_ln1494_22_fu_2864_p2     |   icmp   |      0|  0|  13|          16|           1|
    |icmp_ln1494_24_fu_3002_p2     |   icmp   |      0|  0|  13|          16|           1|
    |icmp_ln1494_25_fu_3140_p2     |   icmp   |      0|  0|  13|          16|           1|
    |icmp_ln1494_26_fu_3278_p2     |   icmp   |      0|  0|  13|          16|           1|
    |icmp_ln1494_29_fu_3416_p2     |   icmp   |      0|  0|  13|          16|           1|
    |icmp_ln1494_2_fu_380_p2       |   icmp   |      0|  0|  13|          16|           1|
    |icmp_ln1494_31_fu_3554_p2     |   icmp   |      0|  0|  13|          16|           1|
    |icmp_ln1494_3_fu_518_p2       |   icmp   |      0|  0|  13|          16|           1|
    |icmp_ln1494_4_fu_656_p2       |   icmp   |      0|  0|  13|          16|           1|
    |icmp_ln1494_5_fu_794_p2       |   icmp   |      0|  0|  13|          16|           1|
    |icmp_ln1494_6_fu_932_p2       |   icmp   |      0|  0|  13|          16|           1|
    |icmp_ln1494_7_fu_1070_p2      |   icmp   |      0|  0|  13|          16|           1|
    |icmp_ln1494_8_fu_1208_p2      |   icmp   |      0|  0|  13|          16|           1|
    |icmp_ln1494_9_fu_1346_p2      |   icmp   |      0|  0|  13|          16|           1|
    |icmp_ln1494_fu_242_p2         |   icmp   |      0|  0|  13|          16|           1|
    |icmp_ln718_100_fu_2616_p2     |   icmp   |      0|  0|   9|           3|           1|
    |icmp_ln718_101_fu_2754_p2     |   icmp   |      0|  0|   9|           3|           1|
    |icmp_ln718_102_fu_2892_p2     |   icmp   |      0|  0|   9|           3|           1|
    |icmp_ln718_103_fu_3030_p2     |   icmp   |      0|  0|   9|           3|           1|
    |icmp_ln718_104_fu_3168_p2     |   icmp   |      0|  0|   9|           3|           1|
    |icmp_ln718_105_fu_3306_p2     |   icmp   |      0|  0|   9|           3|           1|
    |icmp_ln718_106_fu_3444_p2     |   icmp   |      0|  0|   9|           3|           1|
    |icmp_ln718_107_fu_3582_p2     |   icmp   |      0|  0|   9|           3|           1|
    |icmp_ln718_84_fu_408_p2       |   icmp   |      0|  0|   9|           3|           1|
    |icmp_ln718_85_fu_546_p2       |   icmp   |      0|  0|   9|           3|           1|
    |icmp_ln718_86_fu_684_p2       |   icmp   |      0|  0|   9|           3|           1|
    |icmp_ln718_87_fu_822_p2       |   icmp   |      0|  0|   9|           3|           1|
    |icmp_ln718_88_fu_960_p2       |   icmp   |      0|  0|   9|           3|           1|
    |icmp_ln718_89_fu_1098_p2      |   icmp   |      0|  0|   9|           3|           1|
    |icmp_ln718_90_fu_1236_p2      |   icmp   |      0|  0|   9|           3|           1|
    |icmp_ln718_91_fu_1374_p2      |   icmp   |      0|  0|   9|           3|           1|
    |icmp_ln718_92_fu_1512_p2      |   icmp   |      0|  0|   9|           3|           1|
    |icmp_ln718_93_fu_1650_p2      |   icmp   |      0|  0|   9|           3|           1|
    |icmp_ln718_94_fu_1788_p2      |   icmp   |      0|  0|   9|           3|           1|
    |icmp_ln718_95_fu_1926_p2      |   icmp   |      0|  0|   9|           3|           1|
    |icmp_ln718_96_fu_2064_p2      |   icmp   |      0|  0|   9|           3|           1|
    |icmp_ln718_97_fu_2202_p2      |   icmp   |      0|  0|   9|           3|           1|
    |icmp_ln718_98_fu_2340_p2      |   icmp   |      0|  0|   9|           3|           1|
    |icmp_ln718_99_fu_2478_p2      |   icmp   |      0|  0|   9|           3|           1|
    |icmp_ln718_fu_270_p2          |   icmp   |      0|  0|   9|           3|           1|
    |icmp_ln768_100_fu_2696_p2     |   icmp   |      0|  0|  11|           6|           1|
    |icmp_ln768_101_fu_2834_p2     |   icmp   |      0|  0|  11|           6|           1|
    |icmp_ln768_102_fu_2972_p2     |   icmp   |      0|  0|  11|           6|           1|
    |icmp_ln768_103_fu_3110_p2     |   icmp   |      0|  0|  11|           6|           1|
    |icmp_ln768_104_fu_3248_p2     |   icmp   |      0|  0|  11|           6|           1|
    |icmp_ln768_105_fu_3386_p2     |   icmp   |      0|  0|  11|           6|           1|
    |icmp_ln768_106_fu_3524_p2     |   icmp   |      0|  0|  11|           6|           1|
    |icmp_ln768_107_fu_3662_p2     |   icmp   |      0|  0|  11|           6|           1|
    |icmp_ln768_84_fu_488_p2       |   icmp   |      0|  0|  11|           6|           1|
    |icmp_ln768_85_fu_626_p2       |   icmp   |      0|  0|  11|           6|           1|
    |icmp_ln768_86_fu_764_p2       |   icmp   |      0|  0|  11|           6|           1|
    |icmp_ln768_87_fu_902_p2       |   icmp   |      0|  0|  11|           6|           1|
    |icmp_ln768_88_fu_1040_p2      |   icmp   |      0|  0|  11|           6|           1|
    |icmp_ln768_89_fu_1178_p2      |   icmp   |      0|  0|  11|           6|           1|
    |icmp_ln768_90_fu_1316_p2      |   icmp   |      0|  0|  11|           6|           1|
    |icmp_ln768_91_fu_1454_p2      |   icmp   |      0|  0|  11|           6|           1|
    |icmp_ln768_92_fu_1592_p2      |   icmp   |      0|  0|  11|           6|           1|
    |icmp_ln768_93_fu_1730_p2      |   icmp   |      0|  0|  11|           6|           1|
    |icmp_ln768_94_fu_1868_p2      |   icmp   |      0|  0|  11|           6|           1|
    |icmp_ln768_95_fu_2006_p2      |   icmp   |      0|  0|  11|           6|           1|
    |icmp_ln768_96_fu_2144_p2      |   icmp   |      0|  0|  11|           6|           1|
    |icmp_ln768_97_fu_2282_p2      |   icmp   |      0|  0|  11|           6|           1|
    |icmp_ln768_98_fu_2420_p2      |   icmp   |      0|  0|  11|           6|           1|
    |icmp_ln768_99_fu_2558_p2      |   icmp   |      0|  0|  11|           6|           1|
    |icmp_ln768_fu_350_p2          |   icmp   |      0|  0|  11|           6|           1|
    |icmp_ln879_100_fu_2690_p2     |   icmp   |      0|  0|  11|           6|           2|
    |icmp_ln879_101_fu_2828_p2     |   icmp   |      0|  0|  11|           6|           2|
    |icmp_ln879_102_fu_2966_p2     |   icmp   |      0|  0|  11|           6|           2|
    |icmp_ln879_103_fu_3104_p2     |   icmp   |      0|  0|  11|           6|           2|
    |icmp_ln879_104_fu_3242_p2     |   icmp   |      0|  0|  11|           6|           2|
    |icmp_ln879_105_fu_3380_p2     |   icmp   |      0|  0|  11|           6|           2|
    |icmp_ln879_106_fu_3518_p2     |   icmp   |      0|  0|  11|           6|           2|
    |icmp_ln879_107_fu_3656_p2     |   icmp   |      0|  0|  11|           6|           2|
    |icmp_ln879_84_fu_482_p2       |   icmp   |      0|  0|  11|           6|           2|
    |icmp_ln879_85_fu_620_p2       |   icmp   |      0|  0|  11|           6|           2|
    |icmp_ln879_86_fu_758_p2       |   icmp   |      0|  0|  11|           6|           2|
    |icmp_ln879_87_fu_896_p2       |   icmp   |      0|  0|  11|           6|           2|
    |icmp_ln879_88_fu_1034_p2      |   icmp   |      0|  0|  11|           6|           2|
    |icmp_ln879_89_fu_1172_p2      |   icmp   |      0|  0|  11|           6|           2|
    |icmp_ln879_90_fu_1310_p2      |   icmp   |      0|  0|  11|           6|           2|
    |icmp_ln879_91_fu_1448_p2      |   icmp   |      0|  0|  11|           6|           2|
    |icmp_ln879_92_fu_1586_p2      |   icmp   |      0|  0|  11|           6|           2|
    |icmp_ln879_93_fu_1724_p2      |   icmp   |      0|  0|  11|           6|           2|
    |icmp_ln879_94_fu_1862_p2      |   icmp   |      0|  0|  11|           6|           2|
    |icmp_ln879_95_fu_2000_p2      |   icmp   |      0|  0|  11|           6|           2|
    |icmp_ln879_96_fu_2138_p2      |   icmp   |      0|  0|  11|           6|           2|
    |icmp_ln879_97_fu_2276_p2      |   icmp   |      0|  0|  11|           6|           2|
    |icmp_ln879_98_fu_2414_p2      |   icmp   |      0|  0|  11|           6|           2|
    |icmp_ln879_99_fu_2552_p2      |   icmp   |      0|  0|  11|           6|           2|
    |icmp_ln879_fu_344_p2          |   icmp   |      0|  0|  11|           6|           2|
    |or_ln412_100_fu_2630_p2       |    or    |      0|  0|   2|           1|           1|
    |or_ln412_101_fu_2768_p2       |    or    |      0|  0|   2|           1|           1|
    |or_ln412_102_fu_2906_p2       |    or    |      0|  0|   2|           1|           1|
    |or_ln412_103_fu_3044_p2       |    or    |      0|  0|   2|           1|           1|
    |or_ln412_104_fu_3182_p2       |    or    |      0|  0|   2|           1|           1|
    |or_ln412_105_fu_3320_p2       |    or    |      0|  0|   2|           1|           1|
    |or_ln412_106_fu_3458_p2       |    or    |      0|  0|   2|           1|           1|
    |or_ln412_107_fu_3596_p2       |    or    |      0|  0|   2|           1|           1|
    |or_ln412_84_fu_422_p2         |    or    |      0|  0|   2|           1|           1|
    |or_ln412_85_fu_560_p2         |    or    |      0|  0|   2|           1|           1|
    |or_ln412_86_fu_698_p2         |    or    |      0|  0|   2|           1|           1|
    |or_ln412_87_fu_836_p2         |    or    |      0|  0|   2|           1|           1|
    |or_ln412_88_fu_974_p2         |    or    |      0|  0|   2|           1|           1|
    |or_ln412_89_fu_1112_p2        |    or    |      0|  0|   2|           1|           1|
    |or_ln412_90_fu_1250_p2        |    or    |      0|  0|   2|           1|           1|
    |or_ln412_91_fu_1388_p2        |    or    |      0|  0|   2|           1|           1|
    |or_ln412_92_fu_1526_p2        |    or    |      0|  0|   2|           1|           1|
    |or_ln412_93_fu_1664_p2        |    or    |      0|  0|   2|           1|           1|
    |or_ln412_94_fu_1802_p2        |    or    |      0|  0|   2|           1|           1|
    |or_ln412_95_fu_1940_p2        |    or    |      0|  0|   2|           1|           1|
    |or_ln412_96_fu_2078_p2        |    or    |      0|  0|   2|           1|           1|
    |or_ln412_97_fu_2216_p2        |    or    |      0|  0|   2|           1|           1|
    |or_ln412_98_fu_2354_p2        |    or    |      0|  0|   2|           1|           1|
    |or_ln412_99_fu_2492_p2        |    or    |      0|  0|   2|           1|           1|
    |or_ln412_fu_284_p2            |    or    |      0|  0|   2|           1|           1|
    |select_ln1494_100_fu_2718_p3  |  select  |      0|  0|   6|           1|           6|
    |select_ln1494_101_fu_2856_p3  |  select  |      0|  0|   6|           1|           6|
    |select_ln1494_102_fu_2994_p3  |  select  |      0|  0|   6|           1|           6|
    |select_ln1494_103_fu_3132_p3  |  select  |      0|  0|   6|           1|           6|
    |select_ln1494_104_fu_3270_p3  |  select  |      0|  0|   6|           1|           6|
    |select_ln1494_105_fu_3408_p3  |  select  |      0|  0|   6|           1|           6|
    |select_ln1494_106_fu_3546_p3  |  select  |      0|  0|   6|           1|           6|
    |select_ln1494_107_fu_3684_p3  |  select  |      0|  0|   6|           1|           6|
    |select_ln1494_84_fu_510_p3    |  select  |      0|  0|   6|           1|           6|
    |select_ln1494_85_fu_648_p3    |  select  |      0|  0|   6|           1|           6|
    |select_ln1494_86_fu_786_p3    |  select  |      0|  0|   6|           1|           6|
    |select_ln1494_87_fu_924_p3    |  select  |      0|  0|   6|           1|           6|
    |select_ln1494_88_fu_1062_p3   |  select  |      0|  0|   6|           1|           6|
    |select_ln1494_89_fu_1200_p3   |  select  |      0|  0|   6|           1|           6|
    |select_ln1494_90_fu_1338_p3   |  select  |      0|  0|   6|           1|           6|
    |select_ln1494_91_fu_1476_p3   |  select  |      0|  0|   6|           1|           6|
    |select_ln1494_92_fu_1614_p3   |  select  |      0|  0|   6|           1|           6|
    |select_ln1494_93_fu_1752_p3   |  select  |      0|  0|   6|           1|           6|
    |select_ln1494_94_fu_1890_p3   |  select  |      0|  0|   6|           1|           6|
    |select_ln1494_95_fu_2028_p3   |  select  |      0|  0|   6|           1|           6|
    |select_ln1494_96_fu_2166_p3   |  select  |      0|  0|   6|           1|           6|
    |select_ln1494_97_fu_2304_p3   |  select  |      0|  0|   6|           1|           6|
    |select_ln1494_98_fu_2442_p3   |  select  |      0|  0|   6|           1|           6|
    |select_ln1494_99_fu_2580_p3   |  select  |      0|  0|   6|           1|           6|
    |select_ln1494_fu_372_p3       |  select  |      0|  0|   6|           1|           6|
    |select_ln340_10_fu_1606_p3    |  select  |      0|  0|   6|           1|           6|
    |select_ln340_12_fu_1744_p3    |  select  |      0|  0|   6|           1|           6|
    |select_ln340_13_fu_1882_p3    |  select  |      0|  0|   6|           1|           6|
    |select_ln340_15_fu_2020_p3    |  select  |      0|  0|   6|           1|           6|
    |select_ln340_16_fu_2158_p3    |  select  |      0|  0|   6|           1|           6|
    |select_ln340_17_fu_2296_p3    |  select  |      0|  0|   6|           1|           6|
    |select_ln340_18_fu_2434_p3    |  select  |      0|  0|   6|           1|           6|
    |select_ln340_19_fu_2572_p3    |  select  |      0|  0|   6|           1|           6|
    |select_ln340_20_fu_2710_p3    |  select  |      0|  0|   6|           1|           6|
    |select_ln340_21_fu_2848_p3    |  select  |      0|  0|   6|           1|           6|
    |select_ln340_22_fu_2986_p3    |  select  |      0|  0|   6|           1|           6|
    |select_ln340_24_fu_3124_p3    |  select  |      0|  0|   6|           1|           6|
    |select_ln340_25_fu_3262_p3    |  select  |      0|  0|   6|           1|           6|
    |select_ln340_26_fu_3400_p3    |  select  |      0|  0|   6|           1|           6|
    |select_ln340_29_fu_3538_p3    |  select  |      0|  0|   6|           1|           6|
    |select_ln340_2_fu_502_p3      |  select  |      0|  0|   6|           1|           6|
    |select_ln340_31_fu_3676_p3    |  select  |      0|  0|   6|           1|           6|
    |select_ln340_3_fu_640_p3      |  select  |      0|  0|   6|           1|           6|
    |select_ln340_4_fu_778_p3      |  select  |      0|  0|   6|           1|           6|
    |select_ln340_5_fu_916_p3      |  select  |      0|  0|   6|           1|           6|
    |select_ln340_6_fu_1054_p3     |  select  |      0|  0|   6|           1|           6|
    |select_ln340_7_fu_1192_p3     |  select  |      0|  0|   6|           1|           6|
    |select_ln340_8_fu_1330_p3     |  select  |      0|  0|   6|           1|           6|
    |select_ln340_9_fu_1468_p3     |  select  |      0|  0|   6|           1|           6|
    |select_ln340_fu_364_p3        |  select  |      0|  0|   6|           1|           6|
    |select_ln777_100_fu_2702_p3   |  select  |      0|  0|   2|           1|           1|
    |select_ln777_101_fu_2840_p3   |  select  |      0|  0|   2|           1|           1|
    |select_ln777_102_fu_2978_p3   |  select  |      0|  0|   2|           1|           1|
    |select_ln777_103_fu_3116_p3   |  select  |      0|  0|   2|           1|           1|
    |select_ln777_104_fu_3254_p3   |  select  |      0|  0|   2|           1|           1|
    |select_ln777_105_fu_3392_p3   |  select  |      0|  0|   2|           1|           1|
    |select_ln777_106_fu_3530_p3   |  select  |      0|  0|   2|           1|           1|
    |select_ln777_107_fu_3668_p3   |  select  |      0|  0|   2|           1|           1|
    |select_ln777_84_fu_494_p3     |  select  |      0|  0|   2|           1|           1|
    |select_ln777_85_fu_632_p3     |  select  |      0|  0|   2|           1|           1|
    |select_ln777_86_fu_770_p3     |  select  |      0|  0|   2|           1|           1|
    |select_ln777_87_fu_908_p3     |  select  |      0|  0|   2|           1|           1|
    |select_ln777_88_fu_1046_p3    |  select  |      0|  0|   2|           1|           1|
    |select_ln777_89_fu_1184_p3    |  select  |      0|  0|   2|           1|           1|
    |select_ln777_90_fu_1322_p3    |  select  |      0|  0|   2|           1|           1|
    |select_ln777_91_fu_1460_p3    |  select  |      0|  0|   2|           1|           1|
    |select_ln777_92_fu_1598_p3    |  select  |      0|  0|   2|           1|           1|
    |select_ln777_93_fu_1736_p3    |  select  |      0|  0|   2|           1|           1|
    |select_ln777_94_fu_1874_p3    |  select  |      0|  0|   2|           1|           1|
    |select_ln777_95_fu_2012_p3    |  select  |      0|  0|   2|           1|           1|
    |select_ln777_96_fu_2150_p3    |  select  |      0|  0|   2|           1|           1|
    |select_ln777_97_fu_2288_p3    |  select  |      0|  0|   2|           1|           1|
    |select_ln777_98_fu_2426_p3    |  select  |      0|  0|   2|           1|           1|
    |select_ln777_99_fu_2564_p3    |  select  |      0|  0|   2|           1|           1|
    |select_ln777_fu_356_p3        |  select  |      0|  0|   2|           1|           1|
    |xor_ln416_100_fu_2668_p2      |    xor   |      0|  0|   2|           1|           2|
    |xor_ln416_101_fu_2806_p2      |    xor   |      0|  0|   2|           1|           2|
    |xor_ln416_102_fu_2944_p2      |    xor   |      0|  0|   2|           1|           2|
    |xor_ln416_103_fu_3082_p2      |    xor   |      0|  0|   2|           1|           2|
    |xor_ln416_104_fu_3220_p2      |    xor   |      0|  0|   2|           1|           2|
    |xor_ln416_105_fu_3358_p2      |    xor   |      0|  0|   2|           1|           2|
    |xor_ln416_106_fu_3496_p2      |    xor   |      0|  0|   2|           1|           2|
    |xor_ln416_107_fu_3634_p2      |    xor   |      0|  0|   2|           1|           2|
    |xor_ln416_84_fu_460_p2        |    xor   |      0|  0|   2|           1|           2|
    |xor_ln416_85_fu_598_p2        |    xor   |      0|  0|   2|           1|           2|
    |xor_ln416_86_fu_736_p2        |    xor   |      0|  0|   2|           1|           2|
    |xor_ln416_87_fu_874_p2        |    xor   |      0|  0|   2|           1|           2|
    |xor_ln416_88_fu_1012_p2       |    xor   |      0|  0|   2|           1|           2|
    |xor_ln416_89_fu_1150_p2       |    xor   |      0|  0|   2|           1|           2|
    |xor_ln416_90_fu_1288_p2       |    xor   |      0|  0|   2|           1|           2|
    |xor_ln416_91_fu_1426_p2       |    xor   |      0|  0|   2|           1|           2|
    |xor_ln416_92_fu_1564_p2       |    xor   |      0|  0|   2|           1|           2|
    |xor_ln416_93_fu_1702_p2       |    xor   |      0|  0|   2|           1|           2|
    |xor_ln416_94_fu_1840_p2       |    xor   |      0|  0|   2|           1|           2|
    |xor_ln416_95_fu_1978_p2       |    xor   |      0|  0|   2|           1|           2|
    |xor_ln416_96_fu_2116_p2       |    xor   |      0|  0|   2|           1|           2|
    |xor_ln416_97_fu_2254_p2       |    xor   |      0|  0|   2|           1|           2|
    |xor_ln416_98_fu_2392_p2       |    xor   |      0|  0|   2|           1|           2|
    |xor_ln416_99_fu_2530_p2       |    xor   |      0|  0|   2|           1|           2|
    |xor_ln416_fu_322_p2           |    xor   |      0|  0|   2|           1|           2|
    +------------------------------+----------+-------+---+----+------------+------------+
    |Total                         |          |      0|  0|2025|        1100|         725|
    +------------------------------+----------+-------+---+----+------------+------------+

    * Multiplexer: 
    N/A

    * Register: 
    N/A



================================================================
== Interface
================================================================
* Summary: 
+----------------+-----+-----+------------+-------------------------------------------------------------------------+--------------+
|    RTL Ports   | Dir | Bits|  Protocol  |                              Source Object                              |    C Type    |
+----------------+-----+-----+------------+-------------------------------------------------------------------------+--------------+
|ap_ready        | out |    1| ap_ctrl_hs | relu<ap_fixed<16, 6, 5, 3, 0>, ap_ufixed<6, 0, 4, 0, 0>, relu_config10> | return value |
|ap_return_0     | out |    6| ap_ctrl_hs | relu<ap_fixed<16, 6, 5, 3, 0>, ap_ufixed<6, 0, 4, 0, 0>, relu_config10> | return value |
|ap_return_1     | out |    6| ap_ctrl_hs | relu<ap_fixed<16, 6, 5, 3, 0>, ap_ufixed<6, 0, 4, 0, 0>, relu_config10> | return value |
|ap_return_2     | out |    6| ap_ctrl_hs | relu<ap_fixed<16, 6, 5, 3, 0>, ap_ufixed<6, 0, 4, 0, 0>, relu_config10> | return value |
|ap_return_3     | out |    6| ap_ctrl_hs | relu<ap_fixed<16, 6, 5, 3, 0>, ap_ufixed<6, 0, 4, 0, 0>, relu_config10> | return value |
|ap_return_4     | out |    6| ap_ctrl_hs | relu<ap_fixed<16, 6, 5, 3, 0>, ap_ufixed<6, 0, 4, 0, 0>, relu_config10> | return value |
|ap_return_5     | out |    6| ap_ctrl_hs | relu<ap_fixed<16, 6, 5, 3, 0>, ap_ufixed<6, 0, 4, 0, 0>, relu_config10> | return value |
|ap_return_6     | out |    6| ap_ctrl_hs | relu<ap_fixed<16, 6, 5, 3, 0>, ap_ufixed<6, 0, 4, 0, 0>, relu_config10> | return value |
|ap_return_7     | out |    6| ap_ctrl_hs | relu<ap_fixed<16, 6, 5, 3, 0>, ap_ufixed<6, 0, 4, 0, 0>, relu_config10> | return value |
|ap_return_8     | out |    6| ap_ctrl_hs | relu<ap_fixed<16, 6, 5, 3, 0>, ap_ufixed<6, 0, 4, 0, 0>, relu_config10> | return value |
|ap_return_9     | out |    6| ap_ctrl_hs | relu<ap_fixed<16, 6, 5, 3, 0>, ap_ufixed<6, 0, 4, 0, 0>, relu_config10> | return value |
|ap_return_10    | out |    6| ap_ctrl_hs | relu<ap_fixed<16, 6, 5, 3, 0>, ap_ufixed<6, 0, 4, 0, 0>, relu_config10> | return value |
|ap_return_11    | out |    6| ap_ctrl_hs | relu<ap_fixed<16, 6, 5, 3, 0>, ap_ufixed<6, 0, 4, 0, 0>, relu_config10> | return value |
|ap_return_12    | out |    6| ap_ctrl_hs | relu<ap_fixed<16, 6, 5, 3, 0>, ap_ufixed<6, 0, 4, 0, 0>, relu_config10> | return value |
|ap_return_13    | out |    6| ap_ctrl_hs | relu<ap_fixed<16, 6, 5, 3, 0>, ap_ufixed<6, 0, 4, 0, 0>, relu_config10> | return value |
|ap_return_14    | out |    6| ap_ctrl_hs | relu<ap_fixed<16, 6, 5, 3, 0>, ap_ufixed<6, 0, 4, 0, 0>, relu_config10> | return value |
|ap_return_15    | out |    6| ap_ctrl_hs | relu<ap_fixed<16, 6, 5, 3, 0>, ap_ufixed<6, 0, 4, 0, 0>, relu_config10> | return value |
|ap_return_16    | out |    6| ap_ctrl_hs | relu<ap_fixed<16, 6, 5, 3, 0>, ap_ufixed<6, 0, 4, 0, 0>, relu_config10> | return value |
|ap_return_17    | out |    6| ap_ctrl_hs | relu<ap_fixed<16, 6, 5, 3, 0>, ap_ufixed<6, 0, 4, 0, 0>, relu_config10> | return value |
|ap_return_18    | out |    6| ap_ctrl_hs | relu<ap_fixed<16, 6, 5, 3, 0>, ap_ufixed<6, 0, 4, 0, 0>, relu_config10> | return value |
|ap_return_19    | out |    6| ap_ctrl_hs | relu<ap_fixed<16, 6, 5, 3, 0>, ap_ufixed<6, 0, 4, 0, 0>, relu_config10> | return value |
|ap_return_20    | out |    6| ap_ctrl_hs | relu<ap_fixed<16, 6, 5, 3, 0>, ap_ufixed<6, 0, 4, 0, 0>, relu_config10> | return value |
|ap_return_21    | out |    6| ap_ctrl_hs | relu<ap_fixed<16, 6, 5, 3, 0>, ap_ufixed<6, 0, 4, 0, 0>, relu_config10> | return value |
|ap_return_22    | out |    6| ap_ctrl_hs | relu<ap_fixed<16, 6, 5, 3, 0>, ap_ufixed<6, 0, 4, 0, 0>, relu_config10> | return value |
|ap_return_23    | out |    6| ap_ctrl_hs | relu<ap_fixed<16, 6, 5, 3, 0>, ap_ufixed<6, 0, 4, 0, 0>, relu_config10> | return value |
|ap_return_24    | out |    6| ap_ctrl_hs | relu<ap_fixed<16, 6, 5, 3, 0>, ap_ufixed<6, 0, 4, 0, 0>, relu_config10> | return value |
|data_0_V_read   |  in |   16|   ap_none  |                              data_0_V_read                              |    scalar    |
|data_2_V_read   |  in |   16|   ap_none  |                              data_2_V_read                              |    scalar    |
|data_3_V_read   |  in |   16|   ap_none  |                              data_3_V_read                              |    scalar    |
|data_4_V_read   |  in |   16|   ap_none  |                              data_4_V_read                              |    scalar    |
|data_5_V_read   |  in |   16|   ap_none  |                              data_5_V_read                              |    scalar    |
|data_6_V_read   |  in |   16|   ap_none  |                              data_6_V_read                              |    scalar    |
|data_7_V_read   |  in |   16|   ap_none  |                              data_7_V_read                              |    scalar    |
|data_8_V_read   |  in |   16|   ap_none  |                              data_8_V_read                              |    scalar    |
|data_9_V_read   |  in |   16|   ap_none  |                              data_9_V_read                              |    scalar    |
|data_10_V_read  |  in |   16|   ap_none  |                              data_10_V_read                             |    scalar    |
|data_12_V_read  |  in |   16|   ap_none  |                              data_12_V_read                             |    scalar    |
|data_13_V_read  |  in |   16|   ap_none  |                              data_13_V_read                             |    scalar    |
|data_15_V_read  |  in |   16|   ap_none  |                              data_15_V_read                             |    scalar    |
|data_16_V_read  |  in |   16|   ap_none  |                              data_16_V_read                             |    scalar    |
|data_17_V_read  |  in |   16|   ap_none  |                              data_17_V_read                             |    scalar    |
|data_18_V_read  |  in |   16|   ap_none  |                              data_18_V_read                             |    scalar    |
|data_19_V_read  |  in |   16|   ap_none  |                              data_19_V_read                             |    scalar    |
|data_20_V_read  |  in |   16|   ap_none  |                              data_20_V_read                             |    scalar    |
|data_21_V_read  |  in |   16|   ap_none  |                              data_21_V_read                             |    scalar    |
|data_22_V_read  |  in |   16|   ap_none  |                              data_22_V_read                             |    scalar    |
|data_24_V_read  |  in |   16|   ap_none  |                              data_24_V_read                             |    scalar    |
|data_25_V_read  |  in |   16|   ap_none  |                              data_25_V_read                             |    scalar    |
|data_26_V_read  |  in |   16|   ap_none  |                              data_26_V_read                             |    scalar    |
|data_29_V_read  |  in |   16|   ap_none  |                              data_29_V_read                             |    scalar    |
|data_31_V_read  |  in |   16|   ap_none  |                              data_31_V_read                             |    scalar    |
+----------------+-----+-----+------------+-------------------------------------------------------------------------+--------------+

